Component: ARM Compiler 5.06 update 6 (build 750) Tool: armlink [4d35ed]

==============================================================================

Section Cross References

    ht32f5xxxx_01_it.o(i.HardFault_Handler) refers to ht32f5xxxx_01_it.o(.data) for gIsContinue
    ht32f5xxxx_01_it.o(i.SysTick_Handler) refers to user_adc.o(.data) for uTimeTick500ms
    main.o(i.CKCU_Configuration) refers to ht32f5xxxx_ckcu.o(i.CKCU_PeripClockConfig) for CKCU_PeripClockConfig
    main.o(i.NVIC_Configuration) refers to ht32_cm0plus_misc.o(i.NVIC_SetVectorTable) for NVIC_SetVectorTable
    main.o(i.SysTick_Configuration) refers to ht32_cm0plus_misc.o(i.SYSTICK_ClockSourceConfig) for SYSTICK_ClockSourceConfig
    main.o(i.SysTick_Configuration) refers to ht32_cm0plus_misc.o(i.SYSTICK_SetReloadValue) for SYSTICK_SetReloadValue
    main.o(i.SysTick_Configuration) refers to ht32_cm0plus_misc.o(i.SYSTICK_IntConfig) for SYSTICK_IntConfig
    main.o(i.SysTick_Configuration) refers to ht32_cm0plus_misc.o(i.SYSTICK_CounterCmd) for SYSTICK_CounterCmd
    main.o(i.SysTick_Configuration) refers to system_ht32f5xxxx_04.o(.data) for SystemCoreClock
    main.o(i.main) refers to main.o(i.NVIC_Configuration) for NVIC_Configuration
    main.o(i.main) refers to main.o(i.SysTick_Configuration) for SysTick_Configuration
    main.o(i.main) refers to user_menu.o(i.powerOnIoInit) for powerOnIoInit
    main.o(i.main) refers to user_lptimer.o(i.LPTIMER_Config) for LPTIMER_Config
    main.o(i.main) refers to user_basetime.o(i.BASIC_TIM_Mode_Config) for BASIC_TIM_Mode_Config
    main.o(i.main) refers to user_exti.o(i.EXTI_Key_Config) for EXTI_Key_Config
    main.o(i.main) refers to user_adc.o(i.ADC_Configuration) for ADC_Configuration
    main.o(i.main) refers to user_i2c.o(i.user_I2C_EEPROM_Init) for user_I2C_EEPROM_Init
    main.o(i.main) refers to user_datastore.o(i.FlashInit) for FlashInit
    main.o(i.main) refers to user_i2c.o(i.sigmaAdTest) for sigmaAdTest
    main.o(i.main) refers to user_advtime.o(i.ADVTIM_PWMMODE_Config) for ADVTIM_PWMMODE_Config
    main.o(i.main) refers to user_lcd.o(i.powerOnLcdInit) for powerOnLcdInit
    main.o(i.main) refers to user_i2c.o(i.checkSigmaAdConvertOver) for checkSigmaAdConvertOver
    main.o(i.main) refers to user_menu.o(i.sigmaResultExecute) for sigmaResultExecute
    main.o(i.main) refers to user_key.o(i.funcKeyTask) for funcKeyTask
    main.o(i.main) refers to user_menu.o(i.MenuFunction) for MenuFunction
    main.o(i.main) refers to user_menu.o(i.fucnPer5ms) for fucnPer5ms
    main.o(i.main) refers to user_menu.o(.bss) for userPwmParaStruct
    main.o(i.main) refers to user_i2c.o(.bss) for sigmaAdParas
    main.o(i.main) refers to user_key.o(.data) for vKeyValue
    main.o(i.main) refers to user_lptimer.o(.data) for vSystem5ms
    user_adc.o(i.ADC_Configuration) refers to ht32f5xxxx_ckcu.o(i.CKCU_PeripClockConfig) for CKCU_PeripClockConfig
    user_adc.o(i.ADC_Configuration) refers to ht32f5xxxx_gpio.o(i.AFIO_GPxConfig) for AFIO_GPxConfig
    user_adc.o(i.ADC_Configuration) refers to ht32f5xxxx_ckcu.o(i.CKCU_SetADCnPrescaler) for CKCU_SetADCnPrescaler
    user_adc.o(i.ADC_Configuration) refers to ht32f5xxxx_adc.o(i.ADC_RegularGroupConfig) for ADC_RegularGroupConfig
    user_adc.o(i.ADC_Configuration) refers to user_adc.o(i.ADC_Group1Config) for ADC_Group1Config
    user_adc.o(i.ADC_Configuration) refers to ht32f5xxxx_adc.o(i.ADC_SamplingTimeConfig) for ADC_SamplingTimeConfig
    user_adc.o(i.ADC_Configuration) refers to ht32f5xxxx_adc.o(i.ADC_IntConfig) for ADC_IntConfig
    user_adc.o(i.ADC_Configuration) refers to ht32f5xxxx_adc.o(i.ADC_Cmd) for ADC_Cmd
    user_adc.o(i.ADC_GroupProcess) refers to ht32f5xxxx_adc.o(i.ADC_GetFlagStatus) for ADC_GetFlagStatus
    user_adc.o(i.ADC_GroupProcess) refers to ht32f5xxxx_adc.o(i.ADC_ClearIntPendingBit) for ADC_ClearIntPendingBit
    user_adc.o(i.ADC_GroupProcess) refers to user_adc.o(.bss) for uADCData
    user_adc.o(i.ADC_GroupProcess) refers to user_adc.o(.data) for uADCGroupFinish
    user_adc.o(i.ADC_Group_SoftwareStart) refers to ht32f5xxxx_adc.o(i.ADC_SoftwareStartConvCmd) for ADC_SoftwareStartConvCmd
    user_adc.o(i.ADC_Group_SoftwareStart) refers to user_adc.o(.data) for uADCGroupFinish
    user_adc.o(i.ADC_IRQHandler) refers to user_adc.o(i.ADC_GroupProcess) for ADC_GroupProcess
    user_adc.o(i.ADC_TriggerConfig_Software) refers to ht32f5xxxx_adc.o(i.ADC_RegularTrigConfig) for ADC_RegularTrigConfig
    user_adc.o(i.ADC_TriggerConfig_TM) refers to ht32f5xxxx_adc.o(i.ADC_RegularTrigConfig) for ADC_RegularTrigConfig
    user_adc.o(i.ADC_TriggerConfig_TM) refers to ht32f5xxxx_tm.o(i.TM_Cmd) for TM_Cmd
    user_menu.o(i.GPIO_Init) refers to ht32f5xxxx_gpio.o(i.AFIO_GPxConfig) for AFIO_GPxConfig
    user_menu.o(i.GPIO_Init) refers to ht32f5xxxx_gpio.o(i.GPIO_PullResistorConfig) for GPIO_PullResistorConfig
[...]
    i.I2C_SendData                           0x00001664   Section        0  ht32f5xxxx_i2c.o(i.I2C_SendData)
    i.I2C_TargetAddressConfig                0x00001668   Section        0  ht32f5xxxx_i2c.o(i.I2C_TargetAddressConfig)
    i.LPTIMER_Config                         0x00001688   Section        0  user_lptimer.o(i.LPTIMER_Config)
    i.LoadSettingFromEeprom                  0x000016d0   Section        0  user_datastore.o(i.LoadSettingFromEeprom)
    i.MenuFunction                           0x00001700   Section        0  user_menu.o(i.MenuFunction)
    i.NMI_Handler                            0x00001790   Section        0  ht32f5xxxx_01_it.o(i.NMI_Handler)
    i.NVIC_Configuration                     0x00001792   Section        0  main.o(i.NVIC_Configuration)
    i.NVIC_EnableIRQ                         0x000017a0   Section        0  user_exti.o(i.NVIC_EnableIRQ)
    NVIC_EnableIRQ                           0x000017a1   Thumb Code    14  user_exti.o(i.NVIC_EnableIRQ)
    i.NVIC_SetVectorTable                    0x000017b4   Section        0  ht32_cm0plus_misc.o(i.NVIC_SetVectorTable)
    i.OLED_Set_Pos                           0x000017c8   Section        0  user_lcd.o(i.OLED_Set_Pos)
    i.OLED_ShowCHinese                       0x000017f8   Section        0  user_lcd.o(i.OLED_ShowCHinese)
    i.OLED_ShowChar                          0x00001854   Section        0  user_lcd.o(i.OLED_ShowChar)
    i.OLED_ShowNum                           0x000018c4   Section        0  user_lcd.o(i.OLED_ShowNum)
    i.OLED_ShowString                        0x00001940   Section        0  user_lcd.o(i.OLED_ShowString)
    i.PWRCU_DeInit                           0x00001974   Section        0  ht32f5xxxx_pwrcu.o(i.PWRCU_DeInit)
    i.PendSV_Handler                         0x0000199c   Section        0  ht32f5xxxx_01_it.o(i.PendSV_Handler)
    i.RTC_CMPCLRCmd                          0x000019a0   Section        0  ht32f5xxxx_rtc.o(i.RTC_CMPCLRCmd)
    i.RTC_ClockSourceConfig                  0x000019c4   Section        0  ht32f5xxxx_rtc.o(i.RTC_ClockSourceConfig)
    i.RTC_Cmd                                0x000019dc   Section        0  ht32f5xxxx_rtc.o(i.RTC_Cmd)
    i.RTC_GetFlagStatus                      0x00001a00   Section        0  ht32f5xxxx_rtc.o(i.RTC_GetFlagStatus)
    i.RTC_IRQHandler                         0x00001a0c   Section        0  user_lptimer.o(i.RTC_IRQHandler)
    i.RTC_IntConfig                          0x00001ae0   Section        0  ht32f5xxxx_rtc.o(i.RTC_IntConfig)
    i.RTC_SetCompare                         0x00001b00   Section        0  ht32f5xxxx_rtc.o(i.RTC_SetCompare)
    i.RTC_SetPrescaler                       0x00001b0c   Section        0  ht32f5xxxx_rtc.o(i.RTC_SetPrescaler)
    i.SPI0_IRQHandler                        0x00001b24   Section        0  user_spi.o(i.SPI0_IRQHandler)
    i.SPI_Cmd                                0x00001b26   Section        0  ht32f5xxxx_spi.o(i.SPI_Cmd)
    i.SPI_GetFlagStatus                      0x00001b3e   Section        0  ht32f5xxxx_spi.o(i.SPI_GetFlagStatus)
    i.SPI_Init                               0x00001b58   Section        0  ht32f5xxxx_spi.o(i.SPI_Init)
    i.SPI_SELOutputCmd                       0x00001ba4   Section        0  ht32f5xxxx_spi.o(i.SPI_SELOutputCmd)
    i.SPI_SendByte                           0x00001bbc   Section        0  user_spi.o(i.SPI_SendByte)
    i.SPI_SendData                           0x00001bec   Section        0  ht32f5xxxx_spi.o(i.SPI_SendData)
    i.SVC_Handler                            0x00001bf0   Section        0  ht32f5xxxx_01_it.o(i.SVC_Handler)
    i.SYSTICK_ClockSourceConfig              0x00001bf4   Section        0  ht32_cm0plus_misc.o(i.SYSTICK_ClockSourceConfig)
    i.SYSTICK_CounterCmd                     0x00001c18   Section        0  ht32_cm0plus_misc.o(i.SYSTICK_CounterCmd)
    i.SYSTICK_IntConfig                      0x00001c48   Section        0  ht32_cm0plus_misc.o(i.SYSTICK_IntConfig)
    i.SYSTICK_SetReloadValue                 0x00001c6c   Section        0  ht32_cm0plus_misc.o(i.SYSTICK_SetReloadValue)
    i.StoreData2Flash                        0x00001c78   Section        0  user_datastore.o(i.StoreData2Flash)
    i.StoreNewRecord                         0x00001ca0   Section        0  user_datastore.o(i.StoreNewRecord)
    i.SysTick_Configuration                  0x00001d48   Section        0  main.o(i.SysTick_Configuration)
    i.SysTick_Handler                        0x00001d74   Section        0  ht32f5xxxx_01_it.o(i.SysTick_Handler)
    i.SystemInit                             0x00001d84   Section        0  system_ht32f5xxxx_04.o(i.SystemInit)
    i.TM_ChPolarityConfig                    0x00001dfc   Section        0  ht32f5xxxx_tm.o(i.TM_ChPolarityConfig)
    i.TM_ClearFlag                           0x00001e16   Section        0  ht32f5xxxx_tm.o(i.TM_ClearFlag)
    i.TM_Cmd                                 0x00001e20   Section        0  ht32f5xxxx_tm.o(i.TM_Cmd)
    i.TM_GetCaptureCompare                   0x00001e38   Section        0  ht32f5xxxx_tm.o(i.TM_GetCaptureCompare)
    i.TM_OutputInit                          0x00001e48   Section        0  ht32f5xxxx_tm.o(i.TM_OutputInit)
    i.TM_TimeBaseInit                        0x00001f10   Section        0  ht32f5xxxx_tm.o(i.TM_TimeBaseInit)
    i.TemperatureRecordInit                  0x00001f50   Section        0  user_datastore.o(i.TemperatureRecordInit)
    i.WriteData                              0x00001fac   Section        0  user_spi.o(i.WriteData)
    i.__ARM_clz                              0x00001fc6   Section        0  depilogue.o(i.__ARM_clz)
    i.__scatterload_copy                     0x00001ff4   Section       14  handlers.o(i.__scatterload_copy)
    i.__scatterload_null                     0x00002002   Section        2  handlers.o(i.__scatterload_null)
    i.__scatterload_zeroinit                 0x00002004   Section       14  handlers.o(i.__scatterload_zeroinit)
    i.adcResultProcess                       0x00002014   Section        0  user_menu.o(i.adcResultProcess)
    i.calcTemperature                        0x00002078   Section        0  user_menu.o(i.calcTemperature)
    i.checkSigmaAdConvertOver                0x00002168   Section        0  user_i2c.o(i.checkSigmaAdConvertOver)
    i.checkStts                              0x0000242c   Section        0  user_i2c.o(i.checkStts)
    i.clear                                  0x00002474   Section        0  user_lcd.o(i.clear)
    i.clrMainTemperatureDisplay              0x000024be   Section        0  user_lcd.o(i.clrMainTemperatureDisplay)
    i.convertAmbientTemperature              0x000024dc   Section        0  user_menu.o(i.convertAmbientTemperature)
    i.convertMcuTemperature                  0x00002504   Section        0  user_menu.o(i.convertMcuTemperature)
    i.convertObjectTemperature               0x00002530   Section        0  user_menu.o(i.convertObjectTemperature)
    i.ddl_memclr                             0x00002560   Section        0  user_ddl.o(i.ddl_memclr)
    i.decKeyPressedFunc                      0x00002580   Section        0  user_menu.o(i.decKeyPressedFunc)
    i.delay100us                             0x00002704   Section        0  user_lcd.o(i.delay100us)
    i.displayBigChar                         0x00002724   Section        0  user_lcd.o(i.displayBigChar)
    i.displayBigChinese                      0x0000276a   Section        0  user_lcd.o(i.displayBigChinese)
    i.displayFloat                           0x000027a8   Section        0  user_lcd.o(i.displayFloat)
    i.displaySystemMenu                      0x00002860   Section        0  user_lcd.o(i.displaySystemMenu)
    i.entryCalibrateMode                     0x00002964   Section        0  user_menu.o(i.entryCalibrateMode)
    i.entryNormalModeChk                     0x00002984   Section        0  user_menu.o(i.entryNormalModeChk)
    i.fucnPer100ms                           0x00002992   Section        0  user_menu.o(i.fucnPer100ms)
    i.fucnPer1s                              0x0000299a   Section        0  user_menu.o(i.fucnPer1s)
    i.fucnPer500ms                           0x0000299c   Section        0  user_menu.o(i.fucnPer500ms)
    i.fucnPer50ms                            0x0000299e   Section        0  user_menu.o(i.fucnPer50ms)
    i.fucnPer5ms                             0x000029a0   Section        0  user_menu.o(i.fucnPer5ms)
    i.funcDecKeyReleased                     0x00002a14   Section        0  user_key.o(i.funcDecKeyReleased)
    i.funcIncKeyReleased                     0x00002a40   Section        0  user_key.o(i.funcIncKeyReleased)
    i.funcKeyTask                            0x00002a6c   Section        0  user_key.o(i.funcKeyTask)
    i.funcPowerKeyReleased                   0x00002d38   Section        0  user_key.o(i.funcPowerKeyReleased)
    i.funcSettingKeyReleased                 0x00002d64   Section        0  user_key.o(i.funcSettingKeyReleased)
    i.genConfrimTone                         0x00002d90   Section        0  user_tone.o(i.genConfrimTone)
    i.genErrorTone                           0x00002db4   Section        0  user_tone.o(i.genErrorTone)
    i.genKeyTone                             0x00002dd8   Section        0  user_tone.o(i.genKeyTone)
    i.genStopByteManual                      0x00002dfc   Section        0  user_i2c.o(i.genStopByteManual)
    i.genTonePub                             0x00002e48   Section        0  user_tone.o(i.genTonePub)
    i.getHotThreshold                        0x00002e6c   Section        0  user_menu.o(i.getHotThreshold)
    i.getNumLen                              0x00002eb0   Section        0  user_lcd.o(i.getNumLen)
    i.getObjectTemperature                   0x00002ed0   Section        0  user_menu.o(i.getObjectTemperature)
    i.getResIndex                            0x00002f68   Section        0  user_menu.o(i.getResIndex)
    i.getTemperatureOfAmbient                0x00002fd8   Section        0  user_menu.o(i.getTemperatureOfAmbient)
    i.holdingKeyFunc                         0x00003088   Section        0  user_key.o(i.holdingKeyFunc)
    i.incKeyPressedFunc                      0x000030bc   Section        0  user_menu.o(i.incKeyPressedFunc)
    i.irSensorDataProcess                    0x000032c0   Section        0  user_menu.o(i.irSensorDataProcess)
    i.lcdGpioInit                            0x00003494   Section        0  user_lcd.o(i.lcdGpioInit)
    i.loadSignalRecord                       0x000034b0   Section        0  user_datastore.o(i.loadSignalRecord)
    i.main                                   0x000034fc   Section        0  main.o(i.main)
    i.mainTemperatureDisplay                 0x000035a4   Section        0  user_lcd.o(i.mainTemperatureDisplay)
    i.oledChineseString                      0x000037d0   Section        0  user_lcd.o(i.oledChineseString)
    i.oledDisplayBigChinesePub               0x000037f8   Section        0  user_lcd.o(i.oledDisplayBigChinesePub)
    i.oled_pow                               0x00003858   Section        0  user_lcd.o(i.oled_pow)
    i.powerKeyPressedFunc                    0x00003874   Section        0  user_menu.o(i.powerKeyPressedFunc)
    i.powerOnIoInit                          0x000038bc   Section        0  user_menu.o(i.powerOnIoInit)
    i.powerOnLcdInit                         0x00003948   Section        0  user_lcd.o(i.powerOnLcdInit)
    i.readEepromData                         0x00003a9c   Section        0  user_i2c.o(i.readEepromData)
    i.readSigmaCtrlRegister                  0x00003adc   Section        0  user_i2c.o(i.readSigmaCtrlRegister)
    i.resetEntrySleepTime                    0x00003af8   Section        0  user_menu.o(i.resetEntrySleepTime)
    i.setDecKeyPressedFlag                   0x00003b1c   Section        0  user_key.o(i.setDecKeyPressedFlag)
    i.setGreenLEDToggle                      0x00003b4c   Section        0  user_menu.o(i.setGreenLEDToggle)
    i.setIncKeyPressedFlag                   0x00003b5c   Section        0  user_key.o(i.setIncKeyPressedFlag)
    i.setPowerKeyPressedFlag                 0x00003b8c   Section        0  user_key.o(i.setPowerKeyPressedFlag)
    i.setRedLEDToggle                        0x00003bb4   Section        0  user_menu.o(i.setRedLEDToggle)
    i.setSettingKeyPressedFlag               0x00003bc4   Section        0  user_key.o(i.setSettingKeyPressedFlag)
    i.set_LED_Toggle                         0x00003bf4   Section        0  user_menu.o(i.set_LED_Toggle)
    i.settingKeyLongPressedFunc              0x00003c10   Section        0  user_menu.o(i.settingKeyLongPressedFunc)
    i.settingKeyPressedFunc                  0x00003c4c   Section        0  user_menu.o(i.settingKeyPressedFunc)
    i.sigmaAdTest                            0x00003d10   Section        0  user_i2c.o(i.sigmaAdTest)
    i.sigmaResultExecute                     0x00003d48   Section        0  user_menu.o(i.sigmaResultExecute)
    i.spiIoInit                              0x00003f14   Section        0  user_spi.o(i.spiIoInit)
    i.startSigmaAdConvert                    0x00003f84   Section        0  user_i2c.o(i.startSigmaAdConvert)
    i.stopConvert                            0x000041f4   Section        0  user_i2c.o(i.stopConvert)
    i.temperatureUnitSettingFunc             0x00004250   Section        0  user_menu.o(i.temperatureUnitSettingFunc)
    i.updateAdChlAndStart                    0x00004390   Section        0  user_i2c.o(i.updateAdChlAndStart)
    i.updateArrowDisplay                     0x00004474   Section        0  user_lcd.o(i.updateArrowDisplay)
    i.updateMemDataDisplay                   0x000044bc   Section        0  user_lcd.o(i.updateMemDataDisplay)
    i.updatePWMChXValue                      0x000045e8   Section        0  user_advtime.o(i.updatePWMChXValue)
    i.updatePWMChlDuty                       0x00004658   Section        0  user_advtime.o(i.updatePWMChlDuty)
    i.updateTargetCharacter                  0x0000468c   Section        0  user_lcd.o(i.updateTargetCharacter)
    i.updateThresholdDisplay                 0x000046e8   Section        0  user_lcd.o(i.updateThresholdDisplay)
    i.updateToleranceDisplay                 0x00004734   Section        0  user_lcd.o(i.updateToleranceDisplay)
    i.updateUnitDisplay                      0x000047c4   Section        0  user_lcd.o(i.updateUnitDisplay)
    i.updateVoiceDisplay                     0x00004800   Section        0  user_lcd.o(i.updateVoiceDisplay)
    i.userAbs                                0x00004834   Section        0  user_lcd.o(i.userAbs)
    i.userRound                              0x00004850   Section        0  user_menu.o(i.userRound)
    i.userSpiInit                            0x0000488c   Section        0  user_spi.o(i.userSpiInit)
    i.user_EEPROM_24C256_BufferRead          0x000048d8   Section        0  user_i2c.o(i.user_EEPROM_24C256_BufferRead)
    i.user_EEPROM_24C256_PageWrite           0x000049bc   Section        0  user_i2c.o(i.user_EEPROM_24C256_PageWrite)
    i.user_I2C_EEPROM_AckPolling             0x00004a68   Section        0  user_i2c.o(i.user_I2C_EEPROM_AckPolling)
    i.user_I2C_EEPROM_BufferRead             0x00004af8   Section        0  user_i2c.o(i.user_I2C_EEPROM_BufferRead)
    i.user_I2C_EEPROM_BufferWrite            0x00004b98   Section        0  user_i2c.o(i.user_I2C_EEPROM_BufferWrite)
    i.user_I2C_EEPROM_Init                   0x00004bdc   Section        0  user_i2c.o(i.user_I2C_EEPROM_Init)
    i.user_I2C_EEPROM_PageWrite              0x00004c48   Section        0  user_i2c.o(i.user_I2C_EEPROM_PageWrite)
    i.voiceFunc                              0x00004cb4   Section        0  user_tone.o(i.voiceFunc)
    i.writeEepromData                        0x00004d38   Section        0  user_i2c.o(i.writeEepromData)
    i.writeLcdCommand                        0x00004d78   Section        0  user_lcd.o(i.writeLcdCommand)
    i.writeLcdData                           0x00004da0   Section        0  user_lcd.o(i.writeLcdData)
    i.writeSigmaCtrlRegister                 0x00004dc0   Section        0  user_i2c.o(i.writeSigmaCtrlRegister)
    .constdata                               0x00004ddc   Section     2488  user_menu.o(.constdata)
    .constdata                               0x00005794   Section       40  user_tone.o(.constdata)
    .constdata                               0x000057bc   Section     3890  user_lcd.o(.constdata)
    .constdata                               0x000066f0   Section       68  ht32_board.o(.constdata)
    .data                                    0x20000000   Section        4  ht32f5xxxx_01_it.o(.data)
    gIsContinue                              0x20000000   Data           4  ht32f5xxxx_01_it.o(.data)
    .data                                    0x20000004   Section       12  user_adc.o(.data)
    .data                                    0x20000010   Section       68  user_menu.o(.data)
    .data                                    0x20000054   Section        9  user_lptimer.o(.data)
    .data                                    0x20000060   Section        6  user_basetime.o(.data)
    .data                                    0x20000066   Section       23  user_key.o(.data)
    .data                                    0x20000080   Section        4  user_advtime.o(.data)
    .data                                    0x20000084   Section        1  user_i2c.o(.data)
    .data                                    0x20000088   Section        4  user_datastore.o(.data)
    .data                                    0x2000008c   Section        4  system_ht32f5xxxx_04.o(.data)
    .bss                                     0x20000090   Section       32  user_adc.o(.bss)
    .bss                                     0x200000b0   Section       68  user_menu.o(.bss)
    .bss                                     0x200000f4   Section       16  user_advtime.o(.bss)
    .bss                                     0x20000104   Section       16  user_tone.o(.bss)
    .bss                                     0x20000114   Section       16  user_i2c.o(.bss)
    .bss                                     0x20000124   Section       64  user_datastore.o(.bss)
    STACK                                    0x20000168   Section      512  startup_ht32f5xxxx_02.o(STACK)

    Global Symbols

    Symbol Name                              Value     Ov Type        Size  Object(Section)

    BuildAttributes$$THM_ISAv3M$S$PE$A:L22$X:L11$S22$IEEE1$IW$USESV6$~STKCKD$USESV7$~SHL$OTIME$ROPI$EBA8$MICROLIB$REQ8$PRES8$EABIv2 0x00000000   Number         0  anon$$obj.o ABSOLUTE
    __ARM_use_no_argv                        0x00000000   Number         0  main.o ABSOLUTE
    __Vectors                                0x00000000   Data           0  startup_ht32f5xxxx_02.o(RESET)
    __use_no_errno                           0x00000000   Number         0  useno.o ABSOLUTE
    __use_no_exception_handling              0x00000000   Number         0  useno.o ABSOLUTE
    __use_no_fp                              0x00000000   Number         0  useno.o ABSOLUTE
    __use_no_heap                            0x00000000   Number         0  useno.o ABSOLUTE
    __use_no_heap_region                     0x00000000   Number         0  useno.o ABSOLUTE
    __use_no_semihosting                     0x00000000   Number         0  useno.o ABSOLUTE
    __use_no_semihosting_swi                 0x00000000   Number         0  useno.o ABSOLUTE
    __use_no_signal_handling                 0x00000000   Number         0  useno.o ABSOLUTE
    __cpp_initialize__aeabi_                  - Undefined Weak Reference
    __cxa_finalize                            - Undefined Weak Reference
    __decompress                              - Undefined Weak Reference
    _clock_init                               - Undefined Weak Reference
    _microlib_exit                            - Undefined Weak Reference
    Reset_Handler                            0x000000ad   Thumb Code     8  startup_ht32f5xxxx_02.o(RESET)
    BFTM1_IRQHandler                         0x0000011d   Thumb Code     0  startup_ht32f5xxxx_02.o(RESET)
    EVWUP_IRQHandler                         0x0000011d   Thumb Code     0  startup_ht32f5xxxx_02.o(RESET)
    FLASH_IRQHandler                         0x0000011d   Thumb Code     0  startup_ht32f5xxxx_02.o(RESET)
    I2C0_IRQHandler                          0x0000011d   Thumb Code     0  startup_ht32f5xxxx_02.o(RESET)
    I2C1_IRQHandler                          0x0000011d   Thumb Code     0  startup_ht32f5xxxx_02.o(RESET)
    LVD_BOD_IRQHandler                       0x0000011d   Thumb Code     0  startup_ht32f5xxxx_02.o(RESET)
    MCTM0_IRQHandler                         0x0000011d   Thumb Code     0  startup_ht32f5xxxx_02.o(RESET)
    PWM0_IRQHandler                          0x0000011d   Thumb Code     0  startup_ht32f5xxxx_02.o(RESET)
    PWM1_IRQHandler                          0x0000011d   Thumb Code     0  startup_ht32f5xxxx_02.o(RESET)
    SPI1_IRQHandler                          0x0000011d   Thumb Code     0  startup_ht32f5xxxx_02.o(RESET)
    UART0_IRQHandler                         0x0000011d   Thumb Code     0  startup_ht32f5xxxx_02.o(RESET)
    UART1_IRQHandler                         0x0000011d   Thumb Code     0  startup_ht32f5xxxx_02.o(RESET)
    USART0_IRQHandler                        0x0000011d   Thumb Code     0  startup_ht32f5xxxx_02.o(RESET)
    __main                                   0x00000149   Thumb Code     0  entry.o(.ARM.Collect$$$$00000000)
    _main_stk                                0x00000149   Thumb Code     0  entry2.o(.ARM.Collect$$$$00000001)
    _main_scatterload                        0x0000014d   Thumb Code     0  entry5.o(.ARM.Collect$$$$00000004)
    __main_after_scatterload                 0x00000151   Thumb Code     0  entry5.o(.ARM.Collect$$$$00000004)
    _main_clock                              0x00000151   Thumb Code     0  entry7b.o(.ARM.Collect$$$$00000008)
    _main_cpp_init                           0x00000151   Thumb Code     0  entry8b.o(.ARM.Collect$$$$0000000A)
    _main_init                               0x00000151   Thumb Code     0  entry9a.o(.ARM.Collect$$$$0000000B)
    __rt_final_cpp                           0x00000159   Thumb Code     0  entry10a.o(.ARM.Collect$$$$0000000D)
    __rt_final_exit                          0x00000159   Thumb Code     0  entry11a.o(.ARM.Collect$$$$0000000F)
    __aeabi_uidiv                            0x0000015d   Thumb Code     0  uidiv.o(.text)
    __aeabi_uidivmod                         0x0000015d   Thumb Code    44  uidiv.o(.text)
    __aeabi_idiv                             0x00000189   Thumb Code     0  idiv.o(.text)
    __aeabi_idivmod                          0x00000189   Thumb Code    40  idiv.o(.text)
    __aeabi_memcpy                           0x000001b1   Thumb Code    36  memcpya.o(.text)
    __aeabi_memcpy4                          0x000001b1   Thumb Code     0  memcpya.o(.text)
    __aeabi_memcpy8                          0x000001b1   Thumb Code     0  memcpya.o(.text)
    __aeabi_fadd                             0x000001d5   Thumb Code   162  fadd.o(.text)
    __aeabi_fsub                             0x00000277   Thumb Code     8  fadd.o(.text)
    __aeabi_frsub                            0x0000027f   Thumb Code     8  fadd.o(.text)
    __aeabi_fmul                             0x00000287   Thumb Code   122  fmul.o(.text)
    __aeabi_fdiv                             0x00000301   Thumb Code   124  fdiv.o(.text)
    __aeabi_dadd                             0x0000037d   Thumb Code   328  dadd.o(.text)
    __aeabi_dsub                             0x000004c5   Thumb Code    12  dadd.o(.text)
    __aeabi_drsub                            0x000004d1   Thumb Code    12  dadd.o(.text)
    __aeabi_dmul                             0x000004e1   Thumb Code   202  dmul.o(.text)
    __aeabi_ddiv                             0x000005b1   Thumb Code   234  ddiv.o(.text)
    __aeabi_i2f                              0x000006a1   Thumb Code    22  fflti.o(.text)
    __aeabi_ui2f                             0x000006b7   Thumb Code    14  ffltui.o(.text)
    __aeabi_i2d                              0x000006c5   Thumb Code    34  dflti.o(.text)
    __aeabi_ui2d                             0x000006ed   Thumb Code    24  dfltui.o(.text)
    __aeabi_f2uiz                            0x00000709   Thumb Code    40  ffixui.o(.text)
    __aeabi_d2uiz                            0x00000731   Thumb Code    50  dfixui.o(.text)
    __aeabi_f2d                              0x0000076d   Thumb Code    40  f2d.o(.text)
    __aeabi_cdcmpeq                          0x00000795   Thumb Code     0  cdcmple.o(.text)
    __aeabi_cdcmple                          0x00000795   Thumb Code    38  cdcmple.o(.text)
    __aeabi_cdrcmple                         0x000007bd   Thumb Code    38  cdrcmple.o(.text)
    __aeabi_d2f                              0x000007e5   Thumb Code    56  d2f.o(.text)
    __aeabi_cfcmpeq                          0x0000081d   Thumb Code     0  cfcmple.o(.text)
    __aeabi_cfcmple                          0x0000081d   Thumb Code    20  cfcmple.o(.text)
    __aeabi_cfrcmple                         0x00000831   Thumb Code    20  cfrcmple.o(.text)
    __aeabi_llsl                             0x00000845   Thumb Code    32  llshl.o(.text)
    _ll_shift_l                              0x00000845   Thumb Code     0  llshl.o(.text)
    __aeabi_llsr                             0x00000865   Thumb Code    34  llushr.o(.text)
    _ll_ushift_r                             0x00000865   Thumb Code     0  llushr.o(.text)
    __aeabi_lasr                             0x00000887   Thumb Code    38  llsshr.o(.text)
    _ll_sshift_r                             0x00000887   Thumb Code     0  llsshr.o(.text)
    __I$use$fp                               0x000008ad   Thumb Code     0  iusefp.o(.text)
    _float_round                             0x000008ad   Thumb Code    16  fepilogue.o(.text)
    _float_epilogue                          0x000008bd   Thumb Code   114  fepilogue.o(.text)
    _double_round                            0x0000092f   Thumb Code    26  depilogue.o(.text)
    _double_epilogue                         0x00000949   Thumb Code   164  depilogue.o(.text)
    __scatterload                            0x000009ed   Thumb Code    28  init.o(.text)
    __scatterload_rt2                        0x000009ed   Thumb Code     0  init.o(.text)
    ADC_ClearIntPendingBit                   0x00000a11   Thumb Code     6  ht32f5xxxx_adc.o(i.ADC_ClearIntPendingBit)
    ADC_Cmd                                  0x00000a17   Thumb Code    24  ht32f5xxxx_adc.o(i.ADC_Cmd)
    ADC_Configuration                        0x00000a31   Thumb Code   332  user_adc.o(i.ADC_Configuration)
    ADC_GetFlagStatus                        0x00000b85   Thumb Code    20  ht32f5xxxx_adc.o(i.ADC_GetFlagStatus)
    ADC_Group1Config                         0x00000b99   Thumb Code    36  user_adc.o(i.ADC_Group1Config)
    ADC_GroupProcess                         0x00000bcd   Thumb Code   112  user_adc.o(i.ADC_GroupProcess)
    ADC_IRQHandler                           0x00000c49   Thumb Code     8  user_adc.o(i.ADC_IRQHandler)
    ADC_IntConfig                            0x00000c51   Thumb Code    30  ht32f5xxxx_adc.o(i.ADC_IntConfig)
    ADC_RegularGroupConfig                   0x00000c6f   Thumb Code    32  ht32f5xxxx_adc.o(i.ADC_RegularGroupConfig)
    ADC_SamplingTimeConfig                   0x00000c8f   Thumb Code     4  ht32f5xxxx_adc.o(i.ADC_SamplingTimeConfig)
    ADVTIM_PWMMODE_Config                    0x00000c95   Thumb Code   308  user_advtime.o(i.ADVTIM_PWMMODE_Config)
    AFIO_EXTISourceConfig                    0x00000dd1   Thumb Code    58  ht32f5xxxx_gpio.o(i.AFIO_EXTISourceConfig)
    AFIO_GPxConfig                           0x00000e11   Thumb Code    94  ht32f5xxxx_gpio.o(i.AFIO_GPxConfig)
    BASIC_TIM_Mode_Config                    0x00000e75   Thumb Code    62  user_basetime.o(i.BASIC_TIM_Mode_Config)
    BFTM0_IRQHandler                         0x00000ec1   Thumb Code    36  user_basetime.o(i.BFTM0_IRQHandler)
    BFTM_ClearFlag                           0x00000ef1   Thumb Code    14  ht32f5xxxx_bftm.o(i.BFTM_ClearFlag)
    BFTM_EnaCmd                              0x00000eff   Thumb Code    24  ht32f5xxxx_bftm.o(i.BFTM_EnaCmd)
    BFTM_IntConfig                           0x00000f17   Thumb Code    24  ht32f5xxxx_bftm.o(i.BFTM_IntConfig)
    BFTM_SetCompare                          0x00000f2f   Thumb Code     4  ht32f5xxxx_bftm.o(i.BFTM_SetCompare)
    BFTM_SetCounter                          0x00000f33   Thumb Code     4  ht32f5xxxx_bftm.o(i.BFTM_SetCounter)
    CKCU_GetClockReadyStatus                 0x00000f39   Thumb Code    20  ht32f5xxxx_ckcu.o(i.CKCU_GetClockReadyStatus)
    CKCU_GetClocksFrequency                  0x00000f51   Thumb Code   120  ht32f5xxxx_ckcu.o(i.CKCU_GetClocksFrequency)
    CKCU_GetPeripFrequency                   0x00000fd1   Thumb Code    48  ht32f5xxxx_ckcu.o(i.CKCU_GetPeripFrequency)
    CKCU_PeripClockConfig                    0x00001005   Thumb Code    60  ht32f5xxxx_ckcu.o(i.CKCU_PeripClockConfig)
    CKCU_SetADCnPrescaler                    0x00001045   Thumb Code    22  ht32f5xxxx_ckcu.o(i.CKCU_SetADCnPrescaler)
    CaptureProcess                           0x00001061   Thumb Code    74  user_advtime.o(i.CaptureProcess)
    EXTI0_1_IRQHandler                       0x000010ab   Thumb Code    32  user_exti.o(i.EXTI0_1_IRQHandler)
    EXTI2_3_IRQHandler                       0x000010cb   Thumb Code    32  user_exti.o(i.EXTI2_3_IRQHandler)
    EXTI4_15_IRQHandler                      0x000010ed   Thumb Code   228  user_exti.o(i.EXTI4_15_IRQHandler)
    EXTI_ClearEdgeFlag                       0x000011d5   Thumb Code    16  ht32f5xxxx_exti.o(i.EXTI_ClearEdgeFlag)
    EXTI_GetEdgeFlag                         0x000011e9   Thumb Code    24  ht32f5xxxx_exti.o(i.EXTI_GetEdgeFlag)
    EXTI_Init                                0x00001205   Thumb Code    28  ht32f5xxxx_exti.o(i.EXTI_Init)
    EXTI_IntConfig                           0x00001225   Thumb Code    36  ht32f5xxxx_exti.o(i.EXTI_IntConfig)
    EXTI_Key_Config                          0x0000124d   Thumb Code   140  user_exti.o(i.EXTI_Key_Config)
    FlashInit                                0x000012dd   Thumb Code    32  user_datastore.o(i.FlashInit)
    GPIO_DirectionConfig                     0x00001305   Thumb Code    20  ht32f5xxxx_gpio.o(i.GPIO_DirectionConfig)
    GPIO_DriveConfig                         0x00001319   Thumb Code    56  ht32f5xxxx_gpio.o(i.GPIO_DriveConfig)
    GPIO_EXTILineConfig                      0x00001351   Thumb Code   120  user_exti.o(i.GPIO_EXTILineConfig)
    GPIO_Init                                0x000013c9   Thumb Code    66  user_menu.o(i.GPIO_Init)
    GPIO_InputConfig                         0x0000140b   Thumb Code    20  ht32f5xxxx_gpio.o(i.GPIO_InputConfig)
    GPIO_PullResistorConfig                  0x0000141f   Thumb Code    50  ht32f5xxxx_gpio.o(i.GPIO_PullResistorConfig)
    GPIO_ReadInBit                           0x00001451   Thumb Code    18  ht32f5xxxx_gpio.o(i.GPIO_ReadInBit)
    GPIO_WriteOutBits                        0x00001463   Thumb Code    12  ht32f5xxxx_gpio.o(i.GPIO_WriteOutBits)
    GPTM0_IRQHandler                         0x00001471   Thumb Code   150  user_advtime.o(i.GPTM0_IRQHandler)
    HardFault_Handler                        0x00001515   Thumb Code    12  ht32f5xxxx_01_it.o(i.HardFault_Handler)
    I2C_AckCmd                               0x00001525   Thumb Code    24  ht32f5xxxx_i2c.o(i.I2C_AckCmd)
    I2C_CheckStatus                          0x0000153d   Thumb Code    16  ht32f5xxxx_i2c.o(i.I2C_CheckStatus)
    I2C_ClearFlag                            0x0000154d   Thumb Code     4  ht32f5xxxx_i2c.o(i.I2C_ClearFlag)
    I2C_Cmd                                  0x00001551   Thumb Code    24  ht32f5xxxx_i2c.o(i.I2C_Cmd)
    I2C_GenerateSTOP                         0x00001569   Thumb Code    10  ht32f5xxxx_i2c.o(i.I2C_GenerateSTOP)
    I2C_GetFlagStatus                        0x00001573   Thumb Code    18  ht32f5xxxx_i2c.o(i.I2C_GetFlagStatus)
    I2C_Init                                 0x00001585   Thumb Code   208  ht32f5xxxx_i2c.o(i.I2C_Init)
    I2C_ReceiveData                          0x0000165d   Thumb Code     8  ht32f5xxxx_i2c.o(i.I2C_ReceiveData)
    I2C_SendData                             0x00001665   Thumb Code     4  ht32f5xxxx_i2c.o(i.I2C_SendData)
    I2C_TargetAddressConfig                  0x00001669   Thumb Code    30  ht32f5xxxx_i2c.o(i.I2C_TargetAddressConfig)
    LPTIMER_Config                           0x00001689   Thumb Code    68  user_lptimer.o(i.LPTIMER_Config)
    LoadSettingFromEeprom                    0x000016d1   Thumb Code    38  user_datastore.o(i.LoadSettingFromEeprom)
    MenuFunction                             0x00001701   Thumb Code   132  user_menu.o(i.MenuFunction)
    NMI_Handler                              0x00001791   Thumb Code     2  ht32f5xxxx_01_it.o(i.NMI_Handler)
    NVIC_Configuration                       0x00001793   Thumb Code    12  main.o(i.NVIC_Configuration)
    NVIC_SetVectorTable                      0x000017b5   Thumb Code    12  ht32_cm0plus_misc.o(i.NVIC_SetVectorTable)
    OLED_Set_Pos                             0x000017c9   Thumb Code    46  user_lcd.o(i.OLED_Set_Pos)
    OLED_ShowCHinese                         0x000017f9   Thumb Code    88  user_lcd.o(i.OLED_ShowCHinese)
    OLED_ShowChar                            0x00001855   Thumb Code   106  user_lcd.o(i.OLED_ShowChar)
    OLED_ShowNum                             0x000018c5   Thumb Code   124  user_lcd.o(i.OLED_ShowNum)
    OLED_ShowString                          0x00001941   Thumb Code    50  user_lcd.o(i.OLED_ShowString)
    PWRCU_DeInit                             0x00001975   Thumb Code    34  ht32f5xxxx_pwrcu.o(i.PWRCU_DeInit)
    PendSV_Handler                           0x0000199d   Thumb Code     2  ht32f5xxxx_01_it.o(i.PendSV_Handler)
    RTC_CMPCLRCmd                            0x000019a1   Thumb Code    32  ht32f5xxxx_rtc.o(i.RTC_CMPCLRCmd)
    RTC_ClockSourceConfig                    0x000019c5   Thumb Code    18  ht32f5xxxx_rtc.o(i.RTC_ClockSourceConfig)
    RTC_Cmd                                  0x000019dd   Thumb Code    32  ht32f5xxxx_rtc.o(i.RTC_Cmd)
    RTC_GetFlagStatus                        0x00001a01   Thumb Code     8  ht32f5xxxx_rtc.o(i.RTC_GetFlagStatus)
    RTC_IRQHandler                           0x00001a0d   Thumb Code   174  user_lptimer.o(i.RTC_IRQHandler)
    RTC_IntConfig                            0x00001ae1   Thumb Code    28  ht32f5xxxx_rtc.o(i.RTC_IntConfig)
    RTC_SetCompare                           0x00001b01   Thumb Code     6  ht32f5xxxx_rtc.o(i.RTC_SetCompare)
    RTC_SetPrescaler                         0x00001b0d   Thumb Code    16  ht32f5xxxx_rtc.o(i.RTC_SetPrescaler)
    SPI0_IRQHandler                          0x00001b25   Thumb Code     2  user_spi.o(i.SPI0_IRQHandler)
    SPI_Cmd                                  0x00001b27   Thumb Code    24  ht32f5xxxx_spi.o(i.SPI_Cmd)
    SPI_GetFlagStatus                        0x00001b3f   Thumb Code    26  ht32f5xxxx_spi.o(i.SPI_GetFlagStatus)
    SPI_Init                                 0x00001b59   Thumb Code    76  ht32f5xxxx_spi.o(i.SPI_Init)
    SPI_SELOutputCmd                         0x00001ba5   Thumb Code    24  ht32f5xxxx_spi.o(i.SPI_SELOutputCmd)
    SPI_SendByte                             0x00001bbd   Thumb Code    38  user_spi.o(i.SPI_SendByte)
    SPI_SendData                             0x00001bed   Thumb Code     4  ht32f5xxxx_spi.o(i.SPI_SendData)
    SVC_Handler                              0x00001bf1   Thumb Code     2  ht32f5xxxx_01_it.o(i.SVC_Handler)
    SYSTICK_ClockSourceConfig                0x00001bf5   Thumb Code    32  ht32_cm0plus_misc.o(i.SYSTICK_ClockSourceConfig)
    SYSTICK_CounterCmd                       0x00001c19   Thumb Code    44  ht32_cm0plus_misc.o(i.SYSTICK_CounterCmd)
    SYSTICK_IntConfig                        0x00001c49   Thumb Code    32  ht32_cm0plus_misc.o(i.SYSTICK_IntConfig)
    SYSTICK_SetReloadValue                   0x00001c6d   Thumb Code     6  ht32_cm0plus_misc.o(i.SYSTICK_SetReloadValue)
    StoreData2Flash                          0x00001c79   Thumb Code    30  user_datastore.o(i.StoreData2Flash)
    StoreNewRecord                           0x00001ca1   Thumb Code   158  user_datastore.o(i.StoreNewRecord)
    SysTick_Configuration                    0x00001d49   Thumb Code    40  main.o(i.SysTick_Configuration)
    SysTick_Handler                          0x00001d75   Thumb Code    12  ht32f5xxxx_01_it.o(i.SysTick_Handler)
    SystemInit                               0x00001d85   Thumb Code   110  system_ht32f5xxxx_04.o(i.SystemInit)
    TM_ChPolarityConfig                      0x00001dfd   Thumb Code    26  ht32f5xxxx_tm.o(i.TM_ChPolarityConfig)
    TM_ClearFlag                             0x00001e17   Thumb Code    10  ht32f5xxxx_tm.o(i.TM_ClearFlag)
    TM_Cmd                                   0x00001e21   Thumb Code    24  ht32f5xxxx_tm.o(i.TM_Cmd)
    TM_GetCaptureCompare                     0x00001e39   Thumb Code    16  ht32f5xxxx_tm.o(i.TM_GetCaptureCompare)
    TM_OutputInit                            0x00001e49   Thumb Code   196  ht32f5xxxx_tm.o(i.TM_OutputInit)
    TM_TimeBaseInit                          0x00001f11   Thumb Code    58  ht32f5xxxx_tm.o(i.TM_TimeBaseInit)
    TemperatureRecordInit                    0x00001f51   Thumb Code    82  user_datastore.o(i.TemperatureRecordInit)
    WriteData                                0x00001fad   Thumb Code    26  user_spi.o(i.WriteData)
    __ARM_clz                                0x00001fc7   Thumb Code    46  depilogue.o(i.__ARM_clz)
    __scatterload_copy                       0x00001ff5   Thumb Code    14  handlers.o(i.__scatterload_copy)
    __scatterload_null                       0x00002003   Thumb Code     2  handlers.o(i.__scatterload_null)
    __scatterload_zeroinit                   0x00002005   Thumb Code    14  handlers.o(i.__scatterload_zeroinit)
    adcResultProcess                         0x00002015   Thumb Code    82  user_menu.o(i.adcResultProcess)
    calcTemperature                          0x00002079   Thumb Code   212  user_menu.o(i.calcTemperature)
    checkSigmaAdConvertOver                  0x00002169   Thumb Code   646  user_i2c.o(i.checkSigmaAdConvertOver)
    checkStts                                0x0000242d   Thumb Code    66  user_i2c.o(i.checkStts)
    clear                                    0x00002475   Thumb Code    74  user_lcd.o(i.clear)
    clrMainTemperatureDisplay                0x000024bf   Thumb Code    30  user_lcd.o(i.clrMainTemperatureDisplay)
    convertAmbientTemperature                0x000024dd   Thumb Code    36  user_menu.o(i.convertAmbientTemperature)
    convertMcuTemperature                    0x00002505   Thumb Code    40  user_menu.o(i.convertMcuTemperature)
    convertObjectTemperature                 0x00002531   Thumb Code    42  user_menu.o(i.convertObjectTemperature)
    ddl_memclr                               0x00002561   Thumb Code    32  user_ddl.o(i.ddl_memclr)
    decKeyPressedFunc                        0x00002581   Thumb Code   368  user_menu.o(i.decKeyPressedFunc)
    delay100us                               0x00002705   Thumb Code    32  user_lcd.o(i.delay100us)
    displayBigChar                           0x00002725   Thumb Code    70  user_lcd.o(i.displayBigChar)
    displayBigChinese                        0x0000276b   Thumb Code    62  user_lcd.o(i.displayBigChinese)
    displayFloat                             0x000027a9   Thumb Code   184  user_lcd.o(i.displayFloat)
    displaySystemMenu                        0x00002861   Thumb Code   218  user_lcd.o(i.displaySystemMenu)
    entryCalibrateMode                       0x00002965   Thumb Code    26  user_menu.o(i.entryCalibrateMode)
    entryNormalModeChk                       0x00002985   Thumb Code    14  user_menu.o(i.entryNormalModeChk)
    fucnPer100ms                             0x00002993   Thumb Code     8  user_menu.o(i.fucnPer100ms)
    fucnPer1s                                0x0000299b   Thumb Code     2  user_menu.o(i.fucnPer1s)
    fucnPer500ms                             0x0000299d   Thumb Code     2  user_menu.o(i.fucnPer500ms)
    fucnPer50ms                              0x0000299f   Thumb Code     2  user_menu.o(i.fucnPer50ms)
    fucnPer5ms                               0x000029a1   Thumb Code    94  user_menu.o(i.fucnPer5ms)
    funcDecKeyReleased                       0x00002a15   Thumb Code    32  user_key.o(i.funcDecKeyReleased)
    funcIncKeyReleased                       0x00002a41   Thumb Code    32  user_key.o(i.funcIncKeyReleased)
    funcKeyTask                              0x00002a6d   Thumb Code   668  user_key.o(i.funcKeyTask)
    funcPowerKeyReleased                     0x00002d39   Thumb Code    32  user_key.o(i.funcPowerKeyReleased)
    funcSettingKeyReleased                   0x00002d65   Thumb Code    32  user_key.o(i.funcSettingKeyReleased)
    genConfrimTone                           0x00002d91   Thumb Code    24  user_tone.o(i.genConfrimTone)
    genErrorTone                             0x00002db5   Thumb Code    24  user_tone.o(i.genErrorTone)
    genKeyTone                               0x00002dd9   Thumb Code    24  user_tone.o(i.genKeyTone)
    genStopByteManual                        0x00002dfd   Thumb Code    68  user_i2c.o(i.genStopByteManual)
    genTonePub                               0x00002e49   Thumb Code    26  user_tone.o(i.genTonePub)
    getHotThreshold                          0x00002e6d   Thumb Code    56  user_menu.o(i.getHotThreshold)
    getNumLen                                0x00002eb1   Thumb Code    32  user_lcd.o(i.getNumLen)
    getObjectTemperature                     0x00002ed1   Thumb Code   140  user_menu.o(i.getObjectTemperature)
    getResIndex                              0x00002f69   Thumb Code   100  user_menu.o(i.getResIndex)
    getTemperatureOfAmbient                  0x00002fd9   Thumb Code   162  user_menu.o(i.getTemperatureOfAmbient)
    holdingKeyFunc                           0x00003089   Thumb Code    38  user_key.o(i.holdingKeyFunc)
    incKeyPressedFunc                        0x000030bd   Thumb Code   476  user_menu.o(i.incKeyPressedFunc)
    irSensorDataProcess                      0x000032c1   Thumb Code   444  user_menu.o(i.irSensorDataProcess)
    lcdGpioInit                              0x00003495   Thumb Code    24  user_lcd.o(i.lcdGpioInit)
    loadSignalRecord                         0x000034b1   Thumb Code    68  user_datastore.o(i.loadSignalRecord)
    main                                     0x000034fd   Thumb Code   136  main.o(i.main)
    mainTemperatureDisplay                   0x000035a5   Thumb Code   530  user_lcd.o(i.mainTemperatureDisplay)
    oledChineseString                        0x000037d1   Thumb Code    40  user_lcd.o(i.oledChineseString)
    oledDisplayBigChinesePub                 0x000037f9   Thumb Code    90  user_lcd.o(i.oledDisplayBigChinesePub)
    oled_pow                                 0x00003859   Thumb Code    26  user_lcd.o(i.oled_pow)
    powerKeyPressedFunc                      0x00003875   Thumb Code    58  user_menu.o(i.powerKeyPressedFunc)
    powerOnIoInit                            0x000038bd   Thumb Code   130  user_menu.o(i.powerOnIoInit)
    powerOnLcdInit                           0x00003949   Thumb Code   304  user_lcd.o(i.powerOnLcdInit)
    readEepromData                           0x00003a9d   Thumb Code    58  user_i2c.o(i.readEepromData)
    readSigmaCtrlRegister                    0x00003add   Thumb Code    24  user_i2c.o(i.readSigmaCtrlRegister)
    resetEntrySleepTime                      0x00003af9   Thumb Code    24  user_menu.o(i.resetEntrySleepTime)
    setDecKeyPressedFlag                     0x00003b1d   Thumb Code    34  user_key.o(i.setDecKeyPressedFlag)
    setGreenLEDToggle                        0x00003b4d   Thumb Code    14  user_menu.o(i.setGreenLEDToggle)
    setIncKeyPressedFlag                     0x00003b5d   Thumb Code    34  user_key.o(i.setIncKeyPressedFlag)
    setPowerKeyPressedFlag                   0x00003b8d   Thumb Code    28  user_key.o(i.setPowerKeyPressedFlag)
    setRedLEDToggle                          0x00003bb5   Thumb Code    14  user_menu.o(i.setRedLEDToggle)
    setSettingKeyPressedFlag                 0x00003bc5   Thumb Code    34  user_key.o(i.setSettingKeyPressedFlag)
    set_LED_Toggle                           0x00003bf5   Thumb Code    22  user_menu.o(i.set_LED_Toggle)
    settingKeyLongPressedFunc                0x00003c11   Thumb Code    52  user_menu.o(i.settingKeyLongPressedFunc)
    settingKeyPressedFunc                    0x00003c4d   Thumb Code   184  user_menu.o(i.settingKeyPressedFunc)
    sigmaAdTest                              0x00003d11   Thumb Code    56  user_i2c.o(i.sigmaAdTest)
    sigmaResultExecute                       0x00003d49   Thumb Code   420  user_menu.o(i.sigmaResultExecute)
    spiIoInit                                0x00003f15   Thumb Code   106  user_spi.o(i.spiIoInit)
    startSigmaAdConvert                      0x00003f85   Thumb Code   616  user_i2c.o(i.startSigmaAdConvert)
    stopConvert                              0x000041f5   Thumb Code    90  user_i2c.o(i.stopConvert)
    temperatureUnitSettingFunc               0x00004251   Thumb Code   286  user_menu.o(i.temperatureUnitSettingFunc)
    updateAdChlAndStart                      0x00004391   Thumb Code   222  user_i2c.o(i.updateAdChlAndStart)
    updateArrowDisplay                       0x00004475   Thumb Code    66  user_lcd.o(i.updateArrowDisplay)
    updateMemDataDisplay                     0x000044bd   Thumb Code   272  user_lcd.o(i.updateMemDataDisplay)
    updatePWMChXValue                        0x000045e9   Thumb Code   106  user_advtime.o(i.updatePWMChXValue)
    updatePWMChlDuty                         0x00004659   Thumb Code    46  user_advtime.o(i.updatePWMChlDuty)
    updateTargetCharacter                    0x0000468d   Thumb Code    70  user_lcd.o(i.updateTargetCharacter)
    updateThresholdDisplay                   0x000046e9   Thumb Code    68  user_lcd.o(i.updateThresholdDisplay)
    updateToleranceDisplay                   0x00004735   Thumb Code   130  user_lcd.o(i.updateToleranceDisplay)
    updateUnitDisplay                        0x000047c5   Thumb Code    54  user_lcd.o(i.updateUnitDisplay)
    updateVoiceDisplay                       0x00004801   Thumb Code    44  user_lcd.o(i.updateVoiceDisplay)
    userAbs                                  0x00004835   Thumb Code    28  user_lcd.o(i.userAbs)
    userRound                                0x00004851   Thumb Code    50  user_menu.o(i.userRound)
    userSpiInit                              0x0000488d   Thumb Code    72  user_spi.o(i.userSpiInit)
    user_EEPROM_24C256_BufferRead            0x000048d9   Thumb Code   224  user_i2c.o(i.user_EEPROM_24C256_BufferRead)
    user_EEPROM_24C256_PageWrite             0x000049bd   Thumb Code   170  user_i2c.o(i.user_EEPROM_24C256_PageWrite)
    user_I2C_EEPROM_AckPolling               0x00004a69   Thumb Code   140  user_i2c.o(i.user_I2C_EEPROM_AckPolling)
    user_I2C_EEPROM_BufferRead               0x00004af9   Thumb Code   156  user_i2c.o(i.user_I2C_EEPROM_BufferRead)
    user_I2C_EEPROM_BufferWrite              0x00004b99   Thumb Code    68  user_i2c.o(i.user_I2C_EEPROM_BufferWrite)
    user_I2C_EEPROM_Init                     0x00004bdd   Thumb Code   100  user_i2c.o(i.user_I2C_EEPROM_Init)
    user_I2C_EEPROM_PageWrite                0x00004c49   Thumb Code   108  user_i2c.o(i.user_I2C_EEPROM_PageWrite)
    voiceFunc                                0x00004cb5   Thumb Code   118  user_tone.o(i.voiceFunc)
    writeEepromData                          0x00004d39   Thumb Code    58  user_i2c.o(i.writeEepromData)
    writeLcdCommand                          0x00004d79   Thumb Code    36  user_lcd.o(i.writeLcdCommand)
    writeLcdData                             0x00004da1   Thumb Code    26  user_lcd.o(i.writeLcdData)
    writeSigmaCtrlRegister                   0x00004dc1   Thumb Code    24  user_i2c.o(i.writeSigmaCtrlRegister)
    resOfTempAmb                             0x00004ddc   Data         242  user_menu.o(.constdata)
    voltOfObj                                0x00004ed0   Data        2244  user_menu.o(.constdata)
    keyToneTimeArray                         0x00005794   Data           2  user_tone.o(.constdata)
    keyToneSttsArray                         0x00005796   Data           2  user_tone.o(.constdata)
    endToneTimeArray                         0x00005798   Data          10  user_tone.o(.constdata)
    endToneSttsArray                         0x000057a2   Data          10  user_tone.o(.constdata)
    confirmToneTimeArray                     0x000057ac   Data           2  user_tone.o(.constdata)
    confirmToneSttsArray                     0x000057ae   Data           2  user_tone.o(.constdata)
    systemVoltErrorTimeArray                 0x000057b0   Data           6  user_tone.o(.constdata)
    systemVoltErrorSttsArray                 0x000057b6   Data           6  user_tone.o(.constdata)
    ArrowArray                               0x000057bc   Data          14  user_lcd.o(.constdata)
    F8X16                                    0x000057ca   Data        1456  user_lcd.o(.constdata)
    Hzk                                      0x00005d7a   Data        2400  user_lcd.o(.constdata)
    HUMEN_BODY                               0x000066da   Data           2  user_lcd.o(.constdata)
    OBJECT_TEMPERATURE                       0x000066dc   Data           4  user_lcd.o(.constdata)
    MEM                                      0x000066e0   Data           2  user_lcd.o(.constdata)
    SETTING_UNIT                             0x000066e2   Data           2  user_lcd.o(.constdata)
    UNIT_CEL                                 0x000066e4   Data           2  user_lcd.o(.constdata)
    SETTING_VOICE                            0x000066e6   Data           2  user_lcd.o(.constdata)
    SETTING_THRESHOLD                        0x000066e8   Data           4  user_lcd.o(.constdata)
    SETTING_COMP                             0x000066ec   Data           2  user_lcd.o(.constdata)
    GPIO_PORT                                0x000066f0   Data          24  ht32_board.o(.constdata)
    LED_GPIO_ID                              0x00006708   Data           3  ht32_board.o(.constdata)
    LED_GPIO_PIN                             0x0000670c   Data           6  ht32_board.o(.constdata)
    LED_AFIO_MODE                            0x00006712   Data           3  ht32_board.o(.constdata)
    BUTTON_GPIO_ID                           0x00006715   Data           3  ht32_board.o(.constdata)
    BUTTON_GPIO_PIN                          0x00006718   Data           6  ht32_board.o(.constdata)
    BUTTON_AFIO_MODE                         0x0000671e   Data           3  ht32_board.o(.constdata)
    BUTTON_EXTI_CH                           0x00006721   Data           3  ht32_board.o(.constdata)
    gCOMInfo                                 0x00006724   Data          16  ht32_board.o(.constdata)
    Region$$Table$$Base                      0x00006734   Number         0  anon$$obj.o(Region$$Table)
    Region$$Table$$Limit                     0x00006754   Number         0  anon$$obj.o(Region$$Table)
    uADCGroupState                           0x20000004   Data           4  user_adc.o(.data)
    uADCGroupFinish                          0x20000008   Data           1  user_adc.o(.data)
    uTimeTick500ms                           0x2000000c   Data           4  user_adc.o(.data)
    fIsSigmaDataReady                        0x20000010   Data           1  user_menu.o(.data)
    vResAmbient                              0x20000014   Data           4  user_menu.o(.data)
    vResCoe                                  0x20000018   Data           4  user_menu.o(.data)
    vTempAmbient                             0x2000001c   Data           1  user_menu.o(.data)
    vVoltOfObj                               0x20000020   Data           4  user_menu.o(.data)
    vTempOfObj                               0x20000024   Data           4  user_menu.o(.data)
    vDacOut                                  0x20000028   Data           4  user_menu.o(.data)
    vVts                                     0x2000002c   Data           4  user_menu.o(.data)
    vSystem1s                                0x20000030   Data           2  user_menu.o(.data)
    vTimeToSleep                             0x20000032   Data           2  user_menu.o(.data)
    fIsSystemOff                             0x20000034   Data           1  user_menu.o(.data)
    vSystemVdd                               0x20000038   Data           4  user_menu.o(.data)
    vtTempU16                                0x2000003c   Data           2  user_menu.o(.data)
    vPWMCh3Duty                              0x20000040   Data           4  user_menu.o(.data)
    vVcm_coe                                 0x20000048   Data           8  user_menu.o(.data)
    pDisplayParams                           0x20000050   Data           4  user_menu.o(.data)
    vSystemLIRC5ms                           0x20000054   Data           2  user_lptimer.o(.data)
    vSystem5ms                               0x20000056   Data           2  user_lptimer.o(.data)
    vTimerCnt                                0x20000058   Data           1  user_lptimer.o(.data)
    fTime50ms                                0x20000059   Data           1  user_lptimer.o(.data)
    fTime100ms                               0x2000005a   Data           1  user_lptimer.o(.data)
    fTime500ms                               0x2000005b   Data           1  user_lptimer.o(.data)
    fTime1s                                  0x2000005c   Data           1  user_lptimer.o(.data)
    BASIC_TIMFLag                            0x20000060   Data           4  user_basetime.o(.data)
    vTime1msCnt                              0x20000064   Data           2  user_basetime.o(.data)
    vKeyValue                                0x20000066   Data           1  user_key.o(.data)
    vIsKeyPressed                            0x20000067   Data           1  user_key.o(.data)
    vIsFuncKeyGod                            0x20000068   Data           1  user_key.o(.data)
    vIsClosedKeyGod                          0x20000069   Data           1  user_key.o(.data)
    vDoubleClickCountDown                    0x2000006a   Data           1  user_key.o(.data)
    vFuncKeyTimer                            0x2000006c   Data           2  user_key.o(.data)
    vIsPowerKeyGod                           0x2000006e   Data           1  user_key.o(.data)
    vPowerKeyTimer                           0x20000070   Data           2  user_key.o(.data)
    vIncKeyTimer                             0x20000072   Data           2  user_key.o(.data)
    vIsIncKeyGod                             0x20000074   Data           1  user_key.o(.data)
    vDecKeyTimer                             0x20000076   Data           2  user_key.o(.data)
    vIsDecKeyGod                             0x20000078   Data           1  user_key.o(.data)
    vSettingKeyTimer                         0x2000007a   Data           2  user_key.o(.data)
    vIsSettingKeyGod                         0x2000007c   Data           1  user_key.o(.data)
    clock                                    0x20000080   Data           4  user_advtime.o(.data)
    vtTestCnt2                               0x20000084   Data           1  user_i2c.o(.data)
    pStorageParamsStruct                     0x20000088   Data           4  user_datastore.o(.data)
    SystemCoreClock                          0x2000008c   Data           4  system_ht32f5xxxx_04.o(.data)
    uADCData                                 0x20000090   Data          32  user_adc.o(.bss)
    userPwmParaStruct                        0x200000b0   Data          20  user_menu.o(.bss)
    displayParams                            0x200000c4   Data          28  user_menu.o(.bss)
    vtTestArray                              0x200000e0   Data          20  user_menu.o(.bss)
    CaptureCHx                               0x200000f4   Data          16  user_advtime.o(.bss)
    voiceParams                              0x20000104   Data          16  user_tone.o(.bss)
    sigmaAdParas                             0x20000114   Data          16  user_i2c.o(.bss)
    st1                                      0x20000124   Data          20  user_datastore.o(.bss)
    st2                                      0x20000138   Data          20  user_datastore.o(.bss)
    storageParamsStruct                      0x2000014c   Data          24  user_datastore.o(.bss)
    __HT_check_sp                            0x20000168   Data           0  startup_ht32f5xxxx_02.o(STACK)
    __initial_sp                             0x20000368   Data           0  startup_ht32f5xxxx_02.o(STACK)



==============================================================================

Memory Map of the image

  Image Entry point : 0x000000ad

  Load Region LR_1 (Base: 0x00000000, Size: 0x000067e4, Max: 0xffffffff, ABSOLUTE)

    Execution Region ER_RO (Exec base: 0x00000000, Load base: 0x00000000, Size: 0x00006754, Max: 0xffffffff, ABSOLUTE)

    Exec Addr    Load Addr    Size         Type   Attr      Idx    E Section Name        Object

    0x00000000   0x00000000   0x00000148   Code   RO         1577  * RESET               startup_ht32f5xxxx_02.o
    0x00000148   0x00000148   0x00000000   Code   RO         4260  * .ARM.Collect$$$$00000000  mc_p.l(entry.o)
    0x00000148   0x00000148   0x00000004   Code   RO         4309    .ARM.Collect$$$$00000001  mc_p.l(entry2.o)
    0x0000014c   0x0000014c   0x00000004   Code   RO         4312    .ARM.Collect$$$$00000004  mc_p.l(entry5.o)
    0x00000150   0x00000150   0x00000000   Code   RO         4314    .ARM.Collect$$$$00000008  mc_p.l(entry7b.o)
    0x00000150   0x00000150   0x00000000   Code   RO         4316    .ARM.Collect$$$$0000000A  mc_p.l(entry8b.o)
    0x00000150   0x00000150   0x00000008   Code   RO         4317    .ARM.Collect$$$$0000000B  mc_p.l(entry9a.o)
    0x00000158   0x00000158   0x00000000   Code   RO         4319    .ARM.Collect$$$$0000000D  mc_p.l(entry10a.o)
    0x00000158   0x00000158   0x00000000   Code   RO         4321    .ARM.Collect$$$$0000000F  mc_p.l(entry11a.o)
    0x00000158   0x00000158   0x00000004   Code   RO         4310    .ARM.Collect$$$$00002712  mc_p.l(entry2.o)
    0x0000015c   0x0000015c   0x0000002c   Code   RO         4263    .text               mc_p.l(uidiv.o)
    0x00000188   0x00000188   0x00000028   Code   RO         4265    .text               mc_p.l(idiv.o)
    0x000001b0   0x000001b0   0x00000024   Code   RO         4267    .text               mc_p.l(memcpya.o)
    0x000001d4   0x000001d4   0x000000b2   Code   RO         4273    .text               mf_p.l(fadd.o)
    0x00000286   0x00000286   0x0000007a   Code   RO         4275    .text               mf_p.l(fmul.o)
    0x00000300   0x00000300   0x0000007c   Code   RO         4277    .text               mf_p.l(fdiv.o)
    0x0000037c   0x0000037c   0x00000164   Code   RO         4279    .text               mf_p.l(dadd.o)
    0x000004e0   0x000004e0   0x000000d0   Code   RO         4281    .text               mf_p.l(dmul.o)
    0x000005b0   0x000005b0   0x000000f0   Code   RO         4283    .text               mf_p.l(ddiv.o)
    0x000006a0   0x000006a0   0x00000016   Code   RO         4285    .text               mf_p.l(fflti.o)
    0x000006b6   0x000006b6   0x0000000e   Code   RO         4287    .text               mf_p.l(ffltui.o)
    0x000006c4   0x000006c4   0x00000028   Code   RO         4289    .text               mf_p.l(dflti.o)
    0x000006ec   0x000006ec   0x0000001c   Code   RO         4291    .text               mf_p.l(dfltui.o)
    0x00000708   0x00000708   0x00000028   Code   RO         4293    .text               mf_p.l(ffixui.o)
    0x00000730   0x00000730   0x0000003c   Code   RO         4295    .text               mf_p.l(dfixui.o)
    0x0000076c   0x0000076c   0x00000028   Code   RO         4297    .text               mf_p.l(f2d.o)
    0x00000794   0x00000794   0x00000028   Code   RO         4299    .text               mf_p.l(cdcmple.o)
    0x000007bc   0x000007bc   0x00000028   Code   RO         4301    .text               mf_p.l(cdrcmple.o)
    0x000007e4   0x000007e4   0x00000038   Code   RO         4303    .text               mf_p.l(d2f.o)
    0x0000081c   0x0000081c   0x00000014   Code   RO         4305    .text               mf_p.l(cfcmple.o)
    0x00000830   0x00000830   0x00000014   Code   RO         4307    .text               mf_p.l(cfrcmple.o)
    0x00000844   0x00000844   0x00000020   Code   RO         4323    .text               mc_p.l(llshl.o)
    0x00000864   0x00000864   0x00000022   Code   RO         4325    .text               mc_p.l(llushr.o)
    0x00000886   0x00000886   0x00000026   Code   RO         4327    .text               mc_p.l(llsshr.o)
    0x000008ac   0x000008ac   0x00000000   Code   RO         4357    .text               mc_p.l(iusefp.o)
    0x000008ac   0x000008ac   0x00000082   Code   RO         4358    .text               mf_p.l(fepilogue.o)
    0x0000092e   0x0000092e   0x000000be   Code   RO         4360    .text               mf_p.l(depilogue.o)
    0x000009ec   0x000009ec   0x00000024   Code   RO         4364    .text               mc_p.l(init.o)
    0x00000a10   0x00000a10   0x00000006   Code   RO         1676    i.ADC_ClearIntPendingBit  ht32f5xxxx_adc.o
    0x00000a16   0x00000a16   0x00000018   Code   RO         1677    i.ADC_Cmd           ht32f5xxxx_adc.o
    0x00000a2e   0x00000a2e   0x00000002   PAD
    0x00000a30   0x00000a30   0x00000154   Code   RO          341    i.ADC_Configuration  user_adc.o
    0x00000b84   0x00000b84   0x00000014   Code   RO         1680    i.ADC_GetFlagStatus  ht32f5xxxx_adc.o
    0x00000b98   0x00000b98   0x00000034   Code   RO          342    i.ADC_Group1Config  user_adc.o
    0x00000bcc   0x00000bcc   0x0000007c   Code   RO          343    i.ADC_GroupProcess  user_adc.o
    0x00000c48   0x00000c48   0x00000008   Code   RO          345    i.ADC_IRQHandler    user_adc.o
    0x00000c50   0x00000c50   0x0000001e   Code   RO         1682    i.ADC_IntConfig     ht32f5xxxx_adc.o
    0x00000c6e   0x00000c6e   0x00000020   Code   RO         1684    i.ADC_RegularGroupConfig  ht32f5xxxx_adc.o
    0x00000c8e   0x00000c8e   0x00000004   Code   RO         1687    i.ADC_SamplingTimeConfig  ht32f5xxxx_adc.o
    0x00000c92   0x00000c92   0x00000002   PAD
    0x00000c94   0x00000c94   0x0000013c   Code   RO          907    i.ADVTIM_PWMMODE_Config  user_advtime.o
    0x00000dd0   0x00000dd0   0x00000040   Code   RO         2315    i.AFIO_EXTISourceConfig  ht32f5xxxx_gpio.o
    0x00000e10   0x00000e10   0x00000064   Code   RO         2316    i.AFIO_GPxConfig    ht32f5xxxx_gpio.o
    0x00000e74   0x00000e74   0x0000004c   Code   RO          732    i.BASIC_TIM_Mode_Config  user_basetime.o
    0x00000ec0   0x00000ec0   0x00000030   Code   RO          733    i.BFTM0_IRQHandler  user_basetime.o
    0x00000ef0   0x00000ef0   0x0000000e   Code   RO         1783    i.BFTM_ClearFlag    ht32f5xxxx_bftm.o
    0x00000efe   0x00000efe   0x00000018   Code   RO         1785    i.BFTM_EnaCmd       ht32f5xxxx_bftm.o
    0x00000f16   0x00000f16   0x00000018   Code   RO         1789    i.BFTM_IntConfig    ht32f5xxxx_bftm.o
    0x00000f2e   0x00000f2e   0x00000004   Code   RO         1791    i.BFTM_SetCompare   ht32f5xxxx_bftm.o
    0x00000f32   0x00000f32   0x00000004   Code   RO         1792    i.BFTM_SetCounter   ht32f5xxxx_bftm.o
    0x00000f36   0x00000f36   0x00000002   PAD
    0x00000f38   0x00000f38   0x00000018   Code   RO         1863    i.CKCU_GetClockReadyStatus  ht32f5xxxx_ckcu.o
    0x00000f50   0x00000f50   0x00000080   Code   RO         1864    i.CKCU_GetClocksFrequency  ht32f5xxxx_ckcu.o
    0x00000fd0   0x00000fd0   0x00000034   Code   RO         1866    i.CKCU_GetPeripFrequency  ht32f5xxxx_ckcu.o
    0x00001004   0x00001004   0x00000040   Code   RO         1878    i.CKCU_PeripClockConfig  ht32f5xxxx_ckcu.o
    0x00001044   0x00001044   0x0000001c   Code   RO         1879    i.CKCU_SetADCnPrescaler  ht32f5xxxx_ckcu.o
    0x00001060   0x00001060   0x0000004a   Code   RO          908    i.CaptureProcess    user_advtime.o
    0x000010aa   0x000010aa   0x00000020   Code   RO          768    i.EXTI0_1_IRQHandler  user_exti.o
    0x000010ca   0x000010ca   0x00000020   Code   RO          769    i.EXTI2_3_IRQHandler  user_exti.o
    0x000010ea   0x000010ea   0x00000002   PAD
    0x000010ec   0x000010ec   0x000000e8   Code   RO          770    i.EXTI4_15_IRQHandler  user_exti.o
    0x000011d4   0x000011d4   0x00000014   Code   RO         2136    i.EXTI_ClearEdgeFlag  ht32f5xxxx_exti.o
    0x000011e8   0x000011e8   0x0000001c   Code   RO         2139    i.EXTI_GetEdgeFlag  ht32f5xxxx_exti.o
    0x00001204   0x00001204   0x00000020   Code   RO         2143    i.EXTI_Init         ht32f5xxxx_exti.o
    0x00001224   0x00001224   0x00000028   Code   RO         2144    i.EXTI_IntConfig    ht32f5xxxx_exti.o
    0x0000124c   0x0000124c   0x00000090   Code   RO          771    i.EXTI_Key_Config   user_exti.o
    0x000012dc   0x000012dc   0x00000028   Code   RO         1455    i.FlashInit         user_datastore.o
    0x00001304   0x00001304   0x00000014   Code   RO         2319    i.GPIO_DirectionConfig  ht32f5xxxx_gpio.o
    0x00001318   0x00001318   0x00000038   Code   RO         2320    i.GPIO_DriveConfig  ht32f5xxxx_gpio.o
    0x00001350   0x00001350   0x00000078   Code   RO          772    i.GPIO_EXTILineConfig  user_exti.o
    0x000013c8   0x000013c8   0x00000042   Code   RO          421    i.GPIO_Init         user_menu.o
    0x0000140a   0x0000140a   0x00000014   Code   RO         2322    i.GPIO_InputConfig  ht32f5xxxx_gpio.o
    0x0000141e   0x0000141e   0x00000032   Code   RO         2327    i.GPIO_PullResistorConfig  ht32f5xxxx_gpio.o
    0x00001450   0x00001450   0x00000012   Code   RO         2328    i.GPIO_ReadInBit    ht32f5xxxx_gpio.o
    0x00001462   0x00001462   0x0000000c   Code   RO         2334    i.GPIO_WriteOutBits  ht32f5xxxx_gpio.o
    0x0000146e   0x0000146e   0x00000002   PAD
    0x00001470   0x00001470   0x000000a4   Code   RO          909    i.GPTM0_IRQHandler  user_advtime.o
    0x00001514   0x00001514   0x00000010   Code   RO            3    i.HardFault_Handler  ht32f5xxxx_01_it.o
    0x00001524   0x00001524   0x00000018   Code   RO         2475    i.I2C_AckCmd        ht32f5xxxx_i2c.o
    0x0000153c   0x0000153c   0x00000010   Code   RO         2477    i.I2C_CheckStatus   ht32f5xxxx_i2c.o
    0x0000154c   0x0000154c   0x00000004   Code   RO         2478    i.I2C_ClearFlag     ht32f5xxxx_i2c.o
    0x00001550   0x00001550   0x00000018   Code   RO         2479    i.I2C_Cmd           ht32f5xxxx_i2c.o
    0x00001568   0x00001568   0x0000000a   Code   RO         2483    i.I2C_GenerateSTOP  ht32f5xxxx_i2c.o
    0x00001572   0x00001572   0x00000012   Code   RO         2485    i.I2C_GetFlagStatus  ht32f5xxxx_i2c.o
    0x00001584   0x00001584   0x000000d8   Code   RO         2486    i.I2C_Init          ht32f5xxxx_i2c.o
    0x0000165c   0x0000165c   0x00000008   Code   RO         2489    i.I2C_ReceiveData   ht32f5xxxx_i2c.o
    0x00001664   0x00001664   0x00000004   Code   RO         2490    i.I2C_SendData      ht32f5xxxx_i2c.o
    0x00001668   0x00001668   0x0000001e   Code   RO         2498    i.I2C_TargetAddressConfig  ht32f5xxxx_i2c.o
    0x00001686   0x00001686   0x00000002   PAD
    0x00001688   0x00001688   0x00000048   Code   RO          684    i.LPTIMER_Config    user_lptimer.o
    0x000016d0   0x000016d0   0x00000030   Code   RO         1456    i.LoadSettingFromEeprom  user_datastore.o
    0x00001700   0x00001700   0x00000090   Code   RO          422    i.MenuFunction      user_menu.o
    0x00001790   0x00001790   0x00000002   Code   RO            4    i.NMI_Handler       ht32f5xxxx_01_it.o
    0x00001792   0x00001792   0x0000000c   Code   RO          162    i.NVIC_Configuration  main.o
    0x0000179e   0x0000179e   0x00000002   PAD
    0x000017a0   0x000017a0   0x00000014   Code   RO          773    i.NVIC_EnableIRQ    user_exti.o
    0x000017b4   0x000017b4   0x00000014   Code   RO         1586    i.NVIC_SetVectorTable  ht32_cm0plus_misc.o
    0x000017c8   0x000017c8   0x0000002e   Code   RO         1172    i.OLED_Set_Pos      user_lcd.o
    0x000017f6   0x000017f6   0x00000002   PAD
    0x000017f8   0x000017f8   0x0000005c   Code   RO         1173    i.OLED_ShowCHinese  user_lcd.o
    0x00001854   0x00001854   0x00000070   Code   RO         1174    i.OLED_ShowChar     user_lcd.o
    0x000018c4   0x000018c4   0x0000007c   Code   RO         1175    i.OLED_ShowNum      user_lcd.o
    0x00001940   0x00001940   0x00000032   Code   RO         1176    i.OLED_ShowString   user_lcd.o
    0x00001972   0x00001972   0x00000002   PAD
    0x00001974   0x00001974   0x00000028   Code   RO         2707    i.PWRCU_DeInit      ht32f5xxxx_pwrcu.o
    0x0000199c   0x0000199c   0x00000002   Code   RO            5    i.PendSV_Handler    ht32f5xxxx_01_it.o
    0x0000199e   0x0000199e   0x00000002   PAD
    0x000019a0   0x000019a0   0x00000024   Code   RO         2888    i.RTC_CMPCLRCmd     ht32f5xxxx_rtc.o
    0x000019c4   0x000019c4   0x00000018   Code   RO         2889    i.RTC_ClockSourceConfig  ht32f5xxxx_rtc.o
    0x000019dc   0x000019dc   0x00000024   Code   RO         2890    i.RTC_Cmd           ht32f5xxxx_rtc.o
    0x00001a00   0x00001a00   0x0000000c   Code   RO         2894    i.RTC_GetFlagStatus  ht32f5xxxx_rtc.o
    0x00001a0c   0x00001a0c   0x000000d4   Code   RO          685    i.RTC_IRQHandler    user_lptimer.o
    0x00001ae0   0x00001ae0   0x00000020   Code   RO         2897    i.RTC_IntConfig     ht32f5xxxx_rtc.o
    0x00001b00   0x00001b00   0x0000000c   Code   RO         2902    i.RTC_SetCompare    ht32f5xxxx_rtc.o
    0x00001b0c   0x00001b0c   0x00000018   Code   RO         2903    i.RTC_SetPrescaler  ht32f5xxxx_rtc.o
    0x00001b24   0x00001b24   0x00000002   Code   RO         1400    i.SPI0_IRQHandler   user_spi.o
    0x00001b26   0x00001b26   0x00000018   Code   RO         3005    i.SPI_Cmd           ht32f5xxxx_spi.o
    0x00001b3e   0x00001b3e   0x0000001a   Code   RO         3013    i.SPI_GetFlagStatus  ht32f5xxxx_spi.o
    0x00001b58   0x00001b58   0x0000004c   Code   RO         3014    i.SPI_Init          ht32f5xxxx_spi.o
    0x00001ba4   0x00001ba4   0x00000018   Code   RO         3019    i.SPI_SELOutputCmd  ht32f5xxxx_spi.o
    0x00001bbc   0x00001bbc   0x00000030   Code   RO         1401    i.SPI_SendByte      user_spi.o
    0x00001bec   0x00001bec   0x00000004   Code   RO         3020    i.SPI_SendData      ht32f5xxxx_spi.o
    0x00001bf0   0x00001bf0   0x00000002   Code   RO            6    i.SVC_Handler       ht32f5xxxx_01_it.o
    0x00001bf2   0x00001bf2   0x00000002   PAD
    0x00001bf4   0x00001bf4   0x00000024   Code   RO         1589    i.SYSTICK_ClockSourceConfig  ht32_cm0plus_misc.o
    0x00001c18   0x00001c18   0x00000030   Code   RO         1590    i.SYSTICK_CounterCmd  ht32_cm0plus_misc.o
    0x00001c48   0x00001c48   0x00000024   Code   RO         1591    i.SYSTICK_IntConfig  ht32_cm0plus_misc.o
    0x00001c6c   0x00001c6c   0x0000000c   Code   RO         1592    i.SYSTICK_SetReloadValue  ht32_cm0plus_misc.o
    0x00001c78   0x00001c78   0x00000028   Code   RO         1457    i.StoreData2Flash   user_datastore.o
    0x00001ca0   0x00001ca0   0x000000a8   Code   RO         1458    i.StoreNewRecord    user_datastore.o
    0x00001d48   0x00001d48   0x0000002c   Code   RO          163    i.SysTick_Configuration  main.o
    0x00001d74   0x00001d74   0x00000010   Code   RO            7    i.SysTick_Handler   ht32f5xxxx_01_it.o
    0x00001d84   0x00001d84   0x00000078   Code   RO         1543    i.SystemInit        system_ht32f5xxxx_04.o
    0x00001dfc   0x00001dfc   0x0000001a   Code   RO         3154    i.TM_ChPolarityConfig  ht32f5xxxx_tm.o
    0x00001e16   0x00001e16   0x0000000a   Code   RO         3156    i.TM_ClearFlag      ht32f5xxxx_tm.o
    0x00001e20   0x00001e20   0x00000018   Code   RO         3159    i.TM_Cmd            ht32f5xxxx_tm.o
    0x00001e38   0x00001e38   0x00000010   Code   RO         3167    i.TM_GetCaptureCompare  ht32f5xxxx_tm.o
    0x00001e48   0x00001e48   0x000000c8   Code   RO         3178    i.TM_OutputInit     ht32f5xxxx_tm.o
    0x00001f10   0x00001f10   0x00000040   Code   RO         3191    i.TM_TimeBaseInit   ht32f5xxxx_tm.o
    0x00001f50   0x00001f50   0x0000005c   Code   RO         1459    i.TemperatureRecordInit  user_datastore.o
    0x00001fac   0x00001fac   0x0000001a   Code   RO         1402    i.WriteData         user_spi.o
    0x00001fc6   0x00001fc6   0x0000002e   Code   RO         4362    i.__ARM_clz         mf_p.l(depilogue.o)
    0x00001ff4   0x00001ff4   0x0000000e   Code   RO         4370    i.__scatterload_copy  mc_p.l(handlers.o)
    0x00002002   0x00002002   0x00000002   Code   RO         4371    i.__scatterload_null  mc_p.l(handlers.o)
    0x00002004   0x00002004   0x0000000e   Code   RO         4372    i.__scatterload_zeroinit  mc_p.l(handlers.o)
    0x00002012   0x00002012   0x00000002   PAD
    0x00002014   0x00002014   0x00000064   Code   RO          423    i.adcResultProcess  user_menu.o
    0x00002078   0x00002078   0x000000f0   Code   RO          424    i.calcTemperature   user_menu.o
    0x00002168   0x00002168   0x000002c4   Code   RO         1018    i.checkSigmaAdConvertOver  user_i2c.o
    0x0000242c   0x0000242c   0x00000048   Code   RO         1019    i.checkStts         user_i2c.o
    0x00002474   0x00002474   0x0000004a   Code   RO         1178    i.clear             user_lcd.o
    0x000024be   0x000024be   0x0000001e   Code   RO         1179    i.clrMainTemperatureDisplay  user_lcd.o
    0x000024dc   0x000024dc   0x00000028   Code   RO          425    i.convertAmbientTemperature  user_menu.o
    0x00002504   0x00002504   0x0000002c   Code   RO          427    i.convertMcuTemperature  user_menu.o
    0x00002530   0x00002530   0x00000030   Code   RO          428    i.convertObjectTemperature  user_menu.o
    0x00002560   0x00002560   0x00000020   Code   RO         1519    i.ddl_memclr        user_ddl.o
    0x00002580   0x00002580   0x00000184   Code   RO          429    i.decKeyPressedFunc  user_menu.o
    0x00002704   0x00002704   0x00000020   Code   RO         1180    i.delay100us        user_lcd.o
    0x00002724   0x00002724   0x00000046   Code   RO         1181    i.displayBigChar    user_lcd.o
    0x0000276a   0x0000276a   0x0000003e   Code   RO         1182    i.displayBigChinese  user_lcd.o
    0x000027a8   0x000027a8   0x000000b8   Code   RO         1183    i.displayFloat      user_lcd.o
    0x00002860   0x00002860   0x00000104   Code   RO         1184    i.displaySystemMenu  user_lcd.o
    0x00002964   0x00002964   0x00000020   Code   RO          430    i.entryCalibrateMode  user_menu.o
    0x00002984   0x00002984   0x0000000e   Code   RO          431    i.entryNormalModeChk  user_menu.o
    0x00002992   0x00002992   0x00000008   Code   RO          432    i.fucnPer100ms      user_menu.o
    0x0000299a   0x0000299a   0x00000002   Code   RO          433    i.fucnPer1s         user_menu.o
    0x0000299c   0x0000299c   0x00000002   Code   RO          434    i.fucnPer500ms      user_menu.o
    0x0000299e   0x0000299e   0x00000002   Code   RO          435    i.fucnPer50ms       user_menu.o
    0x000029a0   0x000029a0   0x00000074   Code   RO          436    i.fucnPer5ms        user_menu.o
    0x00002a14   0x00002a14   0x0000002c   Code   RO          821    i.funcDecKeyReleased  user_key.o
    0x00002a40   0x00002a40   0x0000002c   Code   RO          822    i.funcIncKeyReleased  user_key.o
    0x00002a6c   0x00002a6c   0x000002cc   Code   RO          823    i.funcKeyTask       user_key.o
    0x00002d38   0x00002d38   0x0000002c   Code   RO          824    i.funcPowerKeyReleased  user_key.o
    0x00002d64   0x00002d64   0x0000002c   Code   RO          825    i.funcSettingKeyReleased  user_key.o
    0x00002d90   0x00002d90   0x00000024   Code   RO          955    i.genConfrimTone    user_tone.o
    0x00002db4   0x00002db4   0x00000024   Code   RO          957    i.genErrorTone      user_tone.o
    0x00002dd8   0x00002dd8   0x00000024   Code   RO          958    i.genKeyTone        user_tone.o
    0x00002dfc   0x00002dfc   0x0000004c   Code   RO         1021    i.genStopByteManual  user_i2c.o
    0x00002e48   0x00002e48   0x00000024   Code   RO          959    i.genTonePub        user_tone.o
    0x00002e6c   0x00002e6c   0x00000044   Code   RO          437    i.getHotThreshold   user_menu.o
    0x00002eb0   0x00002eb0   0x00000020   Code   RO         1185    i.getNumLen         user_lcd.o
    0x00002ed0   0x00002ed0   0x00000098   Code   RO          438    i.getObjectTemperature  user_menu.o
    0x00002f68   0x00002f68   0x00000070   Code   RO          439    i.getResIndex       user_menu.o
    0x00002fd8   0x00002fd8   0x000000b0   Code   RO          440    i.getTemperatureOfAmbient  user_menu.o
    0x00003088   0x00003088   0x00000034   Code   RO          826    i.holdingKeyFunc    user_key.o
    0x000030bc   0x000030bc   0x00000204   Code   RO          441    i.incKeyPressedFunc  user_menu.o
    0x000032c0   0x000032c0   0x000001d4   Code   RO          442    i.irSensorDataProcess  user_menu.o
    0x00003494   0x00003494   0x0000001c   Code   RO         1188    i.lcdGpioInit       user_lcd.o
    0x000034b0   0x000034b0   0x0000004c   Code   RO         1460    i.loadSignalRecord  user_datastore.o
    0x000034fc   0x000034fc   0x000000a8   Code   RO          164    i.main              main.o
    0x000035a4   0x000035a4   0x0000022c   Code   RO         1189    i.mainTemperatureDisplay  user_lcd.o
    0x000037d0   0x000037d0   0x00000028   Code   RO         1190    i.oledChineseString  user_lcd.o
    0x000037f8   0x000037f8   0x00000060   Code   RO         1191    i.oledDisplayBigChinesePub  user_lcd.o
    0x00003858   0x00003858   0x0000001a   Code   RO         1193    i.oled_pow          user_lcd.o
    0x00003872   0x00003872   0x00000002   PAD
    0x00003874   0x00003874   0x00000048   Code   RO          443    i.powerKeyPressedFunc  user_menu.o
    0x000038bc   0x000038bc   0x0000008c   Code   RO          444    i.powerOnIoInit     user_menu.o
    0x00003948   0x00003948   0x00000154   Code   RO         1194    i.powerOnLcdInit    user_lcd.o
    0x00003a9c   0x00003a9c   0x00000040   Code   RO         1022    i.readEepromData    user_i2c.o
    0x00003adc   0x00003adc   0x0000001c   Code   RO         1023    i.readSigmaCtrlRegister  user_i2c.o
    0x00003af8   0x00003af8   0x00000024   Code   RO          445    i.resetEntrySleepTime  user_menu.o
    0x00003b1c   0x00003b1c   0x00000030   Code   RO          827    i.setDecKeyPressedFlag  user_key.o
    0x00003b4c   0x00003b4c   0x0000000e   Code   RO          446    i.setGreenLEDToggle  user_menu.o
    0x00003b5a   0x00003b5a   0x00000002   PAD
    0x00003b5c   0x00003b5c   0x00000030   Code   RO          828    i.setIncKeyPressedFlag  user_key.o
    0x00003b8c   0x00003b8c   0x00000028   Code   RO          829    i.setPowerKeyPressedFlag  user_key.o
    0x00003bb4   0x00003bb4   0x0000000e   Code   RO          447    i.setRedLEDToggle   user_menu.o
    0x00003bc2   0x00003bc2   0x00000002   PAD
    0x00003bc4   0x00003bc4   0x00000030   Code   RO          830    i.setSettingKeyPressedFlag  user_key.o
    0x00003bf4   0x00003bf4   0x0000001c   Code   RO          448    i.set_LED_Toggle    user_menu.o
    0x00003c10   0x00003c10   0x0000003c   Code   RO          449    i.settingKeyLongPressedFunc  user_menu.o
    0x00003c4c   0x00003c4c   0x000000c4   Code   RO          450    i.settingKeyPressedFunc  user_menu.o
    0x00003d10   0x00003d10   0x00000038   Code   RO         1026    i.sigmaAdTest       user_i2c.o
    0x00003d48   0x00003d48   0x000001cc   Code   RO          451    i.sigmaResultExecute  user_menu.o
    0x00003f14   0x00003f14   0x00000070   Code   RO         1403    i.spiIoInit         user_spi.o
    0x00003f84   0x00003f84   0x00000270   Code   RO         1027    i.startSigmaAdConvert  user_i2c.o
    0x000041f4   0x000041f4   0x0000005a   Code   RO         1028    i.stopConvert       user_i2c.o
    0x0000424e   0x0000424e   0x00000002   PAD
    0x00004250   0x00004250   0x00000140   Code   RO          452    i.temperatureUnitSettingFunc  user_menu.o
    0x00004390   0x00004390   0x000000e4   Code   RO         1029    i.updateAdChlAndStart  user_i2c.o
    0x00004474   0x00004474   0x00000048   Code   RO         1195    i.updateArrowDisplay  user_lcd.o
    0x000044bc   0x000044bc   0x0000012c   Code   RO         1196    i.updateMemDataDisplay  user_lcd.o
    0x000045e8   0x000045e8   0x00000070   Code   RO          910    i.updatePWMChXValue  user_advtime.o
    0x00004658   0x00004658   0x00000034   Code   RO          911    i.updatePWMChlDuty  user_advtime.o
    0x0000468c   0x0000468c   0x0000005c   Code   RO         1197    i.updateTargetCharacter  user_lcd.o
    0x000046e8   0x000046e8   0x0000004c   Code   RO         1198    i.updateThresholdDisplay  user_lcd.o
    0x00004734   0x00004734   0x00000090   Code   RO         1199    i.updateToleranceDisplay  user_lcd.o
    0x000047c4   0x000047c4   0x0000003c   Code   RO         1200    i.updateUnitDisplay  user_lcd.o
    0x00004800   0x00004800   0x00000034   Code   RO         1201    i.updateVoiceDisplay  user_lcd.o
    0x00004834   0x00004834   0x0000001c   Code   RO         1202    i.userAbs           user_lcd.o
    0x00004850   0x00004850   0x0000003c   Code   RO          453    i.userRound         user_menu.o
    0x0000488c   0x0000488c   0x0000004c   Code   RO         1404    i.userSpiInit       user_spi.o
    0x000048d8   0x000048d8   0x000000e4   Code   RO         1030    i.user_EEPROM_24C256_BufferRead  user_i2c.o
    0x000049bc   0x000049bc   0x000000aa   Code   RO         1031    i.user_EEPROM_24C256_PageWrite  user_i2c.o
    0x00004a66   0x00004a66   0x00000002   PAD
    0x00004a68   0x00004a68   0x00000090   Code   RO         1032    i.user_I2C_EEPROM_AckPolling  user_i2c.o
    0x00004af8   0x00004af8   0x000000a0   Code   RO         1033    i.user_I2C_EEPROM_BufferRead  user_i2c.o
    0x00004b98   0x00004b98   0x00000044   Code   RO         1034    i.user_I2C_EEPROM_BufferWrite  user_i2c.o
    0x00004bdc   0x00004bdc   0x0000006c   Code   RO         1035    i.user_I2C_EEPROM_Init  user_i2c.o
    0x00004c48   0x00004c48   0x0000006c   Code   RO         1036    i.user_I2C_EEPROM_PageWrite  user_i2c.o
    0x00004cb4   0x00004cb4   0x00000084   Code   RO          961    i.voiceFunc         user_tone.o
    0x00004d38   0x00004d38   0x00000040   Code   RO         1037    i.writeEepromData   user_i2c.o
    0x00004d78   0x00004d78   0x00000028   Code   RO         1203    i.writeLcdCommand   user_lcd.o
    0x00004da0   0x00004da0   0x00000020   Code   RO         1204    i.writeLcdData      user_lcd.o
    0x00004dc0   0x00004dc0   0x0000001c   Code   RO         1038    i.writeSigmaCtrlRegister  user_i2c.o
    0x00004ddc   0x00004ddc   0x000009b8   Data   RO          455    .constdata          user_menu.o
    0x00005794   0x00005794   0x00000028   Data   RO          963    .constdata          user_tone.o
    0x000057bc   0x000057bc   0x00000f32   Data   RO         1205    .constdata          user_lcd.o
    0x000066ee   0x000066ee   0x00000002   PAD
    0x000066f0   0x000066f0   0x00000044   Data   RO         3858    .constdata          ht32_board.o
    0x00006734   0x00006734   0x00000020   Data   RO         4368    Region$$Table       anon$$obj.o


    Execution Region ER_RW (Exec base: 0x20000000, Load base: 0x00006754, Size: 0x00000090, Max: 0xffffffff, ABSOLUTE)

    Exec Addr    Load Addr    Size         Type   Attr      Idx    E Section Name        Object

    0x20000000   0x00006754   0x00000004   Data   RW            8    .data               ht32f5xxxx_01_it.o
    0x20000004   0x00006758   0x0000000c   Data   RW          349    .data               user_adc.o
    0x20000010   0x00006764   0x00000044   Data   RW          456    .data               user_menu.o
    0x20000054   0x000067a8   0x00000009   Data   RW          686    .data               user_lptimer.o
    0x2000005d   0x000067b1   0x00000003   PAD
    0x20000060   0x000067b4   0x00000006   Data   RW          734    .data               user_basetime.o
    0x20000066   0x000067ba   0x00000017   Data   RW          831    .data               user_key.o
    0x2000007d   0x000067d1   0x00000003   PAD
    0x20000080   0x000067d4   0x00000004   Data   RW          913    .data               user_advtime.o
    0x20000084   0x000067d8   0x00000001   Data   RW         1040    .data               user_i2c.o
    0x20000085   0x000067d9   0x00000003   PAD
    0x20000088   0x000067dc   0x00000004   Data   RW         1462    .data               user_datastore.o
    0x2000008c   0x000067e0   0x00000004   Data   RW         1544    .data               system_ht32f5xxxx_04.o


    Execution Region ER_ZI (Exec base: 0x20000090, Load base: 0x000067e4, Size: 0x000002d8, Max: 0xffffffff, ABSOLUTE)

    Exec Addr    Load Addr    Size         Type   Attr      Idx    E Section Name        Object

    0x20000090        -       0x00000020   Zero   RW          348    .bss                user_adc.o
    0x200000b0        -       0x00000044   Zero   RW          454    .bss                user_menu.o
    0x200000f4        -       0x00000010   Zero   RW          912    .bss                user_advtime.o
    0x20000104        -       0x00000010   Zero   RW          962    .bss                user_tone.o
    0x20000114        -       0x00000010   Zero   RW         1039    .bss                user_i2c.o
    0x20000124        -       0x00000040   Zero   RW         1461    .bss                user_datastore.o
    0x20000164   0x000067e4   0x00000004   PAD
    0x20000168        -       0x00000200   Zero   RW         1575    STACK               startup_ht32f5xxxx_02.o


==============================================================================

Image component sizes


      Code (inc. data)   RO Data    RW Data    ZI Data      Debug   Object Name

         0          0         68          0          0       1199   ht32_board.o
       152         26          0          0          0       2680   ht32_cm0plus_misc.o
        38          8          0          4          0      66995   ht32f5xxxx_01_it.o
       116          0          0          0          0       4013   ht32f5xxxx_adc.o
        70          0          0          0          0       3004   ht32f5xxxx_bftm.o
       296         26          0          0          0      11082   ht32f5xxxx_ckcu.o
       120         16          0          0          0       4817   ht32f5xxxx_exti.o
       340         12          0          0          0       9773   ht32f5xxxx_gpio.o
       354          8          0          0          0      13218   ht32f5xxxx_i2c.o
         0          0          0          0          0      10112   ht32f5xxxx_mctm.o
        40          6          0          0          0        471   ht32f5xxxx_pwrcu.o
       176         36          0          0          0       3506   ht32f5xxxx_rtc.o
       154          0          0          0          0       8975   ht32f5xxxx_spi.o
       340         10          0          0          0       4951   ht32f5xxxx_tm.o
       224         36          0          0          0      17688   main.o
       328        214          0          0        512        664   startup_ht32f5xxxx_02.o
       120         10          0          4          0       1311   system_ht32f5xxxx_04.o
       524         36          0         12         32       8736   user_adc.o
       718         34          0          4         16       4310   user_advtime.o
       124         26          0          6          0       1283   user_basetime.o
       464         56          0          4         64       4797   user_datastore.o
        32          0          0          0          0        909   user_ddl.o
       580         14          0          0          0       3480   user_exti.o
      3024        130          0          1         16      17374   user_i2c.o
      1128        164          0         23          0       5447   user_key.o
      3150        226       3890          0          0      19055   user_lcd.o
       284         42          0          9          0       7476   user_lptimer.o
      4138        380       2488         68         68      31845   user_menu.o
       264         20          0          0          0       2827   user_spi.o
       276         60         40          0         16       3920   user_tone.o

    ----------------------------------------------------------------------
     17606       1596       6520        144        728     275918   Object Totals
         0          0         32          0          0          0   (incl. Generated)
        32          0          2          9          4          0   (incl. Padding)

    ----------------------------------------------------------------------

      Code (inc. data)   RO Data    RW Data    ZI Data      Debug   Library Member Name

         0          0          0          0          0          0   entry.o
         0          0          0          0          0          0   entry10a.o
         0          0          0          0          0          0   entry11a.o
         8          4          0          0          0          0   entry2.o
         4          0          0          0          0          0   entry5.o
         0          0          0          0          0          0   entry7b.o
         0          0          0          0          0          0   entry8b.o
         8          4          0          0          0          0   entry9a.o
        30          0          0          0          0          0   handlers.o
        40          0          0          0          0         72   idiv.o
        36          8          0          0          0         68   init.o
         0          0          0          0          0          0   iusefp.o
        32          0          0          0          0         68   llshl.o
        38          0          0          0          0         68   llsshr.o
        34          0          0          0          0         68   llushr.o
        36          0          0          0          0         60   memcpya.o
        44          0          0          0          0         72   uidiv.o
        40          2          0          0          0         68   cdcmple.o
        40          2          0          0          0         68   cdrcmple.o
        20          0          0          0          0         68   cfcmple.o
        20          0          0          0          0         68   cfrcmple.o
        56          0          0          0          0         68   d2f.o
       356          4          0          0          0        140   dadd.o
       240          6          0          0          0         84   ddiv.o
       236          0          0          0          0        216   depilogue.o
        60         10          0          0          0         68   dfixui.o
        40          6          0          0          0         68   dflti.o
        28          4          0          0          0         68   dfltui.o
       208          6          0          0          0         88   dmul.o
        40          0          0          0          0         60   f2d.o
       178          0          0          0          0        108   fadd.o
       124          0          0          0          0         72   fdiv.o
       130          0          0          0          0        144   fepilogue.o
        40          0          0          0          0         60   ffixui.o
        22          0          0          0          0         68   fflti.o
        14          0          0          0          0         68   ffltui.o
       122          0          0          0          0         72   fmul.o

    ----------------------------------------------------------------------
      2326         56          0          0          0       2200   Library Totals
         2          0          0          0          0          0   (incl. Padding)

    ----------------------------------------------------------------------

      Code (inc. data)   RO Data    RW Data    ZI Data      Debug   Library Name

       310         16          0          0          0        476   mc_p.l
      2014         40          0          0          0       1724   mf_p.l

    ----------------------------------------------------------------------
      2326         56          0          0          0       2200   Library Totals

    ----------------------------------------------------------------------

==============================================================================


      Code (inc. data)   RO Data    RW Data    ZI Data      Debug   

     19932       1652       6520        144        728     268690   Grand Totals
     19932       1652       6520        144        728     268690   ELF Image Totals
     19932       1652       6520        144          0          0   ROM Totals

==============================================================================

    Total RO  Size (Code + RO Data)                26452 (  25.83kB)
    Total RW  Size (RW Data + ZI Data)               872 (   0.85kB)
    Total ROM Size (Code + RO Data + RW Data)      26596 (  25.97kB)

==============================================================================

