Component: ARM Compiler 5.06 update 6 (build 750) Tool: armlink [4d35ed]

==============================================================================

Section Cross References

    main.o(i.ADC_Configuration) refers to ht32f5xxxx_ckcu.o(i.CKCU_PeripClockConfig) for CKCU_PeripClockConfig
    main.o(i.ADC_Configuration) refers to ht32f5xxxx_gpio.o(i.AFIO_GPxConfig) for AFIO_GPxConfig
    main.o(i.ADC_Configuration) refers to ht32f5xxxx_ckcu.o(i.CKCU_SetADCnPrescaler) for CKCU_SetADCnPrescaler
    main.o(i.ADC_Configuration) refers to ht32f5xxxx_adc.o(i.ADC_RegularGroupConfig) for ADC_RegularGroupConfig
    main.o(i.ADC_Configuration) refers to main.o(i.ADC_Group1Config) for ADC_Group1Config
    main.o(i.ADC_Configuration) refers to ht32f5xxxx_adc.o(i.ADC_SamplingTimeConfig) for ADC_SamplingTimeConfig
    main.o(i.ADC_Configuration) refers to ht32f5xxxx_adc.o(i.ADC_IntConfig) for ADC_IntConfig
    main.o(i.ADC_Configuration) refers to ht32f5xxxx_adc.o(i.ADC_Cmd) for ADC_Cmd
    main.o(i.ADC_GroupProcess) refers to ht32f5xxxx_adc.o(i.ADC_GetFlagStatus) for ADC_GetFlagStatus
    main.o(i.ADC_GroupProcess) refers to ht32f5xxxx_adc.o(i.ADC_ClearIntPendingBit) for ADC_ClearIntPendingBit
    main.o(i.ADC_GroupProcess) refers to ht32_board.o(i.HT32F_DVB_LEDToggle) for HT32F_DVB_LEDToggle
    main.o(i.ADC_GroupProcess) refers to main.o(i.ADC_Group1Config) for ADC_Group1Config
    main.o(i.ADC_GroupProcess) refers to main.o(i.ADC_Group2Config) for ADC_Group2Config
    main.o(i.ADC_GroupProcess) refers to ht32f5xxxx_adc.o(i.ADC_RegularTrigConfig) for ADC_RegularTrigConfig
    main.o(i.ADC_GroupProcess) refers to ht32f5xxxx_adc.o(i.ADC_SoftwareStartConvCmd) for ADC_SoftwareStartConvCmd
    main.o(i.ADC_GroupProcess) refers to main.o(.data) for .data
    main.o(i.ADC_GroupProcess) refers to main.o(.bss) for .bss
    main.o(i.ADC_Group_SoftwareStart) refers to ht32f5xxxx_adc.o(i.ADC_SoftwareStartConvCmd) for ADC_SoftwareStartConvCmd
    main.o(i.ADC_Group_SoftwareStart) refers to main.o(.data) for .data
    main.o(i.ADC_Test_MainRoutine) refers to main.o(i.ADC_Test_MainRoutine_Softwre) for ADC_Test_MainRoutine_Softwre
    main.o(i.ADC_Test_MainRoutine_Softwre) refers to main.o(i.ADC_Group_SoftwareStart) for ADC_Group_SoftwareStart
    main.o(i.ADC_Test_MainRoutine_Softwre) refers to main.o(i.ADC_Test_ShowResult) for ADC_Test_ShowResult
    main.o(i.ADC_Test_MainRoutine_Softwre) refers to main.o(.data) for .data
    main.o(i.ADC_Test_MainRoutine_TM) refers to main.o(i.ADC_Test_ShowResult) for ADC_Test_ShowResult
    main.o(i.ADC_Test_MainRoutine_TM) refers to main.o(.data) for .data
    main.o(i.ADC_Test_ShowResult) refers to printf1.o(i.__0printf$1) for __2printf
    main.o(i.ADC_Test_ShowResult) refers to main.o(.bss) for .bss
    main.o(i.ADC_TriggerConfig_Software) refers to ht32f5xxxx_adc.o(i.ADC_RegularTrigConfig) for ADC_RegularTrigConfig
    main.o(i.ADC_TriggerConfig_TM) refers to ht32f5xxxx_adc.o(i.ADC_RegularTrigConfig) for ADC_RegularTrigConfig
    main.o(i.ADC_TriggerConfig_TM) refers to ht32f5xxxx_tm.o(i.TM_Cmd) for TM_Cmd
    main.o(i.CKCU_Configuration) refers to ht32f5xxxx_ckcu.o(i.CKCU_PeripClockConfig) for CKCU_PeripClockConfig
    main.o(i.NVIC_Configuration) refers to ht32_cm0plus_misc.o(i.NVIC_SetVectorTable) for NVIC_SetVectorTable
    main.o(i.SysTick_Configuration) refers to ht32_cm0plus_misc.o(i.SYSTICK_ClockSourceConfig) for SYSTICK_ClockSourceConfig
    main.o(i.SysTick_Configuration) refers to ht32_cm0plus_misc.o(i.SYSTICK_SetReloadValue) for SYSTICK_SetReloadValue
    main.o(i.SysTick_Configuration) refers to ht32_cm0plus_misc.o(i.SYSTICK_IntConfig) for SYSTICK_IntConfig
    main.o(i.SysTick_Configuration) refers to ht32_cm0plus_misc.o(i.SYSTICK_CounterCmd) for SYSTICK_CounterCmd
    main.o(i.SysTick_Configuration) refers to system_ht32f5xxxx_04.o(.data) for SystemCoreClock
    main.o(i.TM_Configuration) refers to ht32f5xxxx_ckcu.o(i.CKCU_PeripClockConfig) for CKCU_PeripClockConfig
    main.o(i.TM_Configuration) refers to uidiv.o(.text) for __aeabi_uidivmod
    main.o(i.TM_Configuration) refers to ht32f5xxxx_tm.o(i.TM_TimeBaseInit) for TM_TimeBaseInit
    main.o(i.TM_Configuration) refers to ht32f5xxxx_tm.o(i.TM_OutputInit) for TM_OutputInit
    main.o(i.TM_Configuration) refers to ht32f5xxxx_tm.o(i.TM_IntConfig) for TM_IntConfig
    main.o(i.TM_Configuration) refers to system_ht32f5xxxx_04.o(.data) for SystemCoreClock
    main.o(i.main) refers to main.o(i.NVIC_Configuration) for NVIC_Configuration
    main.o(i.main) refers to main.o(i.CKCU_Configuration) for CKCU_Configuration
    main.o(i.main) refers to main.o(i.SysTick_Configuration) for SysTick_Configuration
    main.o(i.main) refers to ht32_retarget.o(i.RETARGET_Configuration) for RETARGET_Configuration
    main.o(i.main) refers to ht32_board.o(i.HT32F_DVB_LEDInit) for HT32F_DVB_LEDInit
    main.o(i.main) refers to main.o(i.ADC_Configuration) for ADC_Configuration
[...]
    printfb.o(i.__0vsprintf$bare) refers to printfb.o(i._sputc) for _sputc
    printf0.o(i.__0fprintf$0) refers to printf0.o(i._printf_core) for _printf_core
    printf0.o(i.__0fprintf$0) refers to ht32_retarget.o(i.fputc) for fputc
    printf0.o(i.__0printf$0) refers to printf0.o(i._printf_core) for _printf_core
    printf0.o(i.__0printf$0) refers to ht32_retarget.o(i.fputc) for fputc
    printf0.o(i.__0printf$0) refers to ht32_retarget.o(.data) for __stdout
    printf0.o(i.__0snprintf$0) refers to printf0.o(i._printf_core) for _printf_core
    printf0.o(i.__0snprintf$0) refers to printf0.o(i._snputc) for _snputc
    printf0.o(i.__0sprintf$0) refers to printf0.o(i._printf_core) for _printf_core
    printf0.o(i.__0sprintf$0) refers to printf0.o(i._sputc) for _sputc
    printf0.o(i.__0vfprintf$0) refers to printf0.o(i._printf_core) for _printf_core
    printf0.o(i.__0vfprintf$0) refers to ht32_retarget.o(i.fputc) for fputc
    printf0.o(i.__0vprintf$0) refers to printf0.o(i._printf_core) for _printf_core
    printf0.o(i.__0vprintf$0) refers to ht32_retarget.o(i.fputc) for fputc
    printf0.o(i.__0vprintf$0) refers to ht32_retarget.o(.data) for __stdout
    printf0.o(i.__0vsnprintf$0) refers to printf0.o(i._printf_core) for _printf_core
    printf0.o(i.__0vsnprintf$0) refers to printf0.o(i._snputc) for _snputc
    printf0.o(i.__0vsprintf$0) refers to printf0.o(i._printf_core) for _printf_core
    printf0.o(i.__0vsprintf$0) refers to printf0.o(i._sputc) for _sputc
    printf1.o(i.__0fprintf$1) refers to printf1.o(i._printf_core) for _printf_core
    printf1.o(i.__0fprintf$1) refers to ht32_retarget.o(i.fputc) for fputc
    printf1.o(i.__0printf$1) refers to printf1.o(i._printf_core) for _printf_core
    printf1.o(i.__0printf$1) refers to ht32_retarget.o(i.fputc) for fputc
    printf1.o(i.__0printf$1) refers to ht32_retarget.o(.data) for __stdout
    printf1.o(i.__0snprintf$1) refers to printf1.o(i._printf_core) for _printf_core
    printf1.o(i.__0snprintf$1) refers to printf1.o(i._snputc) for _snputc
    printf1.o(i.__0sprintf$1) refers to printf1.o(i._printf_core) for _printf_core
    printf1.o(i.__0sprintf$1) refers to printf1.o(i._sputc) for _sputc
    printf1.o(i.__0vfprintf$1) refers to printf1.o(i._printf_core) for _printf_core
    printf1.o(i.__0vfprintf$1) refers to ht32_retarget.o(i.fputc) for fputc
    printf1.o(i.__0vprintf$1) refers to printf1.o(i._printf_core) for _printf_core
    printf1.o(i.__0vprintf$1) refers to ht32_retarget.o(i.fputc) for fputc
    printf1.o(i.__0vprintf$1) refers to ht32_retarget.o(.data) for __stdout
    printf1.o(i.__0vsnprintf$1) refers to printf1.o(i._printf_core) for _printf_core
    printf1.o(i.__0vsnprintf$1) refers to printf1.o(i._snputc) for _snputc
    printf1.o(i.__0vsprintf$1) refers to printf1.o(i._printf_core) for _printf_core
    printf1.o(i.__0vsprintf$1) refers to printf1.o(i._sputc) for _sputc
    printf1.o(i._printf_core) refers to uidiv.o(.text) for __aeabi_uidivmod
    printf2.o(i.__0fprintf$2) refers to printf2.o(i._printf_core) for _printf_core
    printf2.o(i.__0fprintf$2) refers to ht32_retarget.o(i.fputc) for fputc
    printf2.o(i.__0printf$2) refers to printf2.o(i._printf_core) for _printf_core
    printf2.o(i.__0printf$2) refers to ht32_retarget.o(i.fputc) for fputc
    printf2.o(i.__0printf$2) refers to ht32_retarget.o(.data) for __stdout
    printf2.o(i.__0snprintf$2) refers to printf2.o(i._printf_core) for _printf_core
    printf2.o(i.__0snprintf$2) refers to printf2.o(i._snputc) for _snputc
    printf2.o(i.__0sprintf$2) refers to printf2.o(i._printf_core) for _printf_core
    printf2.o(i.__0sprintf$2) refers to printf2.o(i._sputc) for _sputc
    printf2.o(i.__0vfprintf$2) refers to printf2.o(i._printf_core) for _printf_core
    printf2.o(i.__0vfprintf$2) refers to ht32_retarget.o(i.fputc) for fputc
    printf2.o(i.__0vprintf$2) refers to printf2.o(i._printf_core) for _printf_core
    printf2.o(i.__0vprintf$2) refers to ht32_retarget.o(i.fputc) for fputc
    printf2.o(i.__0vprintf$2) refers to ht32_retarget.o(.data) for __stdout
    printf2.o(i.__0vsnprintf$2) refers to printf2.o(i._printf_core) for _printf_core
    printf2.o(i.__0vsnprintf$2) refers to printf2.o(i._snputc) for _snputc
    printf2.o(i.__0vsprintf$2) refers to printf2.o(i._printf_core) for _printf_core
    printf2.o(i.__0vsprintf$2) refers to printf2.o(i._sputc) for _sputc
    printf3.o(i.__0fprintf$3) refers to printf3.o(i._printf_core) for _printf_core
    printf3.o(i.__0fprintf$3) refers to ht32_retarget.o(i.fputc) for fputc
    printf3.o(i.__0printf$3) refers to printf3.o(i._printf_core) for _printf_core
    printf3.o(i.__0printf$3) refers to ht32_retarget.o(i.fputc) for fputc
    printf3.o(i.__0printf$3) refers to ht32_retarget.o(.data) for __stdout
    printf3.o(i.__0snprintf$3) refers to printf3.o(i._printf_core) for _printf_core
    printf3.o(i.__0snprintf$3) refers to printf3.o(i._snputc) for _snputc
    printf3.o(i.__0sprintf$3) refers to printf3.o(i._printf_core) for _printf_core
    printf3.o(i.__0sprintf$3) refers to printf3.o(i._sputc) for _sputc
    printf3.o(i.__0vfprintf$3) refers to printf3.o(i._printf_core) for _printf_core
    printf3.o(i.__0vfprintf$3) refers to ht32_retarget.o(i.fputc) for fputc
    printf3.o(i.__0vprintf$3) refers to printf3.o(i._printf_core) for _printf_core
    printf3.o(i.__0vprintf$3) refers to ht32_retarget.o(i.fputc) for fputc
    printf3.o(i.__0vprintf$3) refers to ht32_retarget.o(.data) for __stdout
    printf3.o(i.__0vsnprintf$3) refers to printf3.o(i._printf_core) for _printf_core
    printf3.o(i.__0vsnprintf$3) refers to printf3.o(i._snputc) for _snputc
    printf3.o(i.__0vsprintf$3) refers to printf3.o(i._printf_core) for _printf_core
    printf3.o(i.__0vsprintf$3) refers to printf3.o(i._sputc) for _sputc
    printf3.o(i._printf_core) refers to uidiv.o(.text) for __aeabi_uidivmod
    printf4.o(i.__0fprintf$4) refers to printf4.o(i._printf_core) for _printf_core
    printf4.o(i.__0fprintf$4) refers to ht32_retarget.o(i.fputc) for fputc
    printf4.o(i.__0printf$4) refers to printf4.o(i._printf_core) for _printf_core
    printf4.o(i.__0printf$4) refers to ht32_retarget.o(i.fputc) for fputc
    printf4.o(i.__0printf$4) refers to ht32_retarget.o(.data) for __stdout
    printf4.o(i.__0snprintf$4) refers to printf4.o(i._printf_core) for _printf_core
    printf4.o(i.__0snprintf$4) refers to printf4.o(i._snputc) for _snputc
    printf4.o(i.__0sprintf$4) refers to printf4.o(i._printf_core) for _printf_core
    printf4.o(i.__0sprintf$4) refers to printf4.o(i._sputc) for _sputc
    printf4.o(i.__0vfprintf$4) refers to printf4.o(i._printf_core) for _printf_core
    printf4.o(i.__0vfprintf$4) refers to ht32_retarget.o(i.fputc) for fputc
    printf4.o(i.__0vprintf$4) refers to printf4.o(i._printf_core) for _printf_core
    printf4.o(i.__0vprintf$4) refers to ht32_retarget.o(i.fputc) for fputc
    printf4.o(i.__0vprintf$4) refers to ht32_retarget.o(.data) for __stdout
    printf4.o(i.__0vsnprintf$4) refers to printf4.o(i._printf_core) for _printf_core
    printf4.o(i.__0vsnprintf$4) refers to printf4.o(i._snputc) for _snputc
    printf4.o(i.__0vsprintf$4) refers to printf4.o(i._printf_core) for _printf_core
    printf4.o(i.__0vsprintf$4) refers to printf4.o(i._sputc) for _sputc
    printf4.o(i._printf_core) refers to uldiv.o(.text) for __aeabi_uldivmod
    printf5.o(i.__0fprintf$5) refers to printf5.o(i._printf_core) for _printf_core
    printf5.o(i.__0fprintf$5) refers to ht32_retarget.o(i.fputc) for fputc
    printf5.o(i.__0printf$5) refers to printf5.o(i._printf_core) for _printf_core
    printf5.o(i.__0printf$5) refers to ht32_retarget.o(i.fputc) for fputc
    printf5.o(i.__0printf$5) refers to ht32_retarget.o(.data) for __stdout
    printf5.o(i.__0snprintf$5) refers to printf5.o(i._printf_core) for _printf_core
    printf5.o(i.__0snprintf$5) refers to printf5.o(i._snputc) for _snputc
    printf5.o(i.__0sprintf$5) refers to printf5.o(i._printf_core) for _printf_core
    printf5.o(i.__0sprintf$5) refers to printf5.o(i._sputc) for _sputc
    printf5.o(i.__0vfprintf$5) refers to printf5.o(i._printf_core) for _printf_core
    printf5.o(i.__0vfprintf$5) refers to ht32_retarget.o(i.fputc) for fputc
    printf5.o(i.__0vprintf$5) refers to printf5.o(i._printf_core) for _printf_core
    printf5.o(i.__0vprintf$5) refers to ht32_retarget.o(i.fputc) for fputc
    printf5.o(i.__0vprintf$5) refers to ht32_retarget.o(.data) for __stdout
    printf5.o(i.__0vsnprintf$5) refers to printf5.o(i._printf_core) for _printf_core
    printf5.o(i.__0vsnprintf$5) refers to printf5.o(i._snputc) for _snputc
    printf5.o(i.__0vsprintf$5) refers to printf5.o(i._printf_core) for _printf_core
    printf5.o(i.__0vsprintf$5) refers to printf5.o(i._sputc) for _sputc
    printf5.o(i._printf_core) refers to uldiv.o(.text) for __aeabi_uldivmod
    printf6.o(i.__0fprintf$6) refers to printf6.o(i._printf_core) for _printf_core
    printf6.o(i.__0fprintf$6) refers to ht32_retarget.o(i.fputc) for fputc
    printf6.o(i.__0printf$6) refers to printf6.o(i._printf_core) for _printf_core
    printf6.o(i.__0printf$6) refers to ht32_retarget.o(i.fputc) for fputc
    printf6.o(i.__0printf$6) refers to ht32_retarget.o(.data) for __stdout
    printf6.o(i.__0snprintf$6) refers to printf6.o(i._printf_core) for _printf_core
    printf6.o(i.__0snprintf$6) refers to printf6.o(i._snputc) for _snputc
    printf6.o(i.__0sprintf$6) refers to printf6.o(i._printf_core) for _printf_core
    printf6.o(i.__0sprintf$6) refers to printf6.o(i._sputc) for _sputc
    printf6.o(i.__0vfprintf$6) refers to printf6.o(i._printf_core) for _printf_core
    printf6.o(i.__0vfprintf$6) refers to ht32_retarget.o(i.fputc) for fputc
    printf6.o(i.__0vprintf$6) refers to printf6.o(i._printf_core) for _printf_core
    printf6.o(i.__0vprintf$6) refers to ht32_retarget.o(i.fputc) for fputc
    printf6.o(i.__0vprintf$6) refers to ht32_retarget.o(.data) for __stdout
    printf6.o(i.__0vsnprintf$6) refers to printf6.o(i._printf_core) for _printf_core
    printf6.o(i.__0vsnprintf$6) refers to printf6.o(i._snputc) for _snputc
    printf6.o(i.__0vsprintf$6) refers to printf6.o(i._printf_core) for _printf_core
    printf6.o(i.__0vsprintf$6) refers to printf6.o(i._sputc) for _sputc
    printf6.o(i._printf_core) refers to printf6.o(i._printf_pre_padding) for _printf_pre_padding
    printf6.o(i._printf_core) refers to printf6.o(i._printf_post_padding) for _printf_post_padding
    printf6.o(i._printf_core) refers to uidiv.o(.text) for __aeabi_uidivmod
    printf7.o(i.__0fprintf$7) refers to printf7.o(i._printf_core) for _printf_core
    printf7.o(i.__0fprintf$7) refers to ht32_retarget.o(i.fputc) for fputc
    printf7.o(i.__0printf$7) refers to printf7.o(i._printf_core) for _printf_core
    printf7.o(i.__0printf$7) refers to ht32_retarget.o(i.fputc) for fputc
    printf7.o(i.__0printf$7) refers to ht32_retarget.o(.data) for __stdout
    printf7.o(i.__0snprintf$7) refers to printf7.o(i._printf_core) for _printf_core
    printf7.o(i.__0snprintf$7) refers to printf7.o(i._snputc) for _snputc
    printf7.o(i.__0sprintf$7) refers to printf7.o(i._printf_core) for _printf_core
    printf7.o(i.__0sprintf$7) refers to printf7.o(i._sputc) for _sputc
    printf7.o(i.__0vfprintf$7) refers to printf7.o(i._printf_core) for _printf_core
    printf7.o(i.__0vfprintf$7) refers to ht32_retarget.o(i.fputc) for fputc
    printf7.o(i.__0vprintf$7) refers to printf7.o(i._printf_core) for _printf_core
    printf7.o(i.__0vprintf$7) refers to ht32_retarget.o(i.fputc) for fputc
    printf7.o(i.__0vprintf$7) refers to ht32_retarget.o(.data) for __stdout
    printf7.o(i.__0vsnprintf$7) refers to printf7.o(i._printf_core) for _printf_core
    printf7.o(i.__0vsnprintf$7) refers to printf7.o(i._snputc) for _snputc
    printf7.o(i.__0vsprintf$7) refers to printf7.o(i._printf_core) for _printf_core
    printf7.o(i.__0vsprintf$7) refers to printf7.o(i._sputc) for _sputc
    printf7.o(i._printf_core) refers to printf7.o(i._printf_pre_padding) for _printf_pre_padding
    printf7.o(i._printf_core) refers to printf7.o(i._printf_post_padding) for _printf_post_padding
    printf7.o(i._printf_core) refers to uldiv.o(.text) for __aeabi_uldivmod
    printf8.o(i.__0fprintf$8) refers to printf8.o(i._printf_core) for _printf_core
    printf8.o(i.__0fprintf$8) refers to ht32_retarget.o(i.fputc) for fputc
    printf8.o(i.__0printf$8) refers to printf8.o(i._printf_core) for _printf_core
    printf8.o(i.__0printf$8) refers to ht32_retarget.o(i.fputc) for fputc
    printf8.o(i.__0printf$8) refers to ht32_retarget.o(.data) for __stdout
    printf8.o(i.__0snprintf$8) refers to printf8.o(i._printf_core) for _printf_core
    printf8.o(i.__0snprintf$8) refers to printf8.o(i._snputc) for _snputc
    printf8.o(i.__0sprintf$8) refers to printf8.o(i._printf_core) for _printf_core
    printf8.o(i.__0sprintf$8) refers to printf8.o(i._sputc) for _sputc
    printf8.o(i.__0vfprintf$8) refers to printf8.o(i._printf_core) for _printf_core
    printf8.o(i.__0vfprintf$8) refers to ht32_retarget.o(i.fputc) for fputc
    printf8.o(i.__0vprintf$8) refers to printf8.o(i._printf_core) for _printf_core
    printf8.o(i.__0vprintf$8) refers to ht32_retarget.o(i.fputc) for fputc
    printf8.o(i.__0vprintf$8) refers to ht32_retarget.o(.data) for __stdout
    printf8.o(i.__0vsnprintf$8) refers to printf8.o(i._printf_core) for _printf_core
    printf8.o(i.__0vsnprintf$8) refers to printf8.o(i._snputc) for _snputc
    printf8.o(i.__0vsprintf$8) refers to printf8.o(i._printf_core) for _printf_core
    printf8.o(i.__0vsprintf$8) refers to printf8.o(i._sputc) for _sputc
    printf8.o(i._printf_core) refers to printf8.o(i._printf_pre_padding) for _printf_pre_padding
    printf8.o(i._printf_core) refers to printf8.o(i._printf_post_padding) for _printf_post_padding
    printf8.o(i._printf_core) refers to uldiv.o(.text) for __aeabi_uldivmod
    printfa.o(i.__0fprintf) refers (Special) to iusefp.o(.text) for __I$use$fp
    printfa.o(i.__0fprintf) refers to printfa.o(i._printf_core) for _printf_core
    printfa.o(i.__0fprintf) refers to ht32_retarget.o(i.fputc) for fputc
    printfa.o(i.__0printf) refers (Special) to iusefp.o(.text) for __I$use$fp
    printfa.o(i.__0printf) refers to printfa.o(i._printf_core) for _printf_core
    printfa.o(i.__0printf) refers to ht32_retarget.o(i.fputc) for fputc
    printfa.o(i.__0printf) refers to ht32_retarget.o(.data) for __stdout
    printfa.o(i.__0snprintf) refers (Special) to iusefp.o(.text) for __I$use$fp
    printfa.o(i.__0snprintf) refers to printfa.o(i._printf_core) for _printf_core
    printfa.o(i.__0snprintf) refers to printfa.o(i._snputc) for _snputc
    printfa.o(i.__0sprintf) refers (Special) to iusefp.o(.text) for __I$use$fp
    printfa.o(i.__0sprintf) refers to printfa.o(i._printf_core) for _printf_core
    printfa.o(i.__0sprintf) refers to printfa.o(i._sputc) for _sputc
    printfa.o(i.__0vfprintf) refers (Special) to iusefp.o(.text) for __I$use$fp
    printfa.o(i.__0vfprintf) refers to printfa.o(i._printf_core) for _printf_core
    printfa.o(i.__0vfprintf) refers to ht32_retarget.o(i.fputc) for fputc
    printfa.o(i.__0vprintf) refers (Special) to iusefp.o(.text) for __I$use$fp
    printfa.o(i.__0vprintf) refers to printfa.o(i._printf_core) for _printf_core
    printfa.o(i.__0vprintf) refers to ht32_retarget.o(i.fputc) for fputc
    printfa.o(i.__0vprintf) refers to ht32_retarget.o(.data) for __stdout
    printfa.o(i.__0vsnprintf) refers (Special) to iusefp.o(.text) for __I$use$fp
    printfa.o(i.__0vsnprintf) refers to printfa.o(i._printf_core) for _printf_core
    printfa.o(i.__0vsnprintf) refers to printfa.o(i._snputc) for _snputc
    printfa.o(i.__0vsprintf) refers (Special) to iusefp.o(.text) for __I$use$fp
    printfa.o(i.__0vsprintf) refers to printfa.o(i._printf_core) for _printf_core
    printfa.o(i.__0vsprintf) refers to printfa.o(i._sputc) for _sputc
    printfa.o(i._fp_digits) refers (Special) to iusefp.o(.text) for __I$use$fp
    printfa.o(i._fp_digits) refers to dmul.o(.text) for __aeabi_dmul
    printfa.o(i._fp_digits) refers to ddiv.o(.text) for __aeabi_ddiv
    printfa.o(i._fp_digits) refers to cdrcmple.o(.text) for __aeabi_cdrcmple
    printfa.o(i._fp_digits) refers to dadd.o(.text) for __aeabi_dadd
    printfa.o(i._fp_digits) refers to dfixul.o(.text) for __aeabi_d2ulz
    printfa.o(i._fp_digits) refers to uldiv.o(.text) for __aeabi_uldivmod
    printfa.o(i._printf_core) refers (Special) to iusefp.o(.text) for __I$use$fp
    printfa.o(i._printf_core) refers to printfa.o(i._printf_pre_padding) for _printf_pre_padding
    printfa.o(i._printf_core) refers to uldiv.o(.text) for __aeabi_uldivmod
    printfa.o(i._printf_core) refers to printfa.o(i._printf_post_padding) for _printf_post_padding
    printfa.o(i._printf_core) refers to printfa.o(i._fp_digits) for _fp_digits
    printfa.o(i._printf_core) refers to uidiv.o(.text) for __aeabi_uidivmod
    printfa.o(i._printf_post_padding) refers (Special) to iusefp.o(.text) for __I$use$fp
    printfa.o(i._printf_pre_padding) refers (Special) to iusefp.o(.text) for __I$use$fp
    printfa.o(i._snputc) refers (Special) to iusefp.o(.text) for __I$use$fp
    printfa.o(i._sputc) refers (Special) to iusefp.o(.text) for __I$use$fp
    entry2.o(.ARM.Collect$$$$00000001) refers to entry2.o(.ARM.Collect$$$$00002712) for __lit__00000000
    entry2.o(.ARM.Collect$$$$00002712) refers to startup_ht32f5xxxx_02.o(STACK) for __initial_sp
    entry2.o(__vectab_stack_and_reset_area) refers to startup_ht32f5xxxx_02.o(STACK) for __initial_sp
    entry2.o(__vectab_stack_and_reset_area) refers to entry.o(.ARM.Collect$$$$00000000) for __main
    entry5.o(.ARM.Collect$$$$00000004) refers to init.o(.text) for __scatterload
    entry9a.o(.ARM.Collect$$$$0000000B) refers to main.o(i.main) for main
    entry9b.o(.ARM.Collect$$$$0000000C) refers to main.o(i.main) for main
    uldiv.o(.text) refers to llushr.o(.text) for __aeabi_llsr
    uldiv.o(.text) refers to llshl.o(.text) for __aeabi_llsl
    dadd.o(.text) refers to llshl.o(.text) for __aeabi_llsl
    dadd.o(.text) refers to llsshr.o(.text) for __aeabi_lasr
    dadd.o(.text) refers to depilogue.o(.text) for _double_epilogue
    dmul.o(.text) refers to depilogue.o(.text) for _double_epilogue
    ddiv.o(.text) refers to depilogue.o(.text) for _double_round
    dfixul.o(.text) refers to llushr.o(.text) for __aeabi_llsr
    dfixul.o(.text) refers to llshl.o(.text) for __aeabi_llsl
    init.o(.text) refers to entry5.o(.ARM.Collect$$$$00000004) for __main_after_scatterload
    depilogue.o(.text) refers to depilogue.o(i.__ARM_clz) for __ARM_clz
    depilogue.o(.text) refers to llshl.o(.text) for __aeabi_llsl
    depilogue.o(.text) refers to llushr.o(.text) for __aeabi_llsr


==============================================================================

Removing Unused input sections from the image.

    Removing main.o(.rev16_text), (4 bytes).
    Removing main.o(.revsh_text), (4 bytes).
    Removing main.o(i.ADC_Test_MainRoutine), (8 bytes).
    Removing main.o(i.ADC_Test_MainRoutine_TM), (24 bytes).
    Removing main.o(i.ADC_TriggerConfig_TM), (32 bytes).
    Removing main.o(i.TM_Configuration), (116 bytes).
    Removing ht32f5xxxx_01_it.o(.rev16_text), (4 bytes).
    Removing ht32f5xxxx_01_it.o(.revsh_text), (4 bytes).
    Removing system_ht32f5xxxx_04.o(.rev16_text), (4 bytes).
    Removing system_ht32f5xxxx_04.o(.revsh_text), (4 bytes).
    Removing system_ht32f5xxxx_04.o(i.SystemCoreClockUpdate), (68 bytes).
    Removing startup_ht32f5xxxx_02.o(HEAP), (0 bytes).
    Removing ht32_cm0plus_misc.o(.rev16_text), (4 bytes).
    Removing ht32_cm0plus_misc.o(.revsh_text), (4 bytes).
    Removing ht32_cm0plus_misc.o(i.DIV32_Init), (20 bytes).
    Removing ht32_cm0plus_misc.o(i.NVIC_LowPowerConfig), (24 bytes).
    Removing ht32_cm0plus_misc.o(i.NVIC_SetPendingSystemHandler), (16 bytes).
    Removing ht32_cm0plus_misc.o(i.RBIT), (22 bytes).
    Removing ht32_cm0plus_misc.o(i.Rand_Init), (28 bytes).
    Removing ht32_cm0plus_misc.o(.constdata), (344 bytes).
    Removing ht32_cm0plus_misc.o(.data), (360 bytes).
    Removing ht32f5xxxx_usart.o(.rev16_text), (4 bytes).
    Removing ht32f5xxxx_usart.o(.revsh_text), (4 bytes).
    Removing ht32f5xxxx_usart.o(i.USART_ClearFlag), (8 bytes).
    Removing ht32f5xxxx_usart.o(i.USART_DeInit), (56 bytes).
    Removing ht32f5xxxx_usart.o(i.USART_FIFOReset), (8 bytes).
    Removing ht32f5xxxx_usart.o(i.USART_ForceBreakCmd), (20 bytes).
    Removing ht32f5xxxx_usart.o(i.USART_GetFIFOStatus), (18 bytes).
    Removing ht32f5xxxx_usart.o(i.USART_GetFlagStatus), (10 bytes).
    Removing ht32f5xxxx_usart.o(i.USART_HardwareFlowControlCmd), (18 bytes).
    Removing ht32f5xxxx_usart.o(i.USART_IntConfig), (16 bytes).
    Removing ht32f5xxxx_usart.o(i.USART_IrDACmd), (20 bytes).
    Removing ht32f5xxxx_usart.o(i.USART_IrDAConfig), (18 bytes).
    Removing ht32f5xxxx_usart.o(i.USART_IrDADirectionConfig), (18 bytes).
    Removing ht32f5xxxx_usart.o(i.USART_IrDAInvtCmd), (20 bytes).
    Removing ht32f5xxxx_usart.o(i.USART_RS485AADCmd), (18 bytes).
    Removing ht32f5xxxx_usart.o(i.USART_RS485NMMCmd), (18 bytes).
    Removing ht32f5xxxx_usart.o(i.USART_RS485TxEnablePolarityConfig), (20 bytes).
    Removing ht32f5xxxx_usart.o(i.USART_ReceiveData), (6 bytes).
    Removing ht32f5xxxx_usart.o(i.USART_SendData), (4 bytes).
    Removing ht32f5xxxx_usart.o(i.USART_SetAddressMatchValue), (16 bytes).
    Removing ht32f5xxxx_usart.o(i.USART_SetGuardTime), (16 bytes).
    Removing ht32f5xxxx_usart.o(i.USART_SetIrDAPrescaler), (16 bytes).
    Removing ht32f5xxxx_usart.o(i.USART_SetTimeOutValue), (16 bytes).
    Removing ht32f5xxxx_usart.o(i.USART_StickParityCmd), (20 bytes).
    Removing ht32f5xxxx_usart.o(i.USART_StickParityConfig), (24 bytes).
    Removing ht32f5xxxx_usart.o(i.USART_StructInit), (22 bytes).
    Removing ht32f5xxxx_usart.o(i.USART_SynClockInit), (26 bytes).
    Removing ht32f5xxxx_usart.o(i.USART_SynClockStructInit), (12 bytes).
    Removing ht32f5xxxx_usart.o(i.USART_TXRXTLConfig), (20 bytes).
    Removing ht32f5xxxx_wdt.o(.rev16_text), (4 bytes).
    Removing ht32f5xxxx_wdt.o(.revsh_text), (4 bytes).
    Removing ht32f5xxxx_wdt.o(i.WDT_Cmd), (28 bytes).
    Removing ht32f5xxxx_wdt.o(i.WDT_DeInit), (16 bytes).
    Removing ht32f5xxxx_wdt.o(i.WDT_GetDeltaValue), (16 bytes).
    Removing ht32f5xxxx_wdt.o(i.WDT_GetFlagStatus), (20 bytes).
    Removing ht32f5xxxx_wdt.o(i.WDT_GetPrescaler), (20 bytes).
    Removing ht32f5xxxx_wdt.o(i.WDT_GetReloadValue), (16 bytes).
    Removing ht32f5xxxx_wdt.o(i.WDT_HaltConfig), (24 bytes).
    Removing ht32f5xxxx_wdt.o(i.WDT_LockCmd), (36 bytes).
    Removing ht32f5xxxx_wdt.o(i.WDT_ProtectCmd), (28 bytes).
    Removing ht32f5xxxx_wdt.o(i.WDT_ResetCmd), (28 bytes).
    Removing ht32f5xxxx_wdt.o(i.WDT_Restart), (16 bytes).
    Removing ht32f5xxxx_wdt.o(i.WDT_SetDeltaValue), (20 bytes).
    Removing ht32f5xxxx_wdt.o(i.WDT_SetPrescaler), (20 bytes).
    Removing ht32f5xxxx_wdt.o(i.WDT_SetReloadValue), (20 bytes).
    Removing ht32f5xxxx_wdt.o(i.WDT_SourceConfig), (16 bytes).
    Removing ht32f5xxxx_spi.o(.rev16_text), (4 bytes).
    Removing ht32f5xxxx_spi.o(.revsh_text), (4 bytes).
    Removing ht32f5xxxx_spi.o(i.SPI_ClearFlag), (4 bytes).
    Removing ht32f5xxxx_spi.o(i.SPI_Cmd), (20 bytes).
    Removing ht32f5xxxx_spi.o(i.SPI_DUALCmd), (18 bytes).
    Removing ht32f5xxxx_spi.o(i.SPI_DeInit), (44 bytes).
    Removing ht32f5xxxx_spi.o(i.SPI_FIFOCmd), (20 bytes).
    Removing ht32f5xxxx_spi.o(i.SPI_FIFOTriggerLevelConfig), (32 bytes).
    Removing ht32f5xxxx_spi.o(i.SPI_GUARDTCmd), (18 bytes).
    Removing ht32f5xxxx_spi.o(i.SPI_GUARDTConfig), (20 bytes).
    Removing ht32f5xxxx_spi.o(i.SPI_GetFIFOStatus), (20 bytes).
    Removing ht32f5xxxx_spi.o(i.SPI_GetFlagStatus), (14 bytes).
    Removing ht32f5xxxx_spi.o(i.SPI_Init), (72 bytes).
    Removing ht32f5xxxx_spi.o(i.SPI_IntConfig), (16 bytes).
    Removing ht32f5xxxx_spi.o(i.SPI_ReceiveData), (6 bytes).
    Removing ht32f5xxxx_spi.o(i.SPI_SELHTConfig), (14 bytes).
    Removing ht32f5xxxx_spi.o(i.SPI_SELModeConfig), (20 bytes).
    Removing ht32f5xxxx_spi.o(i.SPI_SELOutputCmd), (18 bytes).
    Removing ht32f5xxxx_spi.o(i.SPI_SendData), (4 bytes).
    Removing ht32f5xxxx_spi.o(i.SPI_SetDataLength), (16 bytes).
    Removing ht32f5xxxx_spi.o(i.SPI_SetTimeOutValue), (4 bytes).
    Removing ht32f5xxxx_spi.o(i.SPI_SoftwareSELCmd), (18 bytes).
    Removing ht32f5xxxx_spi.o(i.SPI_StructInit), (28 bytes).
    Removing ht32f5xxxx_tm.o(.rev16_text), (4 bytes).
    Removing ht32f5xxxx_tm.o(.revsh_text), (4 bytes).
    Removing ht32f5xxxx_tm.o(i.TM_CHCCRPreloadConfig), (24 bytes).
    Removing ht32f5xxxx_tm.o(i.TM_CHPSCConfig), (22 bytes).
    Removing ht32f5xxxx_tm.o(i.TM_CKDIVConfig), (18 bytes).
    Removing ht32f5xxxx_tm.o(i.TM_CRRPreloadCmd), (18 bytes).
    Removing ht32f5xxxx_tm.o(i.TM_CaptureInit), (32 bytes).
    Removing ht32f5xxxx_tm.o(i.TM_CaptureStructInit), (18 bytes).
    Removing ht32f5xxxx_tm.o(i.TM_ChExternalClockConfig), (50 bytes).
    Removing ht32f5xxxx_tm.o(i.TM_ChPolarityConfig), (20 bytes).
    Removing ht32f5xxxx_tm.o(i.TM_ChannelConfig), (24 bytes).
    Removing ht32f5xxxx_tm.o(i.TM_ClearFlag), (10 bytes).
    Removing ht32f5xxxx_tm.o(i.TM_ClearIntPendingBit), (10 bytes).
    Removing ht32f5xxxx_tm.o(i.TM_ClearOREFConfig), (24 bytes).
    Removing ht32f5xxxx_tm.o(i.TM_Cmd), (20 bytes).
    Removing ht32f5xxxx_tm.o(i.TM_CounterModeConfig), (28 bytes).
    Removing ht32f5xxxx_tm.o(i.TM_DeInit), (72 bytes).
    Removing ht32f5xxxx_tm.o(i.TM_DecoderConfig), (64 bytes).
    Removing ht32f5xxxx_tm.o(i.TM_EtiConfig), (24 bytes).
    Removing ht32f5xxxx_tm.o(i.TM_EtiExternalClockConfig), (20 bytes).
    Removing ht32f5xxxx_tm.o(i.TM_ForcedOREF), (18 bytes).
    Removing ht32f5xxxx_tm.o(i.TM_GenerateEvent), (4 bytes).
    Removing ht32f5xxxx_tm.o(i.TM_GetCaptureCompare), (10 bytes).
    Removing ht32f5xxxx_tm.o(i.TM_GetCounter), (6 bytes).
    Removing ht32f5xxxx_tm.o(i.TM_GetFlagStatus), (10 bytes).
    Removing ht32f5xxxx_tm.o(i.TM_GetIntStatus), (24 bytes).
    Removing ht32f5xxxx_tm.o(i.TM_GetPrescaler), (6 bytes).
    Removing ht32f5xxxx_tm.o(i.TM_HallInterfaceCmd), (22 bytes).
    Removing ht32f5xxxx_tm.o(i.TM_ImmActiveConfig), (24 bytes).
    Removing ht32f5xxxx_tm.o(i.TM_IntConfig), (16 bytes).
    Removing ht32f5xxxx_tm.o(i.TM_InternalClockConfig), (12 bytes).
    Removing ht32f5xxxx_tm.o(i.TM_ItiExternalClockConfig), (20 bytes).
    Removing ht32f5xxxx_tm.o(i.TM_MMSELConfig), (14 bytes).
    Removing ht32f5xxxx_tm.o(i.TM_OutputInit), (160 bytes).
    Removing ht32f5xxxx_tm.o(i.TM_OutputModeConfig), (32 bytes).
    Removing ht32f5xxxx_tm.o(i.TM_OutputStructInit), (24 bytes).
    Removing ht32f5xxxx_tm.o(i.TM_PrescalerConfig), (8 bytes).
    Removing ht32f5xxxx_tm.o(i.TM_PwmInputInit), (90 bytes).
    Removing ht32f5xxxx_tm.o(i.TM_SetAsymmetricCompare), (10 bytes).
    Removing ht32f5xxxx_tm.o(i.TM_SetCaptureCompare), (10 bytes).
    Removing ht32f5xxxx_tm.o(i.TM_SetCounter), (6 bytes).
    Removing ht32f5xxxx_tm.o(i.TM_SetCounterReload), (6 bytes).
    Removing ht32f5xxxx_tm.o(i.TM_SinglePulseModeCmd), (20 bytes).
    Removing ht32f5xxxx_tm.o(i.TM_SlaveModeConfig), (14 bytes).
    Removing ht32f5xxxx_tm.o(i.TM_StiConfig), (26 bytes).
    Removing ht32f5xxxx_tm.o(i.TM_TimSyncCmd), (20 bytes).
    Removing ht32f5xxxx_tm.o(i.TM_TimeBaseInit), (64 bytes).
    Removing ht32f5xxxx_tm.o(i.TM_TimeBaseStructInit), (20 bytes).
    Removing ht32f5xxxx_tm.o(i.TM_UEVG_IntConfig), (18 bytes).
    Removing ht32f5xxxx_tm.o(i.TM_UpdateCmd), (20 bytes).
    Removing ht32f5xxxx_tm.o(i._TM_CHx_Config), (60 bytes).
    Removing ht32f5xxxx_rtc.o(.rev16_text), (4 bytes).
    Removing ht32f5xxxx_rtc.o(.revsh_text), (4 bytes).
    Removing ht32f5xxxx_rtc.o(i.RTC_CMPCLRCmd), (24 bytes).
    Removing ht32f5xxxx_rtc.o(i.RTC_ClockSourceConfig), (20 bytes).
    Removing ht32f5xxxx_rtc.o(i.RTC_Cmd), (28 bytes).
    Removing ht32f5xxxx_rtc.o(i.RTC_DeInit), (44 bytes).
    Removing ht32f5xxxx_rtc.o(i.RTC_GetCompare), (12 bytes).
    Removing ht32f5xxxx_rtc.o(i.RTC_GetCounter), (12 bytes).
    Removing ht32f5xxxx_rtc.o(i.RTC_GetFlagStatus), (12 bytes).
    Removing ht32f5xxxx_rtc.o(i.RTC_GetOutStatus), (20 bytes).
    Removing ht32f5xxxx_rtc.o(i.RTC_GetPrescaler), (20 bytes).
    Removing ht32f5xxxx_rtc.o(i.RTC_IntConfig), (24 bytes).
    Removing ht32f5xxxx_rtc.o(i.RTC_LSECmd), (44 bytes).
    Removing ht32f5xxxx_rtc.o(i.RTC_LSESMConfig), (20 bytes).
    Removing ht32f5xxxx_rtc.o(i.RTC_OutCmd), (28 bytes).
    Removing ht32f5xxxx_rtc.o(i.RTC_OutConfig), (56 bytes).
    Removing ht32f5xxxx_rtc.o(i.RTC_SetCompare), (12 bytes).
    Removing ht32f5xxxx_rtc.o(i.RTC_SetPrescaler), (24 bytes).
    Removing ht32f5xxxx_rtc.o(i.RTC_WakeupConfig), (24 bytes).
    Removing ht32f5xxxx_rstcu.o(.rev16_text), (4 bytes).
    Removing ht32f5xxxx_rstcu.o(.revsh_text), (4 bytes).
    Removing ht32f5xxxx_rstcu.o(i.RSTCU_ClearAllResetFlag), (12 bytes).
    Removing ht32f5xxxx_rstcu.o(i.RSTCU_ClearResetFlag), (16 bytes).
    Removing ht32f5xxxx_rstcu.o(i.RSTCU_GetResetFlagStatus), (24 bytes).
    Removing ht32f5xxxx_rstcu.o(i.RSTCU_PeripReset), (40 bytes).
    Removing ht32f5xxxx_adc.o(.rev16_text), (4 bytes).
    Removing ht32f5xxxx_adc.o(.revsh_text), (4 bytes).
    Removing ht32f5xxxx_adc.o(i.ADC_AWDConfig), (12 bytes).
    Removing ht32f5xxxx_adc.o(i.ADC_AWDSingleChannelConfig), (16 bytes).
    Removing ht32f5xxxx_adc.o(i.ADC_AWDThresholdsConfig), (8 bytes).
    Removing ht32f5xxxx_adc.o(i.ADC_DeInit), (18 bytes).
    Removing ht32f5xxxx_adc.o(i.ADC_GetConversionData), (10 bytes).
    Removing ht32f5xxxx_adc.o(i.ADC_GetIntStatus), (12 bytes).
    Removing ht32f5xxxx_adc.o(i.ADC_RegularChannelConfig), (28 bytes).
    Removing ht32f5xxxx_adc.o(i.ADC_Reset), (10 bytes).
    Removing ht32f5xxxx_bftm.o(.rev16_text), (4 bytes).
    Removing ht32f5xxxx_bftm.o(.revsh_text), (4 bytes).
    Removing ht32f5xxxx_bftm.o(i.BFTM_ClearFlag), (14 bytes).
    Removing ht32f5xxxx_bftm.o(i.BFTM_DeInit), (48 bytes).
    Removing ht32f5xxxx_bftm.o(i.BFTM_EnaCmd), (18 bytes).
    Removing ht32f5xxxx_bftm.o(i.BFTM_GetCompare), (4 bytes).
    Removing ht32f5xxxx_bftm.o(i.BFTM_GetCounter), (4 bytes).
    Removing ht32f5xxxx_bftm.o(i.BFTM_GetFlagStatus), (10 bytes).
    Removing ht32f5xxxx_bftm.o(i.BFTM_IntConfig), (20 bytes).
    Removing ht32f5xxxx_bftm.o(i.BFTM_OneShotModeCmd), (18 bytes).
    Removing ht32f5xxxx_bftm.o(i.BFTM_SetCompare), (4 bytes).
    Removing ht32f5xxxx_bftm.o(i.BFTM_SetCounter), (4 bytes).
    Removing ht32f5xxxx_ckcu.o(.rev16_text), (4 bytes).
    Removing ht32f5xxxx_ckcu.o(.revsh_text), (4 bytes).
    Removing ht32f5xxxx_ckcu.o(i.CKCU_ATCInit), (28 bytes).
    Removing ht32f5xxxx_ckcu.o(i.CKCU_BKISOCmd), (28 bytes).
    Removing ht32f5xxxx_ckcu.o(i.CKCU_CKMCmd), (24 bytes).
    Removing ht32f5xxxx_ckcu.o(i.CKCU_CKOUTConfig), (20 bytes).
    Removing ht32f5xxxx_ckcu.o(i.CKCU_ClearIntFlag), (16 bytes).
    Removing ht32f5xxxx_ckcu.o(i.CKCU_DeInit), (92 bytes).
    Removing ht32f5xxxx_ckcu.o(i.CKCU_GetClockReadyStatus), (20 bytes).
    Removing ht32f5xxxx_ckcu.o(i.CKCU_GetIntStatus), (20 bytes).
    Removing ht32f5xxxx_ckcu.o(i.CKCU_GetSysClockSource), (16 bytes).
    Removing ht32f5xxxx_ckcu.o(i.CKCU_HSECmd), (20 bytes).
    Removing ht32f5xxxx_ckcu.o(i.CKCU_HSIAutoTrimClkConfig), (20 bytes).
    Removing ht32f5xxxx_ckcu.o(i.CKCU_HSIAutoTrimCmd), (32 bytes).
    Removing ht32f5xxxx_ckcu.o(i.CKCU_HSIAutoTrimIsReady), (16 bytes).
    Removing ht32f5xxxx_ckcu.o(i.CKCU_HSICmd), (24 bytes).
    Removing ht32f5xxxx_ckcu.o(i.CKCU_IS_HSE_USED), (24 bytes).
    Removing ht32f5xxxx_ckcu.o(i.CKCU_IS_HSI_USED), (24 bytes).
    Removing ht32f5xxxx_ckcu.o(i.CKCU_IntConfig), (28 bytes).
    Removing ht32f5xxxx_ckcu.o(i.CKCU_MCUDBGConfig), (24 bytes).
    Removing ht32f5xxxx_ckcu.o(i.CKCU_PSRCWKUPCmd), (24 bytes).
    Removing ht32f5xxxx_ckcu.o(i.CKCU_SetCKREFPrescaler), (24 bytes).
    Removing ht32f5xxxx_ckcu.o(i.CKCU_SetHCLKPrescaler), (12 bytes).
    Removing ht32f5xxxx_ckcu.o(i.CKCU_SetPeripPrescaler), (40 bytes).
    Removing ht32f5xxxx_ckcu.o(i.CKCU_SleepClockConfig), (24 bytes).
    Removing ht32f5xxxx_ckcu.o(i.CKCU_SysClockConfig), (44 bytes).
    Removing ht32f5xxxx_ckcu.o(i.CKCU_WaitHSEReady), (36 bytes).
    Removing ht32f5xxxx_crc.o(.rev16_text), (4 bytes).
    Removing ht32f5xxxx_crc.o(.revsh_text), (4 bytes).
    Removing ht32f5xxxx_crc.o(i.CRC_16), (32 bytes).
    Removing ht32f5xxxx_crc.o(i.CRC_32), (28 bytes).
    Removing ht32f5xxxx_crc.o(i.CRC_CCITT), (32 bytes).
    Removing ht32f5xxxx_crc.o(i.CRC_DeInit), (16 bytes).
    Removing ht32f5xxxx_crc.o(i.CRC_Init), (44 bytes).
    Removing ht32f5xxxx_crc.o(i.CRC_Process), (24 bytes).
    Removing ht32f5xxxx_div.o(.rev16_text), (4 bytes).
    Removing ht32f5xxxx_div.o(.revsh_text), (4 bytes).
    Removing ht32f5xxxx_div.o(i.DIV_DeInit), (18 bytes).
    Removing ht32f5xxxx_div.o(i.DIV_Div32), (24 bytes).
    Removing ht32f5xxxx_div.o(i.DIV_Mod), (16 bytes).
    Removing ht32f5xxxx_exti.o(.rev16_text), (4 bytes).
    Removing ht32f5xxxx_exti.o(.revsh_text), (4 bytes).
    Removing ht32f5xxxx_exti.o(i.EXTI_ClearEdgeFlag), (16 bytes).
    Removing ht32f5xxxx_exti.o(i.EXTI_ClearWakeupFlag), (20 bytes).
    Removing ht32f5xxxx_exti.o(i.EXTI_DeInit), (56 bytes).
    Removing ht32f5xxxx_exti.o(i.EXTI_GetEdgeFlag), (24 bytes).
    Removing ht32f5xxxx_exti.o(i.EXTI_GetEdgeStatus), (40 bytes).
    Removing ht32f5xxxx_exti.o(i.EXTI_GetSWCmdStatus), (24 bytes).
    Removing ht32f5xxxx_exti.o(i.EXTI_GetWakeupFlagStatus), (24 bytes).
    Removing ht32f5xxxx_exti.o(i.EXTI_Init), (32 bytes).
    Removing ht32f5xxxx_exti.o(i.EXTI_IntConfig), (28 bytes).
    Removing ht32f5xxxx_exti.o(i.EXTI_SWIntCmd), (28 bytes).
    Removing ht32f5xxxx_exti.o(i.EXTI_WakeupEventConfig), (44 bytes).
    Removing ht32f5xxxx_exti.o(i.EXTI_WakeupEventIntConfig), (28 bytes).
    Removing ht32f5xxxx_flash.o(.rev16_text), (4 bytes).
    Removing ht32f5xxxx_flash.o(.revsh_text), (4 bytes).
    Removing ht32f5xxxx_flash.o(i.FLASH_ClearIntFlag), (12 bytes).
    Removing ht32f5xxxx_flash.o(i.FLASH_EraseOptionByte), (16 bytes).
    Removing ht32f5xxxx_flash.o(i.FLASH_ErasePage), (24 bytes).
    Removing ht32f5xxxx_flash.o(i.FLASH_GetIntStatus), (20 bytes).
    Removing ht32f5xxxx_flash.o(i.FLASH_GetOptionByteStatus), (48 bytes).
    Removing ht32f5xxxx_flash.o(i.FLASH_IntConfig), (24 bytes).
    Removing ht32f5xxxx_flash.o(i.FLASH_MassErase), (24 bytes).
    Removing ht32f5xxxx_flash.o(i.FLASH_PrefetchBufferCmd), (24 bytes).
    Removing ht32f5xxxx_flash.o(i.FLASH_ProgramOptionByte), (76 bytes).
    Removing ht32f5xxxx_flash.o(i.FLASH_ProgramWordData), (28 bytes).
    Removing ht32f5xxxx_flash.o(i.FLASH_SetRemappingMode), (12 bytes).
    Removing ht32f5xxxx_flash.o(i.FLASH_WaitForOperationEnd), (88 bytes).
    Removing ht32f5xxxx_gpio.o(.rev16_text), (4 bytes).
    Removing ht32f5xxxx_gpio.o(.revsh_text), (4 bytes).
    Removing ht32f5xxxx_gpio.o(i.AFIO_DeInit), (18 bytes).
    Removing ht32f5xxxx_gpio.o(i.AFIO_EXTISourceConfig), (44 bytes).
    Removing ht32f5xxxx_gpio.o(i.GPIO_ClearOutBits), (4 bytes).
    Removing ht32f5xxxx_gpio.o(i.GPIO_DeInit), (60 bytes).
    Removing ht32f5xxxx_gpio.o(i.GPIO_GetID), (8 bytes).
    Removing ht32f5xxxx_gpio.o(i.GPIO_InputConfig), (16 bytes).
    Removing ht32f5xxxx_gpio.o(i.GPIO_IsPinLocked), (10 bytes).
    Removing ht32f5xxxx_gpio.o(i.GPIO_IsPortLocked), (10 bytes).
    Removing ht32f5xxxx_gpio.o(i.GPIO_OpenDrainConfig), (16 bytes).
    Removing ht32f5xxxx_gpio.o(i.GPIO_PinLock), (12 bytes).
    Removing ht32f5xxxx_gpio.o(i.GPIO_ReadInBit), (10 bytes).
    Removing ht32f5xxxx_gpio.o(i.GPIO_ReadInData), (6 bytes).
    Removing ht32f5xxxx_gpio.o(i.GPIO_ReadOutBit), (10 bytes).
    Removing ht32f5xxxx_gpio.o(i.GPIO_ReadOutData), (6 bytes).
    Removing ht32f5xxxx_gpio.o(i.GPIO_SetOutBits), (4 bytes).
    Removing ht32f5xxxx_gpio.o(i.GPIO_SinkConfig), (16 bytes).
    Removing ht32f5xxxx_gpio.o(i.GPIO_WriteOutBits), (12 bytes).
    Removing ht32f5xxxx_gpio.o(i.GPIO_WriteOutData), (4 bytes).
    Removing ht32f5xxxx_gpio.o(i._AFIO_ClockControl), (40 bytes).
    Removing ht32f5xxxx_gpio.o(i._GPIO_ClockControl), (48 bytes).
    Removing ht32f5xxxx_i2c.o(.rev16_text), (4 bytes).
    Removing ht32f5xxxx_i2c.o(.revsh_text), (4 bytes).
    Removing ht32f5xxxx_i2c.o(i.I2C_AckCmd), (20 bytes).
    Removing ht32f5xxxx_i2c.o(i.I2C_AddressMaskConfig), (4 bytes).
    Removing ht32f5xxxx_i2c.o(i.I2C_CheckStatus), (14 bytes).
    Removing ht32f5xxxx_i2c.o(i.I2C_ClearFlag), (4 bytes).
    Removing ht32f5xxxx_i2c.o(i.I2C_Cmd), (18 bytes).
    Removing ht32f5xxxx_i2c.o(i.I2C_CombFilterCmd), (20 bytes).
    Removing ht32f5xxxx_i2c.o(i.I2C_DeInit), (44 bytes).
    Removing ht32f5xxxx_i2c.o(i.I2C_GeneralCallCmd), (18 bytes).
    Removing ht32f5xxxx_i2c.o(i.I2C_GenerateSTOP), (10 bytes).
    Removing ht32f5xxxx_i2c.o(i.I2C_GetAddressBuffer), (6 bytes).
    Removing ht32f5xxxx_i2c.o(i.I2C_GetFlagStatus), (10 bytes).
    Removing ht32f5xxxx_i2c.o(i.I2C_Init), (164 bytes).
    Removing ht32f5xxxx_i2c.o(i.I2C_IntConfig), (16 bytes).
    Removing ht32f5xxxx_i2c.o(i.I2C_ReadRegister), (10 bytes).
    Removing ht32f5xxxx_i2c.o(i.I2C_ReceiveData), (6 bytes).
    Removing ht32f5xxxx_i2c.o(i.I2C_SendData), (4 bytes).
    Removing ht32f5xxxx_i2c.o(i.I2C_SequentialFilterConfig), (124 bytes).
    Removing ht32f5xxxx_i2c.o(i.I2C_SetOwnAddress), (4 bytes).
    Removing ht32f5xxxx_i2c.o(i.I2C_SetSCLHighPeriod), (4 bytes).
    Removing ht32f5xxxx_i2c.o(i.I2C_SetSCLLowPeriod), (4 bytes).
    Removing ht32f5xxxx_i2c.o(i.I2C_SetTimeOutPrescaler), (10 bytes).
    Removing ht32f5xxxx_i2c.o(i.I2C_SetTimeOutValue), (12 bytes).
    Removing ht32f5xxxx_i2c.o(i.I2C_StructInit), (24 bytes).
    Removing ht32f5xxxx_i2c.o(i.I2C_TargetAddressConfig), (20 bytes).
    Removing ht32f5xxxx_i2c.o(i.I2C_TimeOutCmd), (20 bytes).
    Removing ht32f5xxxx_mctm.o(.rev16_text), (4 bytes).
    Removing ht32f5xxxx_mctm.o(.revsh_text), (4 bytes).
    Removing ht32f5xxxx_mctm.o(i.MCTM_CHBRKCTRConfig), (40 bytes).
    Removing ht32f5xxxx_mctm.o(i.MCTM_CHBRKCTRStructInit), (20 bytes).
    Removing ht32f5xxxx_mctm.o(i.MCTM_CHMOECmd), (18 bytes).
    Removing ht32f5xxxx_mctm.o(i.MCTM_COMPRECmd), (20 bytes).
    Removing ht32f5xxxx_mctm.o(i.MCTM_COMUSConfig), (20 bytes).
    Removing ht32f5xxxx_mctm.o(i.MCTM_ChNPolarityConfig), (22 bytes).
    Removing ht32f5xxxx_mctm.o(i.MCTM_ChannelNConfig), (26 bytes).
    Removing ht32f5xxxx_pwrcu.o(.rev16_text), (4 bytes).
    Removing ht32f5xxxx_pwrcu.o(.revsh_text), (4 bytes).
    Removing ht32f5xxxx_pwrcu.o(i.PWRCU_BODCmd), (28 bytes).
    Removing ht32f5xxxx_pwrcu.o(i.PWRCU_BODRISConfig), (24 bytes).
    Removing ht32f5xxxx_pwrcu.o(i.PWRCU_DMOSCmd), (40 bytes).
    Removing ht32f5xxxx_pwrcu.o(i.PWRCU_DeInit), (28 bytes).
    Removing ht32f5xxxx_pwrcu.o(i.PWRCU_DeepSleep1), (92 bytes).
    Removing ht32f5xxxx_pwrcu.o(i.PWRCU_DeepSleep2), (104 bytes).
    Removing ht32f5xxxx_pwrcu.o(i.PWRCU_DeepSleep2Ex), (192 bytes).
    Removing ht32f5xxxx_pwrcu.o(i.PWRCU_GetBODFlagStatus), (16 bytes).
    Removing ht32f5xxxx_pwrcu.o(i.PWRCU_GetDMOSStatus), (36 bytes).
    Removing ht32f5xxxx_pwrcu.o(i.PWRCU_GetFlagStatus), (12 bytes).
    Removing ht32f5xxxx_pwrcu.o(i.PWRCU_GetLVDFlagStatus), (16 bytes).
    Removing ht32f5xxxx_pwrcu.o(i.PWRCU_LDOConfig), (56 bytes).
    Removing ht32f5xxxx_pwrcu.o(i.PWRCU_LVDCmd), (28 bytes).
    Removing ht32f5xxxx_pwrcu.o(i.PWRCU_LVDEventWakeupConfig), (28 bytes).
    Removing ht32f5xxxx_pwrcu.o(i.PWRCU_LVDIntWakeupConfig), (28 bytes).
    Removing ht32f5xxxx_pwrcu.o(i.PWRCU_SetLVDS), (20 bytes).
    Removing ht32f5xxxx_pwrcu.o(i.PWRCU_Sleep), (32 bytes).
    Removing ht32f5xxxx_pwrcu.o(i.PWRCU_WakeupMultiPinCmd), (76 bytes).
    Removing ht32f5xxxx_pwrcu.o(i.PWRCU_WakeupMultiPinIntConfig), (48 bytes).
    Removing ht32f5xxxx_pwrcu.o(i.PWRCU_WakeupPinCmd), (24 bytes).
    Removing ht32f5xxxx_pwrcu.o(i.PWRCU_WakeupPinIntConfig), (24 bytes).
    Removing ht32_retarget.o(.rev16_text), (4 bytes).
    Removing ht32_retarget.o(.revsh_text), (4 bytes).
    Removing ht32_retarget.o(i.__backspace), (4 bytes).
    Removing ht32_retarget.o(i._sys_exit), (2 bytes).
    Removing ht32_retarget.o(i._ttywrch), (8 bytes).
    Removing ht32_retarget.o(i.fgetc), (8 bytes).
    Removing ht32_retarget.o(.data), (4 bytes).
    Removing ht32_serial.o(.rev16_text), (4 bytes).
    Removing ht32_serial.o(.revsh_text), (4 bytes).
    Removing ht32_serial.o(i.SERIAL_Flush), (2 bytes).
    Removing ht32_serial.o(i.SERIAL_GetChar), (28 bytes).
    Removing ht32_board.o(.rev16_text), (4 bytes).
    Removing ht32_board.o(.revsh_text), (4 bytes).
    Removing ht32_board.o(i.HT32F_DVB_BuzzerFun), (292 bytes).
    Removing ht32_board.o(i.HT32F_DVB_BuzzerOutputCmd), (20 bytes).
    Removing ht32_board.o(i.HT32F_DVB_LEDOn), (24 bytes).
    Removing ht32_board.o(i.HT32F_DVB_PBGetState), (28 bytes).
    Removing ht32_board.o(i.HT32F_DVB_PBInit), (196 bytes).
    Removing spi_lcd.o(.rev16_text), (4 bytes).
    Removing spi_lcd.o(.revsh_text), (4 bytes).
    Removing spi_lcd.o(i.LCD_BackColorSet), (12 bytes).
    Removing spi_lcd.o(i.LCD_CharDisplay), (24 bytes).
    Removing spi_lcd.o(i.LCD_CharDraw), (76 bytes).
    Removing spi_lcd.o(i.LCD_CircleDraw), (200 bytes).
    Removing spi_lcd.o(i.LCD_Clear), (36 bytes).
    Removing spi_lcd.o(i.LCD_Config), (624 bytes).
    Removing spi_lcd.o(i.LCD_DisplayOff), (12 bytes).
    Removing spi_lcd.o(i.LCD_DisplayOn), (12 bytes).
    Removing spi_lcd.o(i.LCD_Init), (184 bytes).
    Removing spi_lcd.o(i.LCD_LineDraw), (72 bytes).
    Removing spi_lcd.o(i.LCD_PicDraw), (88 bytes).
    Removing spi_lcd.o(i.LCD_ReadReg), (132 bytes).
    Removing spi_lcd.o(i.LCD_RectDraw), (58 bytes).
    Removing spi_lcd.o(i.LCD_SetDisplayArea), (88 bytes).
    Removing spi_lcd.o(i.LCD_StarterSet), (44 bytes).
    Removing spi_lcd.o(i.LCD_StringLineDisplay), (40 bytes).
    Removing spi_lcd.o(i.LCD_TextColorSet), (12 bytes).
    Removing spi_lcd.o(i.LCD_WriteRAM), (108 bytes).
    Removing spi_lcd.o(i.LCD_WriteRAMPrior), (10 bytes).
    Removing spi_lcd.o(i.LCD_WriteRAMWord), (18 bytes).
    Removing spi_lcd.o(i.LCD_WriteReg), (112 bytes).
    Removing spi_lcd.o(i.LCD_WriteRegIndex), (88 bytes).
    Removing spi_lcd.o(i._delay), (28 bytes).
    Removing spi_lcd.o(.constdata), (4560 bytes).
    Removing spi_lcd.o(.data), (4 bytes).
    Removing spi_flash.o(.rev16_text), (4 bytes).
    Removing spi_flash.o(.revsh_text), (4 bytes).
    Removing spi_flash.o(i.SPI_FLASH_BlockErase), (64 bytes).
    Removing spi_flash.o(i.SPI_FLASH_BufferDualRead), (104 bytes).
    Removing spi_flash.o(i.SPI_FLASH_BufferRead), (76 bytes).
    Removing spi_flash.o(i.SPI_FLASH_BufferWriteBy), (194 bytes).
    Removing spi_flash.o(i.SPI_FLASH_ChipErase), (40 bytes).
    Removing spi_flash.o(i.SPI_FLASH_Init), (148 bytes).
    Removing spi_flash.o(i.SPI_FLASH_PageWrite), (84 bytes).
    Removing spi_flash.o(i.SPI_FLASH_ReadJEDECID), (64 bytes).
    Removing spi_flash.o(i.SPI_FLASH_SectorErase), (64 bytes).
    Removing spi_flash.o(i.SPI_FLASH_SendByte), (52 bytes).
    Removing spi_flash.o(i.SPI_FLASH_WaitForWriteEnd), (44 bytes).
    Removing spi_flash.o(i.SPI_FLASH_WriteDisable), (32 bytes).
    Removing spi_flash.o(i.SPI_FLASH_WriteEnable), (32 bytes).
    Removing spi_flash.o(i.SPI_FLASH_WriteStatus), (44 bytes).
    Removing i2c_eeprom.o(.rev16_text), (4 bytes).
    Removing i2c_eeprom.o(.revsh_text), (4 bytes).
    Removing i2c_eeprom.o(i.I2C_EEPROM_BufferRead), (156 bytes).
    Removing i2c_eeprom.o(i.I2C_EEPROM_BufferWrite), (50 bytes).
    Removing i2c_eeprom.o(i.I2C_EEPROM_Init), (88 bytes).
    Removing i2c_eeprom.o(i.I2C_EEPROM_PageWrite), (96 bytes).
    Removing i2c_eeprom.o(i._I2C_EEPROM_AckPolling), (60 bytes).
    Removing dadd.o(.text), (356 bytes).
    Removing dmul.o(.text), (208 bytes).
    Removing ddiv.o(.text), (240 bytes).
    Removing dfixul.o(.text), (64 bytes).
    Removing cdrcmple.o(.text), (40 bytes).
    Removing depilogue.o(.text), (190 bytes).
    Removing depilogue.o(i.__ARM_clz), (46 bytes).

412 unused section(s) (total 18208 bytes) removed from the image.

==============================================================================

Image Symbol Table

    Local Symbols

    Symbol Name                              Value     Ov Type        Size  Object(Section)

    RESET                                    0x00000000   Section      336  startup_ht32f5xxxx_02.o(RESET)
    ../clib/microlib/division.c              0x00000000   Number         0  uidiv.o ABSOLUTE
    ../clib/microlib/division.c              0x00000000   Number         0  uldiv.o ABSOLUTE
    ../clib/microlib/init/entry.s            0x00000000   Number         0  entry9b.o ABSOLUTE
    ../clib/microlib/init/entry.s            0x00000000   Number         0  entry8b.o ABSOLUTE
    ../clib/microlib/init/entry.s            0x00000000   Number         0  entry11a.o ABSOLUTE
    ../clib/microlib/init/entry.s            0x00000000   Number         0  entry10a.o ABSOLUTE
    ../clib/microlib/init/entry.s            0x00000000   Number         0  entry2.o ABSOLUTE
    ../clib/microlib/init/entry.s            0x00000000   Number         0  entry7a.o ABSOLUTE
    ../clib/microlib/init/entry.s            0x00000000   Number         0  entry10b.o ABSOLUTE
    ../clib/microlib/init/entry.s            0x00000000   Number         0  entry11b.o ABSOLUTE
    ../clib/microlib/init/entry.s            0x00000000   Number         0  entry9a.o ABSOLUTE
    ../clib/microlib/init/entry.s            0x00000000   Number         0  entry8a.o ABSOLUTE
    ../clib/microlib/init/entry.s            0x00000000   Number         0  entry7b.o ABSOLUTE
    ../clib/microlib/init/entry.s            0x00000000   Number         0  entry5.o ABSOLUTE
    ../clib/microlib/init/entry.s            0x00000000   Number         0  entry.o ABSOLUTE
    ../clib/microlib/longlong.c              0x00000000   Number         0  llshl.o ABSOLUTE
    ../clib/microlib/longlong.c              0x00000000   Number         0  llsshr.o ABSOLUTE
    ../clib/microlib/longlong.c              0x00000000   Number         0  llushr.o ABSOLUTE
    ../clib/microlib/printf/printf.c         0x00000000   Number         0  printf7.o ABSOLUTE
    ../clib/microlib/printf/printf.c         0x00000000   Number         0  printf8.o ABSOLUTE
    ../clib/microlib/printf/printf.c         0x00000000   Number         0  printfa.o ABSOLUTE
    ../clib/microlib/printf/printf.c         0x00000000   Number         0  printf3.o ABSOLUTE
    ../clib/microlib/printf/printf.c         0x00000000   Number         0  printf0.o ABSOLUTE
    ../clib/microlib/printf/printf.c         0x00000000   Number         0  printf1.o ABSOLUTE
    ../clib/microlib/printf/printf.c         0x00000000   Number         0  printf2.o ABSOLUTE
    ../clib/microlib/printf/printf.c         0x00000000   Number         0  printf4.o ABSOLUTE
    ../clib/microlib/printf/printf.c         0x00000000   Number         0  printfb.o ABSOLUTE
    ../clib/microlib/printf/printf.c         0x00000000   Number         0  printf5.o ABSOLUTE
    ../clib/microlib/printf/printf.c         0x00000000   Number         0  printf6.o ABSOLUTE
    ../clib/microlib/printf/stubs.s          0x00000000   Number         0  stubs.o ABSOLUTE
    ../clib/microlib/stubs.s                 0x00000000   Number         0  iusefp.o ABSOLUTE
    ../clib/microlib/stubs.s                 0x00000000   Number         0  useno.o ABSOLUTE
    ../fplib/microlib/fpadd.c                0x00000000   Number         0  dadd.o ABSOLUTE
    ../fplib/microlib/fpdiv.c                0x00000000   Number         0  ddiv.o ABSOLUTE
    ../fplib/microlib/fpepilogue.c           0x00000000   Number         0  depilogue.o ABSOLUTE
    ../fplib/microlib/fpfix.c                0x00000000   Number         0  dfixul.o ABSOLUTE
    ../fplib/microlib/fpmul.c                0x00000000   Number         0  dmul.o ABSOLUTE
    ..\..\library\HT32F5xxxx_Driver\src\ht32_cm0plus_misc.c 0x00000000   Number         0  ht32_cm0plus_misc.o ABSOLUTE
    ..\..\library\HT32F5xxxx_Driver\src\ht32_retarget.c 0x00000000   Number         0  ht32_retarget.o ABSOLUTE
    ..\..\library\HT32F5xxxx_Driver\src\ht32_serial.c 0x00000000   Number         0  ht32_serial.o ABSOLUTE
    ..\..\library\HT32F5xxxx_Driver\src\ht32f5xxxx_adc.c 0x00000000   Number         0  ht32f5xxxx_adc.o ABSOLUTE
    ..\..\library\HT32F5xxxx_Driver\src\ht32f5xxxx_bftm.c 0x00000000   Number         0  ht32f5xxxx_bftm.o ABSOLUTE
    ..\..\library\HT32F5xxxx_Driver\src\ht32f5xxxx_ckcu.c 0x00000000   Number         0  ht32f5xxxx_ckcu.o ABSOLUTE
    ..\..\library\HT32F5xxxx_Driver\src\ht32f5xxxx_crc.c 0x00000000   Number         0  ht32f5xxxx_crc.o ABSOLUTE
    ..\..\library\HT32F5xxxx_Driver\src\ht32f5xxxx_div.c 0x00000000   Number         0  ht32f5xxxx_div.o ABSOLUTE
    ..\..\library\HT32F5xxxx_Driver\src\ht32f5xxxx_exti.c 0x00000000   Number         0  ht32f5xxxx_exti.o ABSOLUTE
    ..\..\library\HT32F5xxxx_Driver\src\ht32f5xxxx_flash.c 0x00000000   Number         0  ht32f5xxxx_flash.o ABSOLUTE
    ..\..\library\HT32F5xxxx_Driver\src\ht32f5xxxx_gpio.c 0x00000000   Number         0  ht32f5xxxx_gpio.o ABSOLUTE
    ..\..\library\HT32F5xxxx_Driver\src\ht32f5xxxx_i2c.c 0x00000000   Number         0  ht32f5xxxx_i2c.o ABSOLUTE
    ..\..\library\HT32F5xxxx_Driver\src\ht32f5xxxx_mctm.c 0x00000000   Number         0  ht32f5xxxx_mctm.o ABSOLUTE
    ..\..\library\HT32F5xxxx_Driver\src\ht32f5xxxx_pwrcu.c 0x00000000   Number         0  ht32f5xxxx_pwrcu.o ABSOLUTE
    ..\..\library\HT32F5xxxx_Driver\src\ht32f5xxxx_rstcu.c 0x00000000   Number         0  ht32f5xxxx_rstcu.o ABSOLUTE
    ..\..\library\HT32F5xxxx_Driver\src\ht32f5xxxx_rtc.c 0x00000000   Number         0  ht32f5xxxx_rtc.o ABSOLUTE
    ..\..\library\HT32F5xxxx_Driver\src\ht32f5xxxx_spi.c 0x00000000   Number         0  ht32f5xxxx_spi.o ABSOLUTE
    ..\..\library\HT32F5xxxx_Driver\src\ht32f5xxxx_tm.c 0x00000000   Number         0  ht32f5xxxx_tm.o ABSOLUTE
    ..\..\library\HT32F5xxxx_Driver\src\ht32f5xxxx_usart.c 0x00000000   Number         0  ht32f5xxxx_usart.o ABSOLUTE
    ..\..\library\HT32F5xxxx_Driver\src\ht32f5xxxx_wdt.c 0x00000000   Number         0  ht32f5xxxx_wdt.o ABSOLUTE
    ..\..\utilities\common\i2c_eeprom.c      0x00000000   Number         0  i2c_eeprom.o ABSOLUTE
    ..\..\utilities\common\spi_flash.c       0x00000000   Number         0  spi_flash.o ABSOLUTE
    ..\..\utilities\common\spi_lcd.c         0x00000000   Number         0  spi_lcd.o ABSOLUTE
    ..\..\utilities\ht32_board.c             0x00000000   Number         0  ht32_board.o ABSOLUTE
    ..\User\src\ht32f5xxxx_01_it.c           0x00000000   Number         0  ht32f5xxxx_01_it.o ABSOLUTE
    ..\User\src\main.c                       0x00000000   Number         0  main.o ABSOLUTE
    ..\\..\\library\\HT32F5xxxx_Driver\\src\\ht32_cm0plus_misc.c 0x00000000   Number         0  ht32_cm0plus_misc.o ABSOLUTE
    ..\\..\\library\\HT32F5xxxx_Driver\\src\\ht32_retarget.c 0x00000000   Number         0  ht32_retarget.o ABSOLUTE
    ..\\..\\library\\HT32F5xxxx_Driver\\src\\ht32_serial.c 0x00000000   Number         0  ht32_serial.o ABSOLUTE
    ..\\..\\library\\HT32F5xxxx_Driver\\src\\ht32f5xxxx_adc.c 0x00000000   Number         0  ht32f5xxxx_adc.o ABSOLUTE
    ..\\..\\library\\HT32F5xxxx_Driver\\src\\ht32f5xxxx_bftm.c 0x00000000   Number         0  ht32f5xxxx_bftm.o ABSOLUTE
    ..\\..\\library\\HT32F5xxxx_Driver\\src\\ht32f5xxxx_ckcu.c 0x00000000   Number         0  ht32f5xxxx_ckcu.o ABSOLUTE
    ..\\..\\library\\HT32F5xxxx_Driver\\src\\ht32f5xxxx_crc.c 0x00000000   Number         0  ht32f5xxxx_crc.o ABSOLUTE
    ..\\..\\library\\HT32F5xxxx_Driver\\src\\ht32f5xxxx_div.c 0x00000000   Number         0  ht32f5xxxx_div.o ABSOLUTE
    ..\\..\\library\\HT32F5xxxx_Driver\\src\\ht32f5xxxx_exti.c 0x00000000   Number         0  ht32f5xxxx_exti.o ABSOLUTE
    ..\\..\\library\\HT32F5xxxx_Driver\\src\\ht32f5xxxx_flash.c 0x00000000   Number         0  ht32f5xxxx_flash.o ABSOLUTE
    ..\\..\\library\\HT32F5xxxx_Driver\\src\\ht32f5xxxx_gpio.c 0x00000000   Number         0  ht32f5xxxx_gpio.o ABSOLUTE
    ..\\..\\library\\HT32F5xxxx_Driver\\src\\ht32f5xxxx_i2c.c 0x00000000   Number         0  ht32f5xxxx_i2c.o ABSOLUTE
    ..\\..\\library\\HT32F5xxxx_Driver\\src\\ht32f5xxxx_mctm.c 0x00000000   Number         0  ht32f5xxxx_mctm.o ABSOLUTE
    ..\\..\\library\\HT32F5xxxx_Driver\\src\\ht32f5xxxx_pwrcu.c 0x00000000   Number         0  ht32f5xxxx_pwrcu.o ABSOLUTE
    ..\\..\\library\\HT32F5xxxx_Driver\\src\\ht32f5xxxx_rstcu.c 0x00000000   Number         0  ht32f5xxxx_rstcu.o ABSOLUTE
    ..\\..\\library\\HT32F5xxxx_Driver\\src\\ht32f5xxxx_rtc.c 0x00000000   Number         0  ht32f5xxxx_rtc.o ABSOLUTE
    ..\\..\\library\\HT32F5xxxx_Driver\\src\\ht32f5xxxx_spi.c 0x00000000   Number         0  ht32f5xxxx_spi.o ABSOLUTE
    ..\\..\\library\\HT32F5xxxx_Driver\\src\\ht32f5xxxx_tm.c 0x00000000   Number         0  ht32f5xxxx_tm.o ABSOLUTE
    ..\\..\\library\\HT32F5xxxx_Driver\\src\\ht32f5xxxx_usart.c 0x00000000   Number         0  ht32f5xxxx_usart.o ABSOLUTE
    ..\\..\\library\\HT32F5xxxx_Driver\\src\\ht32f5xxxx_wdt.c 0x00000000   Number         0  ht32f5xxxx_wdt.o ABSOLUTE
    ..\\..\\utilities\\common\\i2c_eeprom.c  0x00000000   Number         0  i2c_eeprom.o ABSOLUTE
    ..\\..\\utilities\\common\\spi_flash.c   0x00000000   Number         0  spi_flash.o ABSOLUTE
    ..\\..\\utilities\\common\\spi_lcd.c     0x00000000   Number         0  spi_lcd.o ABSOLUTE
    ..\\..\\utilities\\ht32_board.c          0x00000000   Number         0  ht32_board.o ABSOLUTE
    ..\\User\\src\\ht32f5xxxx_01_it.c        0x00000000   Number         0  ht32f5xxxx_01_it.o ABSOLUTE
    ..\\User\\src\\main.c                    0x00000000   Number         0  main.o ABSOLUTE
    ..\\system_ht32f5xxxx_04.c               0x00000000   Number         0  system_ht32f5xxxx_04.o ABSOLUTE
    ..\system_ht32f5xxxx_04.c                0x00000000   Number         0  system_ht32f5xxxx_04.o ABSOLUTE
    cdrcmple.s                               0x00000000   Number         0  cdrcmple.o ABSOLUTE
    dc.s                                     0x00000000   Number         0  dc.o ABSOLUTE
    handlers.s                               0x00000000   Number         0  handlers.o ABSOLUTE
    ht32_op.s                                0x00000000   Number         0  ht32_op.o ABSOLUTE
    init.s                                   0x00000000   Number         0  init.o ABSOLUTE
    startup_ht32f5xxxx_02.s                  0x00000000   Number         0  startup_ht32f5xxxx_02.o ABSOLUTE
    BootProcess                              0x000000b9   Thumb Code    94  startup_ht32f5xxxx_02.o(RESET)
    .ARM.Collect$$$$00000000                 0x00000150   Section        0  entry.o(.ARM.Collect$$$$00000000)
    .ARM.Collect$$$$00000001                 0x00000150   Section        4  entry2.o(.ARM.Collect$$$$00000001)
    .ARM.Collect$$$$00000004                 0x00000154   Section        4  entry5.o(.ARM.Collect$$$$00000004)
    .ARM.Collect$$$$00000008                 0x00000158   Section        0  entry7b.o(.ARM.Collect$$$$00000008)
    .ARM.Collect$$$$0000000A                 0x00000158   Section        0  entry8b.o(.ARM.Collect$$$$0000000A)
    .ARM.Collect$$$$0000000B                 0x00000158   Section        8  entry9a.o(.ARM.Collect$$$$0000000B)
    .ARM.Collect$$$$0000000D                 0x00000160   Section        0  entry10a.o(.ARM.Collect$$$$0000000D)
    .ARM.Collect$$$$0000000F                 0x00000160   Section        0  entry11a.o(.ARM.Collect$$$$0000000F)
    .ARM.Collect$$$$00002712                 0x00000160   Section        4  entry2.o(.ARM.Collect$$$$00002712)
    __lit__00000000                          0x00000160   Data           4  entry2.o(.ARM.Collect$$$$00002712)
    .text                                    0x00000164   Section        0  uidiv.o(.text)
    .text                                    0x00000190   Section       36  init.o(.text)
    i.ADC_ClearIntPendingBit                 0x000001b4   Section        0  ht32f5xxxx_adc.o(i.ADC_ClearIntPendingBit)
    i.ADC_Cmd                                0x000001ba   Section        0  ht32f5xxxx_adc.o(i.ADC_Cmd)
    i.ADC_Configuration                      0x000001cc   Section        0  main.o(i.ADC_Configuration)
    i.ADC_GetFlagStatus                      0x00000290   Section        0  ht32f5xxxx_adc.o(i.ADC_GetFlagStatus)
    i.ADC_Group1Config                       0x0000029c   Section        0  main.o(i.ADC_Group1Config)
    i.ADC_Group2Config                       0x000002c8   Section        0  main.o(i.ADC_Group2Config)
    i.ADC_GroupProcess                       0x000002f4   Section        0  main.o(i.ADC_GroupProcess)
    i.ADC_Group_SoftwareStart                0x000003ac   Section        0  main.o(i.ADC_Group_SoftwareStart)
    i.ADC_IRQHandler                         0x000003c8   Section        0  ht32f5xxxx_01_it.o(i.ADC_IRQHandler)
    i.ADC_IntConfig                          0x000003d0   Section        0  ht32f5xxxx_adc.o(i.ADC_IntConfig)
    i.ADC_RegularGroupConfig                 0x000003e2   Section        0  ht32f5xxxx_adc.o(i.ADC_RegularGroupConfig)
    i.ADC_RegularTrigConfig                  0x000003fc   Section        0  ht32f5xxxx_adc.o(i.ADC_RegularTrigConfig)
    i.ADC_SamplingTimeConfig                 0x0000040a   Section        0  ht32f5xxxx_adc.o(i.ADC_SamplingTimeConfig)
    i.ADC_SoftwareStartConvCmd               0x0000040e   Section        0  ht32f5xxxx_adc.o(i.ADC_SoftwareStartConvCmd)
    i.ADC_Test_MainRoutine_Softwre           0x00000424   Section        0  main.o(i.ADC_Test_MainRoutine_Softwre)
    i.ADC_Test_ShowResult                    0x00000448   Section        0  main.o(i.ADC_Test_ShowResult)
    i.ADC_TriggerConfig_Software             0x000006a8   Section        0  main.o(i.ADC_TriggerConfig_Software)
    i.AFIO_GPxConfig                         0x000006b8   Section        0  ht32f5xxxx_gpio.o(i.AFIO_GPxConfig)
    i.CKCU_Configuration                     0x00000710   Section        0  main.o(i.CKCU_Configuration)
    i.CKCU_GetClocksFrequency                0x00000724   Section        0  ht32f5xxxx_ckcu.o(i.CKCU_GetClocksFrequency)
    i.CKCU_GetPeripFrequency                 0x00000788   Section        0  ht32f5xxxx_ckcu.o(i.CKCU_GetPeripFrequency)
    i.CKCU_PeripClockConfig                  0x000007bc   Section        0  ht32f5xxxx_ckcu.o(i.CKCU_PeripClockConfig)
    i.CKCU_SetADCnPrescaler                  0x000007e4   Section        0  ht32f5xxxx_ckcu.o(i.CKCU_SetADCnPrescaler)
    i.GPIO_DirectionConfig                   0x000007fc   Section        0  ht32f5xxxx_gpio.o(i.GPIO_DirectionConfig)
    i.GPIO_DriveConfig                       0x0000080c   Section        0  ht32f5xxxx_gpio.o(i.GPIO_DriveConfig)
    i.GPIO_PullResistorConfig                0x0000083c   Section        0  ht32f5xxxx_gpio.o(i.GPIO_PullResistorConfig)
    i.HT32F_DVB_COMInit                      0x00000868   Section        0  ht32_board.o(i.HT32F_DVB_COMInit)
    i.HT32F_DVB_LEDInit                      0x000008b8   Section        0  ht32_board.o(i.HT32F_DVB_LEDInit)
    i.HT32F_DVB_LEDOff                       0x00000910   Section        0  ht32_board.o(i.HT32F_DVB_LEDOff)
    i.HT32F_DVB_LEDToggle                    0x00000928   Section        0  ht32_board.o(i.HT32F_DVB_LEDToggle)
    i.HardFault_Handler                      0x00000948   Section        0  ht32f5xxxx_01_it.o(i.HardFault_Handler)
    i.NMI_Handler                            0x00000958   Section        0  ht32f5xxxx_01_it.o(i.NMI_Handler)
    i.NVIC_Configuration                     0x0000095a   Section        0  main.o(i.NVIC_Configuration)
    i.NVIC_SetVectorTable                    0x00000968   Section        0  ht32_cm0plus_misc.o(i.NVIC_SetVectorTable)
    i.PendSV_Handler                         0x0000097c   Section        0  ht32f5xxxx_01_it.o(i.PendSV_Handler)
    i.RETARGET_Configuration                 0x0000097e   Section        0  ht32_retarget.o(i.RETARGET_Configuration)
    i.SERIAL_PutChar                         0x0000099c   Section        0  ht32_serial.o(i.SERIAL_PutChar)
    i.SVC_Handler                            0x000009b0   Section        0  ht32f5xxxx_01_it.o(i.SVC_Handler)
    i.SYSTICK_ClockSourceConfig              0x000009b4   Section        0  ht32_cm0plus_misc.o(i.SYSTICK_ClockSourceConfig)
    i.SYSTICK_CounterCmd                     0x000009cc   Section        0  ht32_cm0plus_misc.o(i.SYSTICK_CounterCmd)
    i.SYSTICK_IntConfig                      0x000009f0   Section        0  ht32_cm0plus_misc.o(i.SYSTICK_IntConfig)
    i.SYSTICK_SetReloadValue                 0x00000a08   Section        0  ht32_cm0plus_misc.o(i.SYSTICK_SetReloadValue)
    i.SysTick_Configuration                  0x00000a14   Section        0  main.o(i.SysTick_Configuration)
    i.SysTick_Handler                        0x00000a40   Section        0  ht32f5xxxx_01_it.o(i.SysTick_Handler)
    i.SystemInit                             0x00000a50   Section        0  system_ht32f5xxxx_04.o(i.SystemInit)
    i.USART_Init                             0x00000ac4   Section        0  ht32f5xxxx_usart.o(i.USART_Init)
    i.USART_TxRxCmd                          0x00000b30   Section        0  ht32f5xxxx_usart.o(i.USART_TxRxCmd)
    i._HT32F_DVB_ClockConfig                 0x00000b44   Section        0  ht32_board.o(i._HT32F_DVB_ClockConfig)
    _HT32F_DVB_ClockConfig                   0x00000b45   Thumb Code    60  ht32_board.o(i._HT32F_DVB_ClockConfig)
    i.__0printf$1                            0x00000b80   Section        0  printf1.o(i.__0printf$1)
    i.__scatterload_copy                     0x00000ba0   Section       14  handlers.o(i.__scatterload_copy)
    i.__scatterload_null                     0x00000bae   Section        2  handlers.o(i.__scatterload_null)
    i.__scatterload_zeroinit                 0x00000bb0   Section       14  handlers.o(i.__scatterload_zeroinit)
    i._printf_core                           0x00000bc0   Section        0  printf1.o(i._printf_core)
    _printf_core                             0x00000bc1   Thumb Code   332  printf1.o(i._printf_core)
    i.fputc                                  0x00000d10   Section        0  ht32_retarget.o(i.fputc)
    i.main                                   0x00000d18   Section        0  main.o(i.main)
    .constdata                               0x00000d48   Section       68  ht32_board.o(.constdata)
    .data                                    0x20000000   Section       12  main.o(.data)
    .data                                    0x2000000c   Section        4  ht32f5xxxx_01_it.o(.data)
    gIsContinue                              0x2000000c   Data           4  ht32f5xxxx_01_it.o(.data)
    .data                                    0x20000010   Section        4  system_ht32f5xxxx_04.o(.data)
    .data                                    0x20000014   Section        4  ht32_retarget.o(.data)
    .bss                                     0x20000018   Section       64  main.o(.bss)
    STACK                                    0x20000058   Section      512  startup_ht32f5xxxx_02.o(STACK)

    Global Symbols

    Symbol Name                              Value     Ov Type        Size  Object(Section)

    BuildAttributes$$THM_ISAv3M$S$PE$A:L22$X:L11$S22$IEEE1$IW$USESV6$~STKCKD$USESV7$~SHL$OSPACE$ROPI$EBA8$MICROLIB$REQ8$PRES8$EABIv2 0x00000000   Number         0  anon$$obj.o ABSOLUTE
    __ARM_use_no_argv                        0x00000000   Number         0  main.o ABSOLUTE
    __Vectors                                0x00000000   Data           0  startup_ht32f5xxxx_02.o(RESET)
    __use_no_errno                           0x00000000   Number         0  useno.o ABSOLUTE
    __use_no_exception_handling              0x00000000   Number         0  useno.o ABSOLUTE
    __use_no_fp                              0x00000000   Number         0  useno.o ABSOLUTE
    __use_no_heap                            0x00000000   Number         0  useno.o ABSOLUTE
    __use_no_heap_region                     0x00000000   Number         0  useno.o ABSOLUTE
    __use_no_semihosting                     0x00000000   Number         0  useno.o ABSOLUTE
    __use_no_semihosting_swi                 0x00000000   Number         0  useno.o ABSOLUTE
    __use_no_signal_handling                 0x00000000   Number         0  useno.o ABSOLUTE
    _printf_a                                0x00000000   Number         0  stubs.o ABSOLUTE
    _printf_c                                0x00000000   Number         0  stubs.o ABSOLUTE
    _printf_charcount                        0x00000000   Number         0  stubs.o ABSOLUTE
    _printf_d                                0x00000000   Number         0  stubs.o ABSOLUTE
    _printf_e                                0x00000000   Number         0  stubs.o ABSOLUTE
    _printf_f                                0x00000000   Number         0  stubs.o ABSOLUTE
    _printf_flags                            0x00000000   Number         0  stubs.o ABSOLUTE
    _printf_fp_dec                           0x00000000   Number         0  stubs.o ABSOLUTE
    _printf_fp_hex                           0x00000000   Number         0  stubs.o ABSOLUTE
    _printf_g                                0x00000000   Number         0  stubs.o ABSOLUTE
    _printf_i                                0x00000000   Number         0  stubs.o ABSOLUTE
    _printf_int_dec                          0x00000000   Number         0  stubs.o ABSOLUTE
    _printf_l                                0x00000000   Number         0  stubs.o ABSOLUTE
    _printf_lc                               0x00000000   Number         0  stubs.o ABSOLUTE
    _printf_ll                               0x00000000   Number         0  stubs.o ABSOLUTE
    _printf_lld                              0x00000000   Number         0  stubs.o ABSOLUTE
    _printf_lli                              0x00000000   Number         0  stubs.o ABSOLUTE
    _printf_llo                              0x00000000   Number         0  stubs.o ABSOLUTE
    _printf_llu                              0x00000000   Number         0  stubs.o ABSOLUTE
    _printf_llx                              0x00000000   Number         0  stubs.o ABSOLUTE
    _printf_longlong_dec                     0x00000000   Number         0  stubs.o ABSOLUTE
    _printf_longlong_hex                     0x00000000   Number         0  stubs.o ABSOLUTE
    _printf_longlong_oct                     0x00000000   Number         0  stubs.o ABSOLUTE
    _printf_ls                               0x00000000   Number         0  stubs.o ABSOLUTE
    _printf_mbtowc                           0x00000000   Number         0  stubs.o ABSOLUTE
    _printf_n                                0x00000000   Number         0  stubs.o ABSOLUTE
    _printf_o                                0x00000000   Number         0  stubs.o ABSOLUTE
    _printf_p                                0x00000000   Number         0  stubs.o ABSOLUTE
    _printf_percent                          0x00000000   Number         0  stubs.o ABSOLUTE
    _printf_pre_padding                      0x00000000   Number         0  stubs.o ABSOLUTE
    _printf_return_value                     0x00000000   Number         0  stubs.o ABSOLUTE
    _printf_s                                0x00000000   Number         0  stubs.o ABSOLUTE
    _printf_sizespec                         0x00000000   Number         0  stubs.o ABSOLUTE
    _printf_str                              0x00000000   Number         0  stubs.o ABSOLUTE
    _printf_truncate_signed                  0x00000000   Number         0  stubs.o ABSOLUTE
    _printf_truncate_unsigned                0x00000000   Number         0  stubs.o ABSOLUTE
    _printf_u                                0x00000000   Number         0  stubs.o ABSOLUTE
    _printf_wc                               0x00000000   Number         0  stubs.o ABSOLUTE
    _printf_wctomb                           0x00000000   Number         0  stubs.o ABSOLUTE
    _printf_widthprec                        0x00000000   Number         0  stubs.o ABSOLUTE
    _printf_x                                0x00000000   Number         0  stubs.o ABSOLUTE
    __cpp_initialize__aeabi_                  - Undefined Weak Reference
    __cxa_finalize                            - Undefined Weak Reference
    __decompress                              - Undefined Weak Reference
    _clock_init                               - Undefined Weak Reference
    _microlib_exit                            - Undefined Weak Reference
    Reset_Handler                            0x000000ad   Thumb Code    12  startup_ht32f5xxxx_02.o(RESET)
    BFTM0_IRQHandler                         0x00000121   Thumb Code     0  startup_ht32f5xxxx_02.o(RESET)
    BFTM1_IRQHandler                         0x00000121   Thumb Code     0  startup_ht32f5xxxx_02.o(RESET)
    EVWUP_IRQHandler                         0x00000121   Thumb Code     0  startup_ht32f5xxxx_02.o(RESET)
    EXTI0_1_IRQHandler                       0x00000121   Thumb Code     0  startup_ht32f5xxxx_02.o(RESET)
    EXTI2_3_IRQHandler                       0x00000121   Thumb Code     0  startup_ht32f5xxxx_02.o(RESET)
    EXTI4_15_IRQHandler                      0x00000121   Thumb Code     0  startup_ht32f5xxxx_02.o(RESET)
    FLASH_IRQHandler                         0x00000121   Thumb Code     0  startup_ht32f5xxxx_02.o(RESET)
    GPTM0_IRQHandler                         0x00000121   Thumb Code     0  startup_ht32f5xxxx_02.o(RESET)
    I2C0_IRQHandler                          0x00000121   Thumb Code     0  startup_ht32f5xxxx_02.o(RESET)
    I2C1_IRQHandler                          0x00000121   Thumb Code     0  startup_ht32f5xxxx_02.o(RESET)
    LVD_BOD_IRQHandler                       0x00000121   Thumb Code     0  startup_ht32f5xxxx_02.o(RESET)
    MCTM0_IRQHandler                         0x00000121   Thumb Code     0  startup_ht32f5xxxx_02.o(RESET)
    PWM0_IRQHandler                          0x00000121   Thumb Code     0  startup_ht32f5xxxx_02.o(RESET)
    PWM1_IRQHandler                          0x00000121   Thumb Code     0  startup_ht32f5xxxx_02.o(RESET)
    RTC_IRQHandler                           0x00000121   Thumb Code     0  startup_ht32f5xxxx_02.o(RESET)
    SPI0_IRQHandler                          0x00000121   Thumb Code     0  startup_ht32f5xxxx_02.o(RESET)
    SPI1_IRQHandler                          0x00000121   Thumb Code     0  startup_ht32f5xxxx_02.o(RESET)
    UART0_IRQHandler                         0x00000121   Thumb Code     0  startup_ht32f5xxxx_02.o(RESET)
    UART1_IRQHandler                         0x00000121   Thumb Code     0  startup_ht32f5xxxx_02.o(RESET)
    USART0_IRQHandler                        0x00000121   Thumb Code     0  startup_ht32f5xxxx_02.o(RESET)
    __main                                   0x00000151   Thumb Code     0  entry.o(.ARM.Collect$$$$00000000)
    _main_stk                                0x00000151   Thumb Code     0  entry2.o(.ARM.Collect$$$$00000001)
    _main_scatterload                        0x00000155   Thumb Code     0  entry5.o(.ARM.Collect$$$$00000004)
    __main_after_scatterload                 0x00000159   Thumb Code     0  entry5.o(.ARM.Collect$$$$00000004)
    _main_clock                              0x00000159   Thumb Code     0  entry7b.o(.ARM.Collect$$$$00000008)
    _main_cpp_init                           0x00000159   Thumb Code     0  entry8b.o(.ARM.Collect$$$$0000000A)
    _main_init                               0x00000159   Thumb Code     0  entry9a.o(.ARM.Collect$$$$0000000B)
    __rt_final_cpp                           0x00000161   Thumb Code     0  entry10a.o(.ARM.Collect$$$$0000000D)
    __rt_final_exit                          0x00000161   Thumb Code     0  entry11a.o(.ARM.Collect$$$$0000000F)
    __aeabi_uidiv                            0x00000165   Thumb Code     0  uidiv.o(.text)
    __aeabi_uidivmod                         0x00000165   Thumb Code    44  uidiv.o(.text)
    __scatterload                            0x00000191   Thumb Code    28  init.o(.text)
    __scatterload_rt2                        0x00000191   Thumb Code     0  init.o(.text)
    ADC_ClearIntPendingBit                   0x000001b5   Thumb Code     6  ht32f5xxxx_adc.o(i.ADC_ClearIntPendingBit)
    ADC_Cmd                                  0x000001bb   Thumb Code    18  ht32f5xxxx_adc.o(i.ADC_Cmd)
    ADC_Configuration                        0x000001cd   Thumb Code   186  main.o(i.ADC_Configuration)
    ADC_GetFlagStatus                        0x00000291   Thumb Code    12  ht32f5xxxx_adc.o(i.ADC_GetFlagStatus)
    ADC_Group1Config                         0x0000029d   Thumb Code    28  main.o(i.ADC_Group1Config)
    ADC_Group2Config                         0x000002c9   Thumb Code    28  main.o(i.ADC_Group2Config)
    ADC_GroupProcess                         0x000002f5   Thumb Code   172  main.o(i.ADC_GroupProcess)
    ADC_Group_SoftwareStart                  0x000003ad   Thumb Code    18  main.o(i.ADC_Group_SoftwareStart)
    ADC_IRQHandler                           0x000003c9   Thumb Code     8  ht32f5xxxx_01_it.o(i.ADC_IRQHandler)
    ADC_IntConfig                            0x000003d1   Thumb Code    18  ht32f5xxxx_adc.o(i.ADC_IntConfig)
    ADC_RegularGroupConfig                   0x000003e3   Thumb Code    26  ht32f5xxxx_adc.o(i.ADC_RegularGroupConfig)
    ADC_RegularTrigConfig                    0x000003fd   Thumb Code    14  ht32f5xxxx_adc.o(i.ADC_RegularTrigConfig)
    ADC_SamplingTimeConfig                   0x0000040b   Thumb Code     4  ht32f5xxxx_adc.o(i.ADC_SamplingTimeConfig)
    ADC_SoftwareStartConvCmd                 0x0000040f   Thumb Code    20  ht32f5xxxx_adc.o(i.ADC_SoftwareStartConvCmd)
    ADC_Test_MainRoutine_Softwre             0x00000425   Thumb Code    32  main.o(i.ADC_Test_MainRoutine_Softwre)
    ADC_Test_ShowResult                      0x00000449   Thumb Code   268  main.o(i.ADC_Test_ShowResult)
    ADC_TriggerConfig_Software               0x000006a9   Thumb Code    12  main.o(i.ADC_TriggerConfig_Software)
    AFIO_GPxConfig                           0x000006b9   Thumb Code    82  ht32f5xxxx_gpio.o(i.AFIO_GPxConfig)
    CKCU_Configuration                       0x00000711   Thumb Code    18  main.o(i.CKCU_Configuration)
    CKCU_GetClocksFrequency                  0x00000725   Thumb Code    90  ht32f5xxxx_ckcu.o(i.CKCU_GetClocksFrequency)
    CKCU_GetPeripFrequency                   0x00000789   Thumb Code    46  ht32f5xxxx_ckcu.o(i.CKCU_GetPeripFrequency)
    CKCU_PeripClockConfig                    0x000007bd   Thumb Code    34  ht32f5xxxx_ckcu.o(i.CKCU_PeripClockConfig)
    CKCU_SetADCnPrescaler                    0x000007e5   Thumb Code    20  ht32f5xxxx_ckcu.o(i.CKCU_SetADCnPrescaler)
    GPIO_DirectionConfig                     0x000007fd   Thumb Code    16  ht32f5xxxx_gpio.o(i.GPIO_DirectionConfig)
    GPIO_DriveConfig                         0x0000080d   Thumb Code    48  ht32f5xxxx_gpio.o(i.GPIO_DriveConfig)
    GPIO_PullResistorConfig                  0x0000083d   Thumb Code    42  ht32f5xxxx_gpio.o(i.GPIO_PullResistorConfig)
    HT32F_DVB_COMInit                        0x00000869   Thumb Code    74  ht32_board.o(i.HT32F_DVB_COMInit)
    HT32F_DVB_LEDInit                        0x000008b9   Thumb Code    84  ht32_board.o(i.HT32F_DVB_LEDInit)
    HT32F_DVB_LEDOff                         0x00000911   Thumb Code    20  ht32_board.o(i.HT32F_DVB_LEDOff)
    HT32F_DVB_LEDToggle                      0x00000929   Thumb Code    28  ht32_board.o(i.HT32F_DVB_LEDToggle)
    HardFault_Handler                        0x00000949   Thumb Code    10  ht32f5xxxx_01_it.o(i.HardFault_Handler)
    NMI_Handler                              0x00000959   Thumb Code     2  ht32f5xxxx_01_it.o(i.NMI_Handler)
    NVIC_Configuration                       0x0000095b   Thumb Code    12  main.o(i.NVIC_Configuration)
    NVIC_SetVectorTable                      0x00000969   Thumb Code    12  ht32_cm0plus_misc.o(i.NVIC_SetVectorTable)
    PendSV_Handler                           0x0000097d   Thumb Code     2  ht32f5xxxx_01_it.o(i.PendSV_Handler)
    RETARGET_Configuration                   0x0000097f   Thumb Code    30  ht32_retarget.o(i.RETARGET_Configuration)
    SERIAL_PutChar                           0x0000099d   Thumb Code    14  ht32_serial.o(i.SERIAL_PutChar)
    SVC_Handler                              0x000009b1   Thumb Code     2  ht32f5xxxx_01_it.o(i.SVC_Handler)
    SYSTICK_ClockSourceConfig                0x000009b5   Thumb Code    20  ht32_cm0plus_misc.o(i.SYSTICK_ClockSourceConfig)
    SYSTICK_CounterCmd                       0x000009cd   Thumb Code    32  ht32_cm0plus_misc.o(i.SYSTICK_CounterCmd)
    SYSTICK_IntConfig                        0x000009f1   Thumb Code    20  ht32_cm0plus_misc.o(i.SYSTICK_IntConfig)
    SYSTICK_SetReloadValue                   0x00000a09   Thumb Code     6  ht32_cm0plus_misc.o(i.SYSTICK_SetReloadValue)
    SysTick_Configuration                    0x00000a15   Thumb Code    40  main.o(i.SysTick_Configuration)
    SysTick_Handler                          0x00000a41   Thumb Code    10  ht32f5xxxx_01_it.o(i.SysTick_Handler)
    SystemInit                               0x00000a51   Thumb Code   106  system_ht32f5xxxx_04.o(i.SystemInit)
    USART_Init                               0x00000ac5   Thumb Code    94  ht32f5xxxx_usart.o(i.USART_Init)
    USART_TxRxCmd                            0x00000b31   Thumb Code    20  ht32f5xxxx_usart.o(i.USART_TxRxCmd)
    __0printf$1                              0x00000b81   Thumb Code    24  printf1.o(i.__0printf$1)
    __1printf$1                              0x00000b81   Thumb Code     0  printf1.o(i.__0printf$1)
    __2printf                                0x00000b81   Thumb Code     0  printf1.o(i.__0printf$1)
    __scatterload_copy                       0x00000ba1   Thumb Code    14  handlers.o(i.__scatterload_copy)
    __scatterload_null                       0x00000baf   Thumb Code     2  handlers.o(i.__scatterload_null)
    __scatterload_zeroinit                   0x00000bb1   Thumb Code    14  handlers.o(i.__scatterload_zeroinit)
    fputc                                    0x00000d11   Thumb Code     8  ht32_retarget.o(i.fputc)
    main                                     0x00000d19   Thumb Code    46  main.o(i.main)
    LED_GPIO_ID                              0x00000d48   Data           3  ht32_board.o(.constdata)
    LED_AFIO_MODE                            0x00000d4b   Data           3  ht32_board.o(.constdata)
    BUTTON_GPIO_ID                           0x00000d4e   Data           3  ht32_board.o(.constdata)
    BUTTON_AFIO_MODE                         0x00000d51   Data           3  ht32_board.o(.constdata)
    BUTTON_EXTI_CH                           0x00000d54   Data           3  ht32_board.o(.constdata)
    LED_GPIO_PIN                             0x00000d58   Data           6  ht32_board.o(.constdata)
    BUTTON_GPIO_PIN                          0x00000d5e   Data           6  ht32_board.o(.constdata)
    GPIO_PORT                                0x00000d64   Data          24  ht32_board.o(.constdata)
    gCOMInfo                                 0x00000d7c   Data          16  ht32_board.o(.constdata)
    Region$$Table$$Base                      0x00000d8c   Number         0  anon$$obj.o(Region$$Table)
    Region$$Table$$Limit                     0x00000dac   Number         0  anon$$obj.o(Region$$Table)
    uADCGroupState                           0x20000000   Data           4  main.o(.data)
    uADCGroupFinish                          0x20000004   Data           4  main.o(.data)
    uTimeTick500ms                           0x20000008   Data           4  main.o(.data)
    SystemCoreClock                          0x20000010   Data           4  system_ht32f5xxxx_04.o(.data)
    __stdout                                 0x20000014   Data           4  ht32_retarget.o(.data)
    uADCData                                 0x20000018   Data          64  main.o(.bss)
    __HT_check_sp                            0x20000058   Data           0  startup_ht32f5xxxx_02.o(STACK)
    __initial_sp                             0x20000258   Data           0  startup_ht32f5xxxx_02.o(STACK)



==============================================================================

Memory Map of the image

  Image Entry point : 0x000000ad

  Load Region LR_1 (Base: 0x00000000, Size: 0x00000dc4, Max: 0xffffffff, ABSOLUTE)

    Execution Region ER_RO (Exec base: 0x00000000, Load base: 0x00000000, Size: 0x00000dac, Max: 0xffffffff, ABSOLUTE)

    Exec Addr    Load Addr    Size         Type   Attr      Idx    E Section Name        Object

    0x00000000   0x00000000   0x00000150   Code   RO          336  * RESET               startup_ht32f5xxxx_02.o
    0x00000150   0x00000150   0x00000000   Code   RO         2957  * .ARM.Collect$$$$00000000  mc_p.l(entry.o)
    0x00000150   0x00000150   0x00000004   Code   RO         3223    .ARM.Collect$$$$00000001  mc_p.l(entry2.o)
    0x00000154   0x00000154   0x00000004   Code   RO         3226    .ARM.Collect$$$$00000004  mc_p.l(entry5.o)
    0x00000158   0x00000158   0x00000000   Code   RO         3228    .ARM.Collect$$$$00000008  mc_p.l(entry7b.o)
    0x00000158   0x00000158   0x00000000   Code   RO         3230    .ARM.Collect$$$$0000000A  mc_p.l(entry8b.o)
    0x00000158   0x00000158   0x00000008   Code   RO         3231    .ARM.Collect$$$$0000000B  mc_p.l(entry9a.o)
    0x00000160   0x00000160   0x00000000   Code   RO         3233    .ARM.Collect$$$$0000000D  mc_p.l(entry10a.o)
    0x00000160   0x00000160   0x00000000   Code   RO         3235    .ARM.Collect$$$$0000000F  mc_p.l(entry11a.o)
    0x00000160   0x00000160   0x00000004   Code   RO         3224    .ARM.Collect$$$$00002712  mc_p.l(entry2.o)
    0x00000164   0x00000164   0x0000002c   Code   RO         2960    .text               mc_p.l(uidiv.o)
    0x00000190   0x00000190   0x00000024   Code   RO         3250    .text               mc_p.l(init.o)
    0x000001b4   0x000001b4   0x00000006   Code   RO         1332    i.ADC_ClearIntPendingBit  ht32f5xxxx_adc.o
    0x000001ba   0x000001ba   0x00000012   Code   RO         1333    i.ADC_Cmd           ht32f5xxxx_adc.o
    0x000001cc   0x000001cc   0x000000c4   Code   RO            3    i.ADC_Configuration  main.o
    0x00000290   0x00000290   0x0000000c   Code   RO         1336    i.ADC_GetFlagStatus  ht32f5xxxx_adc.o
    0x0000029c   0x0000029c   0x0000002c   Code   RO            4    i.ADC_Group1Config  main.o
    0x000002c8   0x000002c8   0x0000002c   Code   RO            5    i.ADC_Group2Config  main.o
    0x000002f4   0x000002f4   0x000000b8   Code   RO            6    i.ADC_GroupProcess  main.o
    0x000003ac   0x000003ac   0x0000001c   Code   RO            7    i.ADC_Group_SoftwareStart  main.o
    0x000003c8   0x000003c8   0x00000008   Code   RO          245    i.ADC_IRQHandler    ht32f5xxxx_01_it.o
    0x000003d0   0x000003d0   0x00000012   Code   RO         1338    i.ADC_IntConfig     ht32f5xxxx_adc.o
    0x000003e2   0x000003e2   0x0000001a   Code   RO         1340    i.ADC_RegularGroupConfig  ht32f5xxxx_adc.o
    0x000003fc   0x000003fc   0x0000000e   Code   RO         1341    i.ADC_RegularTrigConfig  ht32f5xxxx_adc.o
    0x0000040a   0x0000040a   0x00000004   Code   RO         1343    i.ADC_SamplingTimeConfig  ht32f5xxxx_adc.o
    0x0000040e   0x0000040e   0x00000014   Code   RO         1344    i.ADC_SoftwareStartConvCmd  ht32f5xxxx_adc.o
    0x00000422   0x00000422   0x00000002   PAD
    0x00000424   0x00000424   0x00000024   Code   RO            9    i.ADC_Test_MainRoutine_Softwre  main.o
    0x00000448   0x00000448   0x00000260   Code   RO           11    i.ADC_Test_ShowResult  main.o
    0x000006a8   0x000006a8   0x00000010   Code   RO           12    i.ADC_TriggerConfig_Software  main.o
    0x000006b8   0x000006b8   0x00000058   Code   RO         1953    i.AFIO_GPxConfig    ht32f5xxxx_gpio.o
    0x00000710   0x00000710   0x00000012   Code   RO           14    i.CKCU_Configuration  main.o
    0x00000722   0x00000722   0x00000002   PAD
    0x00000724   0x00000724   0x00000064   Code   RO         1520    i.CKCU_GetClocksFrequency  ht32f5xxxx_ckcu.o
    0x00000788   0x00000788   0x00000034   Code   RO         1522    i.CKCU_GetPeripFrequency  ht32f5xxxx_ckcu.o
    0x000007bc   0x000007bc   0x00000028   Code   RO         1534    i.CKCU_PeripClockConfig  ht32f5xxxx_ckcu.o
    0x000007e4   0x000007e4   0x00000018   Code   RO         1535    i.CKCU_SetADCnPrescaler  ht32f5xxxx_ckcu.o
    0x000007fc   0x000007fc   0x00000010   Code   RO         1956    i.GPIO_DirectionConfig  ht32f5xxxx_gpio.o
    0x0000080c   0x0000080c   0x00000030   Code   RO         1957    i.GPIO_DriveConfig  ht32f5xxxx_gpio.o
    0x0000083c   0x0000083c   0x0000002a   Code   RO         1964    i.GPIO_PullResistorConfig  ht32f5xxxx_gpio.o
    0x00000866   0x00000866   0x00000002   PAD
    0x00000868   0x00000868   0x00000050   Code   RO         2567    i.HT32F_DVB_COMInit  ht32_board.o
    0x000008b8   0x000008b8   0x00000058   Code   RO         2568    i.HT32F_DVB_LEDInit  ht32_board.o
    0x00000910   0x00000910   0x00000018   Code   RO         2569    i.HT32F_DVB_LEDOff  ht32_board.o
    0x00000928   0x00000928   0x00000020   Code   RO         2571    i.HT32F_DVB_LEDToggle  ht32_board.o
    0x00000948   0x00000948   0x00000010   Code   RO          246    i.HardFault_Handler  ht32f5xxxx_01_it.o
    0x00000958   0x00000958   0x00000002   Code   RO          247    i.NMI_Handler       ht32f5xxxx_01_it.o
    0x0000095a   0x0000095a   0x0000000c   Code   RO           15    i.NVIC_Configuration  main.o
    0x00000966   0x00000966   0x00000002   PAD
    0x00000968   0x00000968   0x00000014   Code   RO          345    i.NVIC_SetVectorTable  ht32_cm0plus_misc.o
    0x0000097c   0x0000097c   0x00000002   Code   RO          248    i.PendSV_Handler    ht32f5xxxx_01_it.o
    0x0000097e   0x0000097e   0x0000001e   Code   RO         2469    i.RETARGET_Configuration  ht32_retarget.o
    0x0000099c   0x0000099c   0x00000014   Code   RO         2535    i.SERIAL_PutChar    ht32_serial.o
    0x000009b0   0x000009b0   0x00000002   Code   RO          249    i.SVC_Handler       ht32f5xxxx_01_it.o
    0x000009b2   0x000009b2   0x00000002   PAD
    0x000009b4   0x000009b4   0x00000018   Code   RO          348    i.SYSTICK_ClockSourceConfig  ht32_cm0plus_misc.o
    0x000009cc   0x000009cc   0x00000024   Code   RO          349    i.SYSTICK_CounterCmd  ht32_cm0plus_misc.o
    0x000009f0   0x000009f0   0x00000018   Code   RO          350    i.SYSTICK_IntConfig  ht32_cm0plus_misc.o
    0x00000a08   0x00000a08   0x0000000c   Code   RO          351    i.SYSTICK_SetReloadValue  ht32_cm0plus_misc.o
    0x00000a14   0x00000a14   0x0000002c   Code   RO           16    i.SysTick_Configuration  main.o
    0x00000a40   0x00000a40   0x00000010   Code   RO          250    i.SysTick_Handler   ht32f5xxxx_01_it.o
    0x00000a50   0x00000a50   0x00000074   Code   RO          305    i.SystemInit        system_ht32f5xxxx_04.o
    0x00000ac4   0x00000ac4   0x0000006c   Code   RO          442    i.USART_Init        ht32f5xxxx_usart.o
    0x00000b30   0x00000b30   0x00000014   Code   RO          463    i.USART_TxRxCmd     ht32f5xxxx_usart.o
    0x00000b44   0x00000b44   0x0000003c   Code   RO         2574    i._HT32F_DVB_ClockConfig  ht32_board.o
    0x00000b80   0x00000b80   0x00000020   Code   RO         3007    i.__0printf$1       mc_p.l(printf1.o)
    0x00000ba0   0x00000ba0   0x0000000e   Code   RO         3264    i.__scatterload_copy  mc_p.l(handlers.o)
    0x00000bae   0x00000bae   0x00000002   Code   RO         3265    i.__scatterload_null  mc_p.l(handlers.o)
    0x00000bb0   0x00000bb0   0x0000000e   Code   RO         3266    i.__scatterload_zeroinit  mc_p.l(handlers.o)
    0x00000bbe   0x00000bbe   0x00000002   PAD
    0x00000bc0   0x00000bc0   0x00000150   Code   RO         3014    i._printf_core      mc_p.l(printf1.o)
    0x00000d10   0x00000d10   0x00000008   Code   RO         2474    i.fputc             ht32_retarget.o
    0x00000d18   0x00000d18   0x0000002e   Code   RO           18    i.main              main.o
    0x00000d46   0x00000d46   0x00000002   PAD
    0x00000d48   0x00000d48   0x00000044   Data   RO         2575    .constdata          ht32_board.o
    0x00000d8c   0x00000d8c   0x00000020   Data   RO         3262    Region$$Table       anon$$obj.o


    Execution Region ER_RW (Exec base: 0x20000000, Load base: 0x00000dac, Size: 0x00000018, Max: 0xffffffff, ABSOLUTE)

    Exec Addr    Load Addr    Size         Type   Attr      Idx    E Section Name        Object

    0x20000000   0x00000dac   0x0000000c   Data   RW           20    .data               main.o
    0x2000000c   0x00000db8   0x00000004   Data   RW          251    .data               ht32f5xxxx_01_it.o
    0x20000010   0x00000dbc   0x00000004   Data   RW          306    .data               system_ht32f5xxxx_04.o
    0x20000014   0x00000dc0   0x00000004   Data   RW         2475    .data               ht32_retarget.o


    Execution Region ER_ZI (Exec base: 0x20000018, Load base: 0x00000dc4, Size: 0x00000240, Max: 0xffffffff, ABSOLUTE)

    Exec Addr    Load Addr    Size         Type   Attr      Idx    E Section Name        Object

    0x20000018        -       0x00000040   Zero   RW           19    .bss                main.o
    0x20000058        -       0x00000200   Zero   RW          334    STACK               startup_ht32f5xxxx_02.o


==============================================================================

Image component sizes


      Code (inc. data)   RO Data    RW Data    ZI Data      Debug   Object Name

       284         18         68          0          0       8004   ht32_board.o
       116         26          0          0          0       2908   ht32_cm0plus_misc.o
        38          0          0          4          0       3107   ht32_retarget.o
        20          6          0          0          0        545   ht32_serial.o
        46         12          0          4          0       2676   ht32f5xxxx_01_it.o
       118          0          0          0          0       5392   ht32f5xxxx_adc.o
       216         26          0          0          0       5169   ht32f5xxxx_ckcu.o
       194          6          0          0          0       3665   ht32f5xxxx_gpio.o
       128         14          0          0          0       2461   ht32f5xxxx_usart.o
      1276        416          0         12         64      49930   main.o
       336        218          0          0        512        688   startup_ht32f5xxxx_02.o
       116         10          0          4          0       1399   system_ht32f5xxxx_04.o

    ----------------------------------------------------------------------
      2900        752        100         24        576      85944   Object Totals
         0          0         32          0          0          0   (incl. Generated)
        12          0          0          0          0          0   (incl. Padding)

    ----------------------------------------------------------------------

      Code (inc. data)   RO Data    RW Data    ZI Data      Debug   Library Member Name

         0          0          0          0          0          0   entry.o
         0          0          0          0          0          0   entry10a.o
         0          0          0          0          0          0   entry11a.o
         8          4          0          0          0          0   entry2.o
         4          0          0          0          0          0   entry5.o
         0          0          0          0          0          0   entry7b.o
         0          0          0          0          0          0   entry8b.o
         8          4          0          0          0          0   entry9a.o
        30          0          0          0          0          0   handlers.o
        36          8          0          0          0         68   init.o
       368         12          0          0          0        168   printf1.o
        44          0          0          0          0         72   uidiv.o

    ----------------------------------------------------------------------
       500         28          0          0          0        308   Library Totals
         2          0          0          0          0          0   (incl. Padding)

    ----------------------------------------------------------------------

      Code (inc. data)   RO Data    RW Data    ZI Data      Debug   Library Name

       498         28          0          0          0        308   mc_p.l

    ----------------------------------------------------------------------
       500         28          0          0          0        308   Library Totals

    ----------------------------------------------------------------------

==============================================================================


      Code (inc. data)   RO Data    RW Data    ZI Data      Debug   

      3400        780        100         24        576      84292   Grand Totals
      3400        780        100         24        576      84292   ELF Image Totals
      3400        780        100         24          0          0   ROM Totals

==============================================================================

    Total RO  Size (Code + RO Data)                 3500 (   3.42kB)
    Total RW  Size (RW Data + ZI Data)               600 (   0.59kB)
    Total ROM Size (Code + RO Data + RW Data)       3524 (   3.44kB)

==============================================================================

